04-04 22:25:27.241  9660  9660 I Finsky:background: [2] PIM: Ignore install package event for: com.google.android.youtube, isid: r-sGlrLOR5epqrt2tmCi7g
04-04 22:25:27.251  9660 10321 I Finsky:background: [95] IQ: Notifying installation update. [Package:com.google.android.youtube, isid:r-sGlrLOR5epqrt2tmCi7g] state:DOWNLOADING, status=DOWNLOADING, status_code=0, reason=rapid_auto_update, tsc=PT40.882S, attempt=0
04-04 22:25:27.267  9639  9639 I Finsky  : [2] DL: Data loader session turned off due to Incremental install not requested: com.google.android.youtube
04-04 22:25:27.277   543   958 I ActivityManager: Flag disabled. Ignoring finishAttachApplication from uid: 10190. pid: 10512
04-04 22:25:27.384 10512 10535 D libEGL  : loaded /vendor/lib64/egl/libEGL_emulation.so
04-04 22:25:27.402 10512 10535 D libEGL  : loaded /vendor/lib64/egl/libGLESv1_CM_emulation.so
04-04 22:25:27.413 10512 10535 D libEGL  : loaded /vendor/lib64/egl/libGLESv2_emulation.so
04-04 22:25:27.427  9660  9660 I Finsky:background: [2] PIM: Ignore install package event for: com.google.android.youtube, isid: r-sGlrLOR5epqrt2tmCi7g
04-04 22:25:27.443  9660 10341 I Finsky:background: [105] RF::PP-Copy: Finished copying from input stream for config.xxhdpi
04-04 22:25:27.449  9660 10321 I Finsky:background: [95] IQ: Notifying installation update. [Package:com.google.android.youtube, isid:r-sGlrLOR5epqrt2tmCi7g] state:DOWNLOADING, status=DOWNLOADING, status_code=0, reason=rapid_auto_update, tsc=PT41.08S, attempt=0
04-04 22:25:27.462  9660  9964 I Finsky:background: [85] DSC::L: Update all listeners for download <15:RUNNING:33%[33%]> in group com.google.android.youtube:r-sGlrLOR5epqrt2tmCi7g
04-04 22:25:27.463  9660  9964 I Finsky:background: [85] DSC::L: Updating listener DownloadServiceManagerListener::rzy@5aab94b for download <15:RUNNING:33%[33%]>
04-04 22:25:27.464  9660  9964 I Finsky:background: [85] DSC::L: Updating listener DownloadServiceManagerListener::amrb@a9d5272 for download <15:RUNNING:33%[33%]>
04-04 22:25:27.464  9660  9964 I Finsky:background: [85] DS: Received onProgress request_id=15
04-04 22:25:27.465  9660  9964 I Finsky:background: [85] RM: receive resource status onProgress download_request_id=15, group_id=com.google.android.youtube.apk reason: rapid_auto_update isid: r-sGlrLOR5epqrt2tmCi7g, status_code=RESOURCE_STATUS_IN_PROGRESS, legacy_status_code=192, size: 7741392/22848372
04-04 22:25:27.471  9639  9639 I Finsky  : [2] DL: Data loader session turned off due to Incremental install not requested: com.google.android.youtube
04-04 22:25:27.471 10512 10512 D AppCompatDelegate: Checking for metadata for AppLocalesMetadataHolderService : Service not found
04-04 22:25:27.483  9639  9639 I Finsky  : [2] IQ::HLD: if pauseAppUpdates is called now, it must wait for these ongoing installs: [[Package:com.google.android.youtube, isid:r-sGlrLOR5epqrt2tmCi7g] state:DOWNLOADING]
04-04 22:25:27.497  9660  9964 I Finsky:background: [85] DSC::L: Updating listener ucj@927ef28 for download <15:RUNNING:33%[33%]>
04-04 22:25:27.498  9660  9964 I Finsky:background: [85] DS::IDC: updateWith: <15:RUNNING:33%[33%]>
04-04 22:25:27.511  9660  9752 I Finsky:background: [59] RM: getStatus resourceRequestId=56e4433f-efed-495a-9b5a-e8287b88e4ae requestId=15 package=com.google.android.youtube artifact=com.google.android.youtube.apk isid=r-sGlrLOR5epqrt2tmCi7g
04-04 22:25:27.525  9660  9752 I Finsky:background: [59] DSC: reviveDownload(15)
04-04 22:25:27.529  9660  9742 I Finsky:background: [56] DS: reviveDownload(request_id=15)
04-04 22:25:27.542  9660  9964 I Finsky:background: [85] DS: DS: onReviveDownload(request_id=15, files_to_download=[com.google.android.youtube.apk(size:22848372)], context[group_id=com.google.android.youtube:r-sGlrLOR5epqrt2tmCi7g], display_data[invisible=true, title=Required app update], network_restrictions=ANY_NETWORK status=running, bytes_downloaded=7741392, total_bytes=22848372, retry[count=0, next_retry=n/a])
04-04 22:25:27.563  9660  9660 I Finsky:background: [2] RF: onProgress request_id=15 isid=r-sGlrLOR5epqrt2tmCi7g
04-04 22:25:27.564  9660  9660 I Finsky:background: [2] RF: resourceStatus for request_id=15 group=com.google.android.youtube artifact=com.google.android.youtube.apk collectedBytes= 7741392 / 22848372
04-04 22:25:27.564  9660  9660 I Finsky:background: [2] RF: Group=com.google.android.youtube totalBytesDownloaded= 20647310 / 50239527 for 5 artifacts
04-04 22:25:27.571  9660  9660 I Finsky:background: [2] RF: Preventing total bytes update to listeners
04-04 22:25:27.589  9660  9660 I Finsky:background: [2] PIM: Ignore install package event for: com.google.android.youtube, isid: r-sGlrLOR5epqrt2tmCi7g
04-04 22:25:27.594  9660  9735 I Finsky:background: [53] RF::PP-Verify: starting to verify for com.google.android.youtube[iid:1] [isid:r-sGlrLOR5epqrt2tmCi7g] [tid: 1000000001].
04-04 22:25:27.613  9639  9639 I Finsky  : [2] DL: Data loader session turned off due to Incremental install not requested: com.google.android.youtube
04-04 22:25:27.615  9639  9639 I Finsky  : [2] IQ::HLD: if pauseAppUpdates is called now, it must wait for these ongoing installs: [[Package:com.google.android.youtube, isid:r-sGlrLOR5epqrt2tmCi7g] state:DOWNLOADING]
04-04 22:25:27.662  9639  9639 I Finsky  : [2] IQ::HLD: if pauseAppUpdates is called now, it must wait for these ongoing installs: [[Package:com.google.android.youtube, isid:r-sGlrLOR5epqrt2tmCi7g] state:DOWNLOADING]
04-04 22:25:27.700  9660  9743 I Finsky:background: [57] RM: remove resources for request bda94b5d-3fc3-40cc-b71d-d2861bb596b1
04-04 22:25:27.704  9660  9754 I Finsky:background: [60] RM: remove resourceRequestId=bda94b5d-3fc3-40cc-b71d-d2861bb596b1 requestId=16 package=com.google.android.youtube artifact=config.xxhdpi isid=r-sGlrLOR5epqrt2tmCi7g
04-04 22:25:27.706  9660  9754 I Finsky:background: [60] DSC: remove(16)
04-04 22:25:27.720  9660  9742 I Finsky:background: [56] DS: remove(request_id=16)
04-04 22:25:27.854  9660  9964 I Finsky:background: [85] DS: DS: onRemove(request_id=16, files_to_download=[config.xxhdpi(size:2159484)], context[group_id=com.google.android.youtube:r-sGlrLOR5epqrt2tmCi7g], display_data[invisible=true, title=Required app update], network_restrictions=ANY_NETWORK status=succeeded, bytes_downloaded=2159484, total_bytes=2159484, retry[count=0, next_retry=n/a])
04-04 22:25:27.881   543   632 D ActivityManager: freezing 10207 com.google.android.configupdater
04-04 22:25:27.946 10512 10512 W de.myfrya.app: Accessing hidden method Landroid/view/ViewGroup;->makeOptionalFitsSystemWindows()V (unsupported, reflection, allowed)
04-04 22:25:28.062 10512 10512 I WebViewFactory: Loading com.google.android.webview version 113.0.5672.136 (code 567263637)
04-04 22:25:28.083 10512 10512 W ziparchive: Unable to open '/data/app/~~w0Am91fxz65H7IpHF3fmSw==/com.google.android.trichromelibrary_567263637-mZ_C5lc0tCp5zIolkp4GdA==/TrichromeLibrary.dm': No such file or directory
04-04 22:25:28.083 10512 10512 W ziparchive: Unable to open '/data/app/~~w0Am91fxz65H7IpHF3fmSw==/com.google.android.trichromelibrary_567263637-mZ_C5lc0tCp5zIolkp4GdA==/TrichromeLibrary.dm': No such file or directory
04-04 22:25:28.084 10512 10512 W de.myfrya.app: Entry not found
04-04 22:25:28.087 10512 10512 D nativeloader: Configuring clns-7 for other apk /data/app/~~w0Am91fxz65H7IpHF3fmSw==/com.google.android.trichromelibrary_567263637-mZ_C5lc0tCp5zIolkp4GdA==/TrichromeLibrary.apk. target_sdk_version=34, uses_libraries=ALL, library_path=/data/app/~~dIgRmyFrapCVjbFbT0A8qg==/com.google.android.webview-AGCIYxKiypCA0p7zNAum8w==/lib/x86_64:/data/app/~~dIgRmyFrapCVjbFbT0A8qg==/com.google.android.webview-AGCIYxKiypCA0p7zNAum8w==/WebViewGoogle.apk!/lib/x86_64:/data/app/~~w0Am91fxz65H7IpHF3fmSw==/com.google.android.trichromelibrary_567263637-mZ_C5lc0tCp5zIolkp4GdA==/TrichromeLibrary.apk!/lib/x86_64, permitted_path=/data:/mnt/expand
04-04 22:25:28.131   543   958 I AppsFilter: interaction: PackageSetting{62bde6a de.myfrya.app/10190} -> PackageSetting{d56af26 com.android.cts.priv.ctsshim/10184} BLOCKED
04-04 22:25:28.131   543   958 I AppsFilter: interaction: PackageSetting{62bde6a de.myfrya.app/10190} -> PackageSetting{4aa5767 com.google.android.youtube/10139} BLOCKED
04-04 22:25:28.131   543   958 I AppsFilter: interaction: PackageSetting{62bde6a de.myfrya.app/10190} -> PackageSetting{3d2c914 com.android.internal.display.cutout.emulation.corner/10050} BLOCKED
04-04 22:25:28.131   543   958 I AppsFilter: interaction: PackageSetting{62bde6a de.myfrya.app/10190} -> PackageSetting{37be5bd com.android.internal.display.cutout.emulation.double/10056} BLOCKED
04-04 22:25:28.131   543   958 I AppsFilter: interaction: PackageSetting{62bde6a de.myfrya.app/10190} -> PackageSetting{8ee97b2 com.google.android.googlequicksearchbox/10132} BLOCKED
04-04 22:25:28.131   543   958 I AppsFilter: interaction: PackageSetting{62bde6a de.myfrya.app/10190} -> PackageSetting{57b0303 com.google.android.onetimeinitializer/10118} BLOCKED
04-04 22:25:28.131   543   958 I AppsFilter: interaction: PackageSetting{62bde6a de.myfrya.app/10190} -> PackageSetting{79d6280 com.google.android.ext.shared/10109} BLOCKED
04-04 22:25:28.131   543   958 I AppsFilter: interaction: PackageSetting{62bde6a de.myfrya.app/10190} -> PackageSetting{10620b9 com.android.internal.systemui.navbar.gestural_wide_back/10039} BLOCKED
04-04 22:25:28.131   543   958 I AppsFilter: interaction: PackageSetting{62bde6a de.myfrya.app/10190} -> PackageSetting{5aa7cfe com.android.virtualmachine.res/10179} BLOCKED
04-04 22:25:28.131   543   958 I AppsFilter: interaction: PackageSetting{62bde6a de.myfrya.app/10190} -> PackageSetting{620cc5f com.google.android.federatedcompute/10183} BLOCKED
04-04 22:25:28.131   543   958 I AppsFilter: interaction: PackageSetting{62bde6a de.myfrya.app/10190} -> PackageSetting{ab626ac com.android.managedprovisioning.auto_generated_rro_product__/10001} BLOCKED
04-04 22:25:28.131   543   958 I AppsFilter: interaction: PackageSetting{62bde6a de.myfrya.app/10190} -> PackageSetting{45f0f75 com.android.carrierconfig.auto_generated_rro_vendor__/10075} BLOCKED
04-04 22:25:28.131   543   958 I AppsFilter: interaction: PackageSetting{62bde6a de.myfrya.app/10190} -> PackageSetting{cad6b0a com.android.systemui.emulation.pixel_3_xl/10063} BLOCKED
04-04 22:25:28.131   543   958 I AppsFilter: interaction: PackageSetting{62bde6a de.myfrya.app/10190} -> PackageSetting{2fcf7b com.android.systemui.emulation.pixel_4_xl/10070} BLOCKED
04-04 22:25:28.131   543   958 I AppsFilter: interaction: PackageSetting{62bde6a de.myfrya.app/10190} -> PackageSetting{9b50198 com.android.systemui.emulation.pixel_fold/10010} BLOCKED
04-04 22:25:28.131   543   958 I AppsFilter: interaction: PackageSetting{62bde6a de.myfrya.app/10190} -> PackageSetting{c1e2df1 com.android.simappdialog.auto_generated_rro_product__/10020} BLOCKED
04-04 22:25:28.132   543   958 I AppsFilter: interaction: PackageSetting{62bde6a de.myfrya.app/10190} -> PackageSetting{43f2dd6 com.android.htmlviewer/10113} BLOCKED
04-04 22:25:28.132   543   958 I AppsFilter: interaction: PackageSetting{62bde6a de.myfrya.app/10190} -> PackageSetting{861e857 com.google.android.health.connect.backuprestore/10169} BLOCKED
04-04 22:25:28.132   543   958 I AppsFilter: interaction: PackageSetting{62bde6a de.myfrya.app/10190} -> PackageSetting{c49f44 com.android.systemui.auto_generated_rro_product__/10062} BLOCKED
04-04 22:25:28.132   543   958 I AppsFilter: interaction: PackageSetting{62bde6a de.myfrya.app/10190} -> PackageSetting{10af614 com.google.android.apps.messaging/10130} BLOCKED
04-04 22:25:28.133   543   958 I AppsFilter: interaction: PackageSetting{62bde6a de.myfrya.app/10190} -> PackageSetting{d585162 com.google.android.soundpicker/10145} BLOCKED
04-04 22:25:28.133   543   958 I AppsFilter: interaction: PackageSetting{62bde6a de.myfrya.app/10190} -> PackageSetting{b32b2f3 com.google.android.configupdater/10129} BLOCKED
04-04 22:25:28.133   543   958 I AppsFilter: interaction: PackageSetting{62bde6a de.myfrya.app/10190} -> PackageSetting{20e6bb0 com.android.internal.emulation.pixel_3a_xl/10024} BLOCKED
04-04 22:25:28.133   543   958 I AppsFilter: interaction: PackageSetting{62bde6a de.myfrya.app/10190} -> PackageSetting{f13aa29 com.android.internal.emulation.pixel_6_pro/10060} BLOCKED
04-04 22:25:28.133   543   958 I AppsFilter: interaction: PackageSetting{62bde6a de.myfrya.app/10190} -> PackageSetting{dee21ae com.android.internal.emulation.pixel_7_pro/10007} BLOCKED
04-04 22:25:28.133   543   958 I AppsFilter: interaction: PackageSetting{62bde6a de.myfrya.app/10190} -> PackageSetting{73b8b4f com.android.internal.emulation.pixel_8_pro/10045} BLOCKED
04-04 22:25:28.133   543   958 I AppsFilter: interaction: PackageSetting{62bde6a de.myfrya.app/10190} -> PackageSetting{6e692dc com.android.internal.emulation.pixel_3a/10035} BLOCKED
04-04 22:25:28.133   543   958 I AppsFilter: interaction: PackageSetting{62bde6a de.myfrya.app/10190} -> PackageSetting{313bfe5 com.android.internal.emulation.pixel_4a/10033} BLOCKED
04-04 22:25:28.133   543   958 I AppsFilter: interaction: PackageSetting{62bde6a de.myfrya.app/10190} -> PackageSetting{3feaaba com.android.internal.emulation.pixel_6a/10043} BLOCKED
04-04 22:25:28.133   543   958 I AppsFilter: interaction: PackageSetting{62bde6a de.myfrya.app/10190} -> PackageSetting{14f8d6b com.android.internal.emulation.pixel_7a/10072} BLOCKED
04-04 22:25:28.133   543   958 I AppsFilter: interaction: PackageSetting{62bde6a de.myfrya.app/10190} -> PackageSetting{7b800c8 com.google.android.overlay.googlewebview/10028} BLOCKED
04-04 22:25:28.133   543   958 I AppsFilter: interaction: PackageSetting{62bde6a de.myfrya.app/10190} -> PackageSetting{c457561 com.google.android.hotspot2.osulogin/10187} BLOCKED
04-04 22:25:28.133   543   958 I AppsFilter: interaction: PackageSetting{62bde6a de.myfrya.app/10190} -> PackageSetting{d5cb886 com.android.simappdialog/10112} BLOCKED
04-04 22:25:28.133   543   958 I AppsFilter: interaction: PackageSetting{62bde6a de.myfrya.app/10190} -> PackageSetting{e579547 com.android.internal.display.cutout.emulation.hole/10017} BLOCKED
04-04 22:25:28.133   543   958 I AppsFilter: interaction: PackageSetting{62bde6a de.myfrya.app/10190} -> PackageSetting{6b06174 com.android.internal.display.cutout.emulation.tall/10037} BLOCKED
04-04 22:25:28.133   543   958 I AppsFilter: interaction: PackageSetting{62bde6a de.myfrya.app/10190} -> PackageSetting{a83069d com.android.internal.systemui.navbar.threebutton/10003} BLOCKED
04-04 22:25:28.133   543   958 I AppsFilter: interaction: PackageSetting{62bde6a de.myfrya.app/10190} -> PackageSetting{3bd712 com.android.camera2/10149} BLOCKED
04-04 22:25:28.133   543   958 I AppsFilter: interaction: PackageSetting{62bde6a de.myfrya.app/10190} -> PackageSetting{eee3ee3 com.android.systemui.auto_generated_rro_vendor__/10077} BLOCKED
04-04 22:25:28.133   543   958 I AppsFilter: interaction: PackageSetting{62bde6a de.myfrya.app/10190} -> PackageSetting{92c20e0 com.google.android.deskclock/10141} BLOCKED
04-04 22:25:28.133   543   958 I AppsFilter: interaction: PackageSetting{62bde6a de.myfrya.app/10190} -> PackageSetting{70e6f99 com.android.internal.systemui.navbar.twobutton/10013} BLOCKED
04-04 22:25:28.133   543   958 I AppsFilter: interaction: PackageSetting{62bde6a de.myfrya.app/10190} -> PackageSetting{64e9e91 com.google.android.as/10126} BLOCKED
04-04 22:25:28.133   543   958 I AppsFilter: interaction: PackageSetting{62bde6a de.myfrya.app/10190} -> PackageSetting{8bbe63f com.google.android.gm/10144} BLOCKED
04-04 22:25:28.133   543   958 I AppsFilter: interaction: PackageSetting{62bde6a de.myfrya.app/10190} -> PackageSetting{be26b0c com.android.internal.systemui.navbar.gestural_extra_wide_back/10012} BLOCKED
04-04 22:25:28.133   543   958 I AppsFilter: interaction: PackageSetting{62bde6a de.myfrya.app/10190} -> PackageSetting{34d6c55 com.android.systemui.emulation.pixel_3/10002} BLOCKED
04-04 22:25:28.133   543   958 I AppsFilter: interaction: PackageSetting{62bde6a de.myfrya.app/10190} -> PackageSetting{db7366a com.android.systemui.emulation.pixel_4/10023} BLOCKED
04-04 22:25:28.133   543   958 I AppsFilter: interaction: PackageSetting{62bde6a de.myfrya.app/10190} -> PackageSetting{992a75b com.android.systemui.emulation.pixel_5/10019} BLOCKED
04-04 22:25:28.133   543   958 I AppsFilter: interaction: PackageSetting{62bde6a de.myfrya.app/10190} -> PackageSetting{dd12bf8 com.android.systemui.emulation.pixel_6/10055} BLOCKED
04-04 22:25:28.133   543   958 I AppsFilter: interaction: PackageSetting{62bde6a de.myfrya.app/10190} -> PackageSetting{74578d1 com.android.systemui.emulation.pixel_7/10061} BLOCKED
04-04 22:25:28.133   543   958 I AppsFilter: interaction: PackageSetting{62bde6a de.myfrya.app/10190} -> PackageSetting{60a4f36 com.android.systemui.emulation.pixel_8/10022} BLOCKED
04-04 22:25:28.133   543   958 I AppsFilter: interaction: PackageSetting{62bde6a de.myfrya.app/10190} -> PackageSetting{4a5e37 com.android.nfc.auto_generated_rro_product__/10073} BLOCKED
04-04 22:25:28.133   543   958 I AppsFilter: interaction: PackageSetting{62bde6a de.myfrya.app/10190} -> PackageSetting{de90fa4 com.android.printspooler/10101} BLOCKED
04-04 22:25:28.133   543   958 I AppsFilter: interaction: PackageSetting{62bde6a de.myfrya.app/10190} -> PackageSetting{bd7d10d com.android.emergency.auto_generated_rro_product__/10018} BLOCKED
04-04 22:25:28.133   543   958 I AppsFilter: interaction: PackageSetting{62bde6a de.myfrya.app/10190} -> PackageSetting{9a428c2 com.google.android.connectivity.resources.goldfish.overlay/10079} BLOCKED
04-04 22:25:28.133   543   958 I AppsFilter: interaction: PackageSetting{62bde6a de.myfrya.app/10190} -> PackageSetting{75ca6d3 com.android.dreams.basic/10107} BLOCKED
04-04 22:25:28.133   543   958 I AppsFilter: interaction: PackageSetting{62bde6a de.myfrya.app/10190} -> PackageSetting{7798210 com.google.android.networkstack.tethering.emulator/10059} BLOCKED
04-04 22:25:28.133   543   958 I AppsFilter: interaction: PackageSetting{62bde6a de.myfrya.app/10190} -> PackageSetting{cbd7109 com.android.providers.settings.auto_generated_rro_product__/10048} BLOCKED
04-04 22:25:28.134   543   958 I AppsFilter: interaction: PackageSetting{62bde6a de.myfrya.app/10190} -> PackageSetting{b100f0e com.google.android.as.oss/10116} BLOCKED
04-04 22:25:28.134   543   958 I AppsFilter: interaction: PackageSetting{62bde6a de.myfrya.app/10190} -> PackageSetting{d40dd2f com.android.traceur.auto_generated_rro_product__/10064} BLOCKED
04-04 22:25:28.134   543   958 I AppsFilter: interaction: PackageSetting{62bde6a de.myfrya.app/10190} -> PackageSetting{95caf3c com.google.android.devicelockcontroller/10171} BLOCKED
04-04 22:25:28.134   543   958 I AppsFilter: interaction: PackageSetting{62bde6a de.myfrya.app/10190} -> PackageSetting{e4314c5 com.google.android.dialer/10125} BLOCKED
04-04 22:25:28.134   543   958 I AppsFilter: interaction: PackageSetting{62bde6a de.myfrya.app/10190} -> PackageSetting{8420e1a com.android.internal.emulation.pixel_3/10041} BLOCKED
04-04 22:25:28.134   543   958 I AppsFilter: interaction: PackageSetting{62bde6a de.myfrya.app/10190} -> PackageSetting{6881d4b com.android.internal.emulation.pixel_4/10040} BLOCKED
04-04 22:25:28.134   543   958 I AppsFilter: interaction: PackageSetting{62bde6a de.myfrya.app/10190} -> PackageSetting{3e38328 com.android.internal.emulation.pixel_5/10014} BLOCKED
04-04 22:25:28.134   543   958 I AppsFilter: interaction: PackageSetting{62bde6a de.myfrya.app/10190} -> PackageSetting{2c53841 com.android.internal.emulation.pixel_6/10052} BLOCKED
04-04 22:25:28.134   543   958 I AppsFilter: interaction: PackageSetting{62bde6a de.myfrya.app/10190} -> PackageSetting{862f1e6 com.android.internal.emulation.pixel_7/10021} BLOCKED
04-04 22:25:28.134   543   958 I AppsFilter: interaction: PackageSetting{62bde6a de.myfrya.app/10190} -> PackageSetting{5b94327 com.android.internal.emulation.pixel_8/10054} BLOCKED
04-04 22:25:28.134   543   958 I AppsFilter: interaction: PackageSetting{62bde6a de.myfrya.app/10190} -> PackageSetting{981a9d4 com.google.android.captiveportallogin/10110} BLOCKED
04-04 22:25:28.134   543   958 I AppsFilter: interaction: PackageSetting{62bde6a de.myfrya.app/10190} -> PackageSetting{bec177d com.android.musicfx/10086} BLOCKED
04-04 22:25:28.134   543   958 I AppsFilter: interaction: PackageSetting{62bde6a de.myfrya.app/10190} -> PackageSetting{a5c4672 com.google.android.apps.docs/10153} BLOCKED
04-04 22:25:28.134   543   958 I AppsFilter: interaction: PackageSetting{62bde6a de.myfrya.app/10190} -> PackageSetting{120662b com.google.android.apps.maps/10142} BLOCKED
04-04 22:25:28.134   543   958 I AppsFilter: interaction: PackageSetting{62bde6a de.myfrya.app/10190} -> PackageSetting{4eceac3 com.google.android.modulemetadata/10148} BLOCKED
04-04 22:25:28.134   543   958 I AppsFilter: interaction: PackageSetting{62bde6a de.myfrya.app/10190} -> PackageSetting{e398f40 com.google.android.markup/10138} BLOCKED
04-04 22:25:28.134   543   958 I AppsFilter: interaction: PackageSetting{62bde6a de.myfrya.app/10190} -> PackageSetting{3a7ae79 com.android.providers.settings.auto_generated_rro_vendor__/10080} BLOCKED
04-04 22:25:28.134   543   958 I AppsFilter: interaction: PackageSetting{62bde6a de.myfrya.app/10190} -> PackageSetting{2457be com.google.android.rkpdapp/10175} BLOCKED
04-04 22:25:28.134   543   958 I AppsFilter: interaction: PackageSetting{62bde6a de.myfrya.app/10190} -> PackageSetting{8efe1f6 com.google.android.contacts/10136} BLOCKED
04-04 22:25:28.134   543   958 I AppsFilter: interaction: PackageSetting{62bde6a de.myfrya.app/10190} -> PackageSetting{1c85f6c com.android.server.telecom.auto_generated_rro_product__/10004} BLOCKED
04-04 22:25:28.134   543   958 I AppsFilter: interaction: PackageSetting{62bde6a de.myfrya.app/10190} -> PackageSetting{8ebb935 com.google.android.overlay.googleconfig/10008} BLOCKED
04-04 22:25:28.134   543   958 I AppsFilter: interaction: PackageSetting{62bde6a de.myfrya.app/10190} -> PackageSetting{2ca31ca com.android.chrome/10143} BLOCKED
04-04 22:25:28.134   543   958 I AppsFilter: interaction: PackageSetting{62bde6a de.myfrya.app/10190} -> PackageSetting{77eef3b com.android.bips.auto_generated_rro_product__/10015} BLOCKED
04-04 22:25:28.134   543   958 I AppsFilter: interaction: PackageSetting{62bde6a de.myfrya.app/10190} -> PackageSetting{920658 com.google.android.apps.customization.pixel/10150} BLOCKED
04-04 22:25:28.134   543   958 I AppsFilter: interaction: PackageSetting{62bde6a de.myfrya.app/10190} -> PackageSetting{c2bb3b1 com.google.android.tag/10085} BLOCKED
04-04 22:25:28.134   543   958 I AppsFilter: interaction: PackageSetting{62bde6a de.myfrya.app/10190} -> PackageSetting{b41a096 com.google.android.overlay.permissioncontroller/10069} BLOCKED
04-04 22:25:28.134   543   958 I AppsFilter: interaction: PackageSetting{62bde6a de.myfrya.app/10190} -> PackageSetting{3e34417 com.google.android.partnersetup/10127} BLOCKED
04-04 22:25:28.134   543   958 I AppsFilter: interaction: PackageSetting{62bde6a de.myfrya.app/10190} -> PackageSetting{74d3004 com.google.android.apps.wallpaper.nexus/10135} BLOCKED
04-04 22:25:28.134   543   958 I AppsFilter: interaction: PackageSetting{62bde6a de.myfrya.app/10190} -> PackageSetting{796d9ed com.google.android.apps.nexuslauncher/10161} BLOCKED
04-04 22:25:28.134   543   958 I AppsFilter: interaction: PackageSetting{62bde6a de.myfrya.app/10190} -> PackageSetting{bef3022 com.google.android.nearby.halfsheet/10173} BLOCKED
04-04 22:25:28.134   543   958 I AppsFilter: interaction: PackageSetting{62bde6a de.myfrya.app/10190} -> PackageSetting{1ce0ab3 com.android.theme.font.notoserifsource/10053} BLOCKED
04-04 22:25:28.134 10512 10512 D nativeloader: Configuring clns-8 for other apk /data/app/~~dIgRmyFrapCVjbFbT0A8qg==/com.google.android.webview-AGCIYxKiypCA0p7zNAum8w==/WebViewGoogle.apk. target_sdk_version=34, uses_libraries=, library_path=/data/app/~~dIgRmyFrapCVjbFbT0A8qg==/com.google.android.webview-AGCIYxKiypCA0p7zNAum8w==/lib/x86_64:/data/app/~~dIgRmyFrapCVjbFbT0A8qg==/com.google.android.webview-AGCIYxKiypCA0p7zNAum8w==/WebViewGoogle.apk!/lib/x86_64:/data/app/~~w0Am91fxz65H7IpHF3fmSw==/com.google.android.trichromelibrary_567263637-mZ_C5lc0tCp5zIolkp4GdA==/TrichromeLibrary.apk!/lib/x86_64, permitted_path=/data:/mnt/expand
04-04 22:25:28.134   543   958 I AppsFilter: interaction: PackageSetting{62bde6a de.myfrya.app/10190} -> PackageSetting{56f4870 com.google.android.safetycenter.resources/10177} BLOCKED
04-04 22:25:28.134   543   958 I AppsFilter: interaction: PackageSetting{62bde6a de.myfrya.app/10190} -> PackageSetting{f1427e9 com.android.internal.display.cutout.emulation.waterfall/10057} BLOCKED
04-04 22:25:28.134   543   958 I AppsFilter: interaction: PackageSetting{62bde6a de.myfrya.app/10190} -> PackageSetting{6f42c6e com.android.internal.systemui.navbar.transparent/10016} BLOCKED
04-04 22:25:28.134   543   958 I AppsFilter: interaction: PackageSetting{62bde6a de.myfrya.app/10190} -> PackageSetting{6949f0f com.google.android.connectivity.resources/10172} BLOCKED
04-04 22:25:28.134   543   958 I AppsFilter: interaction: PackageSetting{62bde6a de.myfrya.app/10190} -> PackageSetting{a587b9c com.android.providers.contacts.auto_generated_rro_product__/10030} BLOCKED
04-04 22:25:28.134   543   958 I AppsFilter: interaction: PackageSetting{62bde6a de.myfrya.app/10190} -> PackageSetting{3fe59a5 com.google.android.feedback/10165} BLOCKED
04-04 22:25:28.134   543   958 I AppsFilter: interaction: PackageSetting{62bde6a de.myfrya.app/10190} -> PackageSetting{d3aa17a com.google.android.printservice.recommendation/10102} BLOCKED
04-04 22:25:28.134   543   958 I AppsFilter: interaction: PackageSetting{62bde6a de.myfrya.app/10190} -> PackageSetting{d861d2b com.google.android.apps.photos/10151} BLOCKED
04-04 22:25:28.134   543   958 I AppsFilter: interaction: PackageSetting{62bde6a de.myfrya.app/10190} -> PackageSetting{63296e com.google.android.calendar/10137} BLOCKED
04-04 22:25:28.134   543   958 I AppsFilter: interaction: PackageSetting{62bde6a de.myfrya.app/10190} -> PackageSetting{93fb588 com.google.android.documentsui/10098} BLOCKED
04-04 22:25:28.134   543   958 I AppsFilter: interaction: PackageSetting{62bde6a de.myfrya.app/10190} -> PackageSetting{89feb21 com.android.systemui.emulation.pixel_3a_xl/10047} BLOCKED
04-04 22:25:28.134   543   958 I AppsFilter: interaction: PackageSetting{62bde6a de.myfrya.app/10190} -> PackageSetting{2415b46 com.android.systemui.emulation.pixel_6_pro/10049} BLOCKED
04-04 22:25:28.135   543   958 I AppsFilter: interaction: PackageSetting{62bde6a de.myfrya.app/10190} -> PackageSetting{dc76107 com.android.systemui.emulation.pixel_7_pro/10005} BLOCKED
04-04 22:25:28.135   543   958 I AppsFilter: interaction: PackageSetting{62bde6a de.myfrya.app/10190} -> PackageSetting{fdea234 com.android.systemui.emulation.pixel_8_pro/10025} BLOCKED
04-04 22:25:28.135   543   958 I AppsFilter: interaction: PackageSetting{62bde6a de.myfrya.app/10190} -> PackageSetting{f6f185d com.google.mainline.telemetry/10147} BLOCKED
04-04 22:25:28.135   543   958 I AppsFilter: interaction: PackageSetting{62bde6a de.myfrya.app/10190} -> PackageSetting{a7e5d2 com.android.carrierconfig.auto_generated_rro_product__/10026} BLOCKED
04-04 22:25:28.135   543   958 I AppsFilter: interaction: PackageSetting{62bde6a de.myfrya.app/10190} -> PackageSetting{1ef06a3 com.android.providers.partnerbookmarks/10111} BLOCKED
04-04 22:25:28.135   543   958 I AppsFilter: interaction: PackageSetting{62bde6a de.myfrya.app/10190} -> PackageSetting{bddada0 com.android.wallpaper.livepicker/10091} BLOCKED
04-04 22:25:28.135   543   958 I AppsFilter: interaction: PackageSetting{62bde6a de.myfrya.app/10190} -> PackageSetting{209dd59 com.android.providers.telephony.auto_generated_rro_product__/10000} BLOCKED
04-04 22:25:28.135   543   958 I AppsFilter: interaction: PackageSetting{62bde6a de.myfrya.app/10190} -> PackageSetting{b7a8d1e com.android.phone.auto_generated_rro_vendor__/10078} BLOCKED
04-04 22:25:28.135   543   958 I AppsFilter: interaction: PackageSetting{62bde6a de.myfrya.app/10190} -> PackageSetting{d6169ff com.google.mainline.adservices/10146} BLOCKED
04-04 22:25:28.135   543   958 I AppsFilter: interaction: PackageSetting{62bde6a de.myfrya.app/10190} -> PackageSetting{b0003cc com.android.imsserviceentitlement/10124} BLOCKED
04-04 22:25:28.135   543   958 I AppsFilter: interaction: PackageSetting{62bde6a de.myfrya.app/10190} -> PackageSetting{bf1f615 com.google.android.healthconnect.controller/10168} BLOCKED
04-04 22:25:28.135   543   958 I AppsFilter: interaction: PackageSetting{62bde6a de.myfrya.app/10190} -> PackageSetting{83e5d2a com.android.internal.emulation.pixel_2_xl/10058} BLOCKED
04-04 22:25:28.135   543   958 I AppsFilter: interaction: PackageSetting{62bde6a de.myfrya.app/10190} -> PackageSetting{b6ca71b com.android.internal.emulation.pixel_3_xl/10066} BLOCKED
04-04 22:25:28.135   543   958 I AppsFilter: interaction: PackageSetting{62bde6a de.myfrya.app/10190} -> PackageSetting{20f90b8 com.android.internal.emulation.pixel_4_xl/10036} BLOCKED
04-04 22:25:28.135   543   958 I AppsFilter: interaction: PackageSetting{62bde6a de.myfrya.app/10190} -> PackageSetting{508de91 com.android.internal.emulation.pixel_fold/10009} BLOCKED
04-04 22:25:28.135   543   958 I AppsFilter: interaction: PackageSetting{62bde6a de.myfrya.app/10190} -> PackageSetting{dbd21f6 com.android.bookmarkprovider/10099} BLOCKED
04-04 22:25:28.135   543   958 I AppsFilter: interaction: PackageSetting{62bde6a de.myfrya.app/10190} -> PackageSetting{42499f7 com.google.android.overlay.pixelconfigcommon/10038} BLOCKED
04-04 22:25:28.135   543   958 I AppsFilter: interaction: PackageSetting{62bde6a de.myfrya.app/10190} -> PackageSetting{6890064 com.android.systemui.accessibility.accessibilitymenu.auto_generated_rro_product__/10034} BLOCKED
04-04 22:25:28.135   543   958 I AppsFilter: interaction: PackageSetting{62bde6a de.myfrya.app/10190} -> PackageSetting{7cbd2cd com.android.systemui.emulation.pixel_3a/10031} BLOCKED
04-04 22:25:28.135   543   958 I AppsFilter: interaction: PackageSetting{62bde6a de.myfrya.app/10190} -> PackageSetting{3916782 com.android.systemui.emulation.pixel_4a/10006} BLOCKED
04-04 22:25:28.135   543   958 I AppsFilter: interaction: PackageSetting{62bde6a de.myfrya.app/10190} -> PackageSetting{2fede93 com.android.systemui.emulation.pixel_6a/10029} BLOCKED
04-04 22:25:28.135   543   958 I AppsFilter: interaction: PackageSetting{62bde6a de.myfrya.app/10190} -> PackageSetting{707bed0 com.android.systemui.emulation.pixel_7a/10046} BLOCKED
04-04 22:25:28.135   543   958 I AppsFilter: interaction: PackageSetting{62bde6a de.myfrya.app/10190} -> PackageSetting{f4fcec9 com.google.android.settings.intelligence/10122} BLOCKED
04-04 22:25:28.135   543   958 I AppsFilter: interaction: PackageSetting{62bde6a de.myfrya.app/10190} -> PackageSetting{e0cb1da com.google.android.projection.gearhead/10121} BLOCKED
04-04 22:25:28.135   543   958 I AppsFilter: interaction: PackageSetting{62bde6a de.myfrya.app/10190} -> PackageSetting{e7279ce com.google.android.uwb.resources/10189} BLOCKED
04-04 22:25:28.135   543   958 I AppsFilter: interaction: PackageSetting{62bde6a de.myfrya.app/10190} -> PackageSetting{234560b com.android.cts.ctsshim/10185} BLOCKED
04-04 22:25:28.135   543   958 I AppsFilter: interaction: PackageSetting{62bde6a de.myfrya.app/10190} -> PackageSetting{b2ed0ef com.google.android.wifi.resources/10186} BLOCKED
04-04 22:25:28.135   543   958 I AppsFilter: interaction: PackageSetting{62bde6a de.myfrya.app/10190} -> PackageSetting{e71f7fc com.google.android.wifi.dialog/10188} BLOCKED
04-04 22:25:28.135   543   958 I AppsFilter: interaction: PackageSetting{62bde6a de.myfrya.app/10190} -> PackageSetting{8fd8e85 com.google.android.apps.wallpaper/10166} BLOCKED
04-04 22:25:28.135   543   958 I AppsFilter: interaction: PackageSetting{62bde6a de.myfrya.app/10190} -> PackageSetting{54064da com.google.android.odad/10120} BLOCKED
04-04 22:25:28.135   543   958 I AppsFilter: interaction: PackageSetting{62bde6a de.myfrya.app/10190} -> PackageSetting{5c18d0b com.android.settings.auto_generated_rro_product__/10067} BLOCKED
04-04 22:25:28.135   543   958 I AppsFilter: interaction: PackageSetting{62bde6a de.myfrya.app/10190} -> PackageSetting{de497e8 com.android.internal.systemui.navbar.gestural/10044} BLOCKED
04-04 22:25:28.135   543   958 I AppsFilter: interaction: PackageSetting{62bde6a de.myfrya.app/10190} -> PackageSetting{60d8e01 com.google.android.apps.youtube.music/10152} BLOCKED
04-04 22:25:28.135   543   958 I AppsFilter: interaction: PackageSetting{62bde6a de.myfrya.app/10190} -> PackageSetting{acff4a6 com.android.bluetoothmidiservice/10103} BLOCKED
04-04 22:25:28.135   543   958 I AppsFilter: interaction: PackageSetting{62bde6a de.myfrya.app/10190} -> PackageSetting{579eee7 com.android.storagemanager.auto_generated_rro_product__/10071} BLOCKED
04-04 22:25:28.135   543   958 I AppsFilter: interaction: PackageSetting{62bde6a de.myfrya.app/10190} -> PackageSetting{95f4a94 com.google.android.cellbroadcastreceiver/10176} BLOCKED
04-04 22:25:28.135   543   958 I AppsFilter: interaction: PackageSetting{62bde6a de.myfrya.app/10190} -> PackageSetting{8c4093d com.android.phone.auto_generated_rro_product__/10065} BLOCKED
04-04 22:25:28.135   543   958 I AppsFilter: interaction: PackageSetting{62bde6a de.myfrya.app/10190} -> PackageSetting{876b532 android.auto_generated_rro_product__/10051} BLOCKED
04-04 22:25:28.135   543   958 I AppsFilter: interaction: PackageSetting{62bde6a de.myfrya.app/10190} -> PackageSetting{c6c9283 com.android.internal.systemui.navbar.gestural_narrow_back/10032} BLOCKED
04-04 22:25:28.135   543   958 I AppsFilter: interaction: PackageSetting{62bde6a de.myfrya.app/10190} -> PackageSetting{3307c00 com.google.android.inputmethod.latin/10154} BLOCKED
04-04 22:25:28.135   543   958 I AppsFilter: interaction: PackageSetting{62bde6a de.myfrya.app/10190} -> PackageSetting{96cfc39 android.auto_generated_rro_vendor__/10076} BLOCKED
04-04 22:25:28.135   543   958 I AppsFilter: interaction: PackageSetting{62bde6a de.myfrya.app/10190} -> PackageSetting{556f27e com.google.android.apps.restore/10119} BLOCKED
04-04 22:25:28.454   543  1257 W ProcessStats: Tracking association SourceState{97190d com.google.android.googlequicksearchbox:search/10132 BTop #16844} whose proc state 2 is better than process ProcessState{6212ab6 com.google.android.gms.persistent/10128 pkg=com.google.android.gms} proc state 4 (248 skipped)
04-04 22:25:28.706 10512 10512 W de.myfrya.app: Accessing hidden method Landroid/os/Trace;->isTagEnabled(J)Z (unsupported, reflection, allowed)
04-04 22:25:28.707 10512 10512 W de.myfrya.app: Accessing hidden method Landroid/os/Trace;->traceBegin(JLjava/lang/String;)V (unsupported, reflection, allowed)
04-04 22:25:28.707 10512 10512 W de.myfrya.app: Accessing hidden method Landroid/os/Trace;->traceEnd(J)V (unsupported, reflection, allowed)
04-04 22:25:28.707 10512 10512 W de.myfrya.app: Accessing hidden method Landroid/os/Trace;->asyncTraceBegin(JLjava/lang/String;I)V (unsupported, reflection, allowed)
04-04 22:25:28.707 10512 10512 W de.myfrya.app: Accessing hidden method Landroid/os/Trace;->asyncTraceEnd(JLjava/lang/String;I)V (unsupported, reflection, allowed)
04-04 22:25:28.761 10512 10512 I cr_WVCFactoryProvider: Loaded version=113.0.5672.136 minSdkVersion=29 isBundle=false multiprocess=true packageId=2
04-04 22:25:29.071   543  5053 E TaskPersister: File error accessing recents directory (directory doesn't exist?).
04-04 22:25:29.081  9660  9964 I Finsky:background: [85] DSC::L: Update all listeners for download <14:RUNNING:69%[69%]> in group com.google.android.youtube:r-sGlrLOR5epqrt2tmCi7g
04-04 22:25:29.081  9660  9964 I Finsky:background: [85] DSC::L: Updating listener DownloadServiceManagerListener::rzy@5aab94b for download <14:RUNNING:69%[69%]>
04-04 22:25:29.082  9660  9964 I Finsky:background: [85] DSC::L: Updating listener DownloadServiceManagerListener::amrb@a9d5272 for download <14:RUNNING:69%[69%]>
04-04 22:25:29.082  9660  9964 I Finsky:background: [85] DS: Received onProgress request_id=14
04-04 22:25:29.082  9660  9964 I Finsky:background: [85] RM: receive resource status onProgress download_request_id=14, group_id=config.x86_64 reason: rapid_auto_update isid: r-sGlrLOR5epqrt2tmCi7g, status_code=RESOURCE_STATUS_IN_PROGRESS, legacy_status_code=192, size: 17145728/24667829
04-04 22:25:29.087  9660  9964 I Finsky:background: [85] DSC::L: Updating listener ucj@927ef28 for download <14:RUNNING:69%[69%]>
04-04 22:25:29.088  9660  9964 I Finsky:background: [85] DS::IDC: updateWith: <14:RUNNING:69%[69%]>
04-04 22:25:29.088  9660  9742 I Finsky:background: [56] RM: getStatus resourceRequestId=4e647fc9-7474-481b-952c-e5e82258c8f8 requestId=14 package=com.google.android.youtube artifact=config.x86_64 isid=r-sGlrLOR5epqrt2tmCi7g
04-04 22:25:29.088  9660  9742 I Finsky:background: [56] DSC: reviveDownload(14)
04-04 22:25:29.090  9660  9742 I Finsky:background: [56] DS: reviveDownload(request_id=14)
04-04 22:25:29.094  9660  9964 I Finsky:background: [85] DS: DS: onReviveDownload(request_id=14, files_to_download=[config.x86_64(size:24667829)], context[group_id=com.google.android.youtube:r-sGlrLOR5epqrt2tmCi7g], display_data[invisible=true, title=Required app update], network_restrictions=ANY_NETWORK status=running, bytes_downloaded=17145728, total_bytes=24667829, retry[count=0, next_retry=n/a])
04-04 22:25:29.103  9660  9660 I Finsky:background: [2] RF: onProgress request_id=14 isid=r-sGlrLOR5epqrt2tmCi7g
04-04 22:25:29.104  9660  9660 I Finsky:background: [2] RF: resourceStatus for request_id=14 group=com.google.android.youtube artifact=config.x86_64 collectedBytes= 17145728 / 24667829
04-04 22:25:29.104  9660  9660 I Finsky:background: [2] RF: Group=com.google.android.youtube totalBytesDownloaded= 27610446 / 50239527 for 5 artifacts
04-04 22:25:29.108  9660  9660 I Finsky:background: [2] RF: Preventing total bytes update to listeners
04-04 22:25:29.217 10512 10512 I cr_LibraryLoader: Successfully loaded native library
04-04 22:25:29.231 10512 10512 I cr_CachingUmaRecorder: Flushed 8 samples from 8 histograms.
04-04 22:25:29.432  9660  9964 I Finsky:background: [85] DSC::L: Update all listeners for download <15:RUNNING:71%[71%]> in group com.google.android.youtube:r-sGlrLOR5epqrt2tmCi7g
04-04 22:25:29.432  9660  9964 I Finsky:background: [85] DSC::L: Updating listener DownloadServiceManagerListener::rzy@5aab94b for download <15:RUNNING:71%[71%]>
04-04 22:25:29.434  9660  9964 I Finsky:background: [85] DSC::L: Updating listener DownloadServiceManagerListener::amrb@a9d5272 for download <15:RUNNING:71%[71%]>
04-04 22:25:29.434  9660  9964 I Finsky:background: [85] DS: Received onProgress request_id=15
04-04 22:25:29.435  9660  9964 I Finsky:background: [85] RM: receive resource status onProgress download_request_id=15, group_id=com.google.android.youtube.apk reason: rapid_auto_update isid: r-sGlrLOR5epqrt2tmCi7g, status_code=RESOURCE_STATUS_IN_PROGRESS, legacy_status_code=192, size: 16334736/22848372
04-04 22:25:29.435  9660  9964 I Finsky:background: [85] DSC::L: Updating listener ucj@927ef28 for download <15:RUNNING:71%[71%]>
04-04 22:25:29.435  9660  9964 I Finsky:background: [85] DS::IDC: updateWith: <15:RUNNING:71%[71%]>
04-04 22:25:29.448  9660  9754 I Finsky:background: [60] RM: getStatus resourceRequestId=56e4433f-efed-495a-9b5a-e8287b88e4ae requestId=15 package=com.google.android.youtube artifact=com.google.android.youtube.apk isid=r-sGlrLOR5epqrt2tmCi7g
04-04 22:25:29.448  9660  9754 I Finsky:background: [60] DSC: reviveDownload(15)
04-04 22:25:29.455  9660  9742 I Finsky:background: [56] DS: reviveDownload(request_id=15)
04-04 22:25:29.469  9660  9964 I Finsky:background: [85] DS: DS: onReviveDownload(request_id=15, files_to_download=[com.google.android.youtube.apk(size:22848372)], context[group_id=com.google.android.youtube:r-sGlrLOR5epqrt2tmCi7g], display_data[invisible=true, title=Required app update], network_restrictions=ANY_NETWORK status=running, bytes_downloaded=16334736, total_bytes=22848372, retry[count=0, next_retry=n/a])
04-04 22:25:29.479   543   958 D CompatibilityChangeReporter: Compat change id reported: 161145287; UID 10190; state: ENABLED
04-04 22:25:29.532  9660  9660 I Finsky:background: [2] RF: onProgress request_id=15 isid=r-sGlrLOR5epqrt2tmCi7g
04-04 22:25:29.534  9660  9660 I Finsky:background: [2] RF: resourceStatus for request_id=15 group=com.google.android.youtube artifact=com.google.android.youtube.apk collectedBytes= 16334736 / 22848372
04-04 22:25:29.543  9660  9660 I Finsky:background: [2] RF: Group=com.google.android.youtube totalBytesDownloaded= 36203790 / 50239527 for 5 artifacts
04-04 22:25:29.564  9660  9660 I Finsky:background: [2] Updated time lastBroadcast=2026-04-04T22:25:27.206Z current=2026-04-04T22:25:29.564Z
04-04 22:25:29.564  9660  9660 I Finsky:background: [2] bytesCompleted/bytesTotal/ratio = 36203790 / 50239527 / 0.720624
04-04 22:25:29.585   543  1257 D CompatibilityChangeReporter: Compat change id reported: 135634846; UID 99001; state: DISABLED
04-04 22:25:29.587  9660 10337 I Finsky:background: [101] IV2: onTaskProgress com.google.android.youtube[iid:1] [isid:r-sGlrLOR5epqrt2tmCi7g] status:RESOURCE_FETCH_PROGRESS, size: 36203790/50239527
04-04 22:25:29.590   543   581 D CompatibilityChangeReporter: Compat change id reported: 143937733; UID 10190; state: ENABLED
04-04 22:25:29.619  9660 10321 I Finsky:background: [95] IQ: Notifying installation update. [Package:com.google.android.youtube, isid:r-sGlrLOR5epqrt2tmCi7g] state:DOWNLOADING, status=DOWNLOADING, status_code=0, reason=rapid_auto_update, tsc=PT43.25S, attempt=0
04-04 22:25:29.634  1040  1040 D Zygote  : Forked child process 10547
04-04 22:25:29.654   543   581 W ActivityManager: Slow operation: 74ms so far, now at startProcess: returned from zygote!
04-04 22:25:29.662   543   581 W ActivityManager: Slow operation: 82ms so far, now at startProcess: done updating battery stats
04-04 22:25:29.662   543   581 W ActivityManager: Slow operation: 83ms so far, now at startProcess: building log message
04-04 22:25:29.662   543   581 I ActivityManager: Start proc 10547:com.google.android.webview:sandboxed_process0:org.chromium.content.app.SandboxedProcessService0:0/u0i1 for  {de.myfrya.app/org.chromium.content.app.SandboxedProcessService0:0}
04-04 22:25:29.663   543   581 W ActivityManager: Slow operation: 83ms so far, now at startProcess: starting to update pids map
04-04 22:25:29.663   543   581 W ActivityManager: Slow operation: 83ms so far, now at startProcess: done updating pids map
04-04 22:25:29.689   543  1257 D CompatibilityChangeReporter: Compat change id reported: 261072174; UID 10190; state: ENABLED
04-04 22:25:29.736 10547 10547 I ocessService0:0: Using CollectorTypeCC GC.
04-04 22:25:29.755 10547 10547 W ocessService0:0: Unexpected CPU variant for x86: x86_64.
04-04 22:25:29.755 10547 10547 W ocessService0:0: Known variants: atom, sandybridge, silvermont, goldmont, goldmont-plus, tremont, kabylake, default
04-04 22:25:29.757  9660  9660 I Finsky:background: [2] PIM: Ignore install package event for: com.google.android.youtube, isid: r-sGlrLOR5epqrt2tmCi7g
04-04 22:25:29.839  9639  9639 I Finsky  : [2] DL: Data loader session turned off due to Incremental install not requested: com.google.android.youtube
04-04 22:25:29.849  9639  9639 I Finsky  : [2] IQ::HLD: if pauseAppUpdates is called now, it must wait for these ongoing installs: [[Package:com.google.android.youtube, isid:r-sGlrLOR5epqrt2tmCi7g] state:DOWNLOADING]
04-04 22:25:29.888 10547 10547 E ocessService0:0: Not starting debugger since process cannot load the jdwp agent.
04-04 22:25:29.973 10420 10421 W ziparchive: Unable to open '/data/user_de/0/com.google.android.gms/app_chimera/m/00000004/DynamiteModulesC.dm': No such file or directory
04-04 22:25:29.974 10420 10421 W ziparchive: Unable to open '/data/user_de/0/com.google.android.gms/app_chimera/m/00000004/DynamiteModulesC.dm': No such file or directory
04-04 22:25:29.985 10420 10421 W ziparchive: Unable to open '/data/user_de/0/com.google.android.gms/app_chimera/m/00000000/AdsDynamite.dm': No such file or directory
04-04 22:25:29.985 10420 10421 W ziparchive: Unable to open '/data/user_de/0/com.google.android.gms/app_chimera/m/00000000/AdsDynamite.dm': No such file or directory
04-04 22:25:29.991 10420 10421 W ziparchive: Unable to open '/data/user_de/0/com.google.android.gms/app_chimera/m/00000001/CronetDynamite.dm': No such file or directory
04-04 22:25:29.991 10420 10421 W ziparchive: Unable to open '/data/user_de/0/com.google.android.gms/app_chimera/m/00000001/CronetDynamite.dm': No such file or directory
04-04 22:25:30.042 10420 10421 W ziparchive: Unable to open '/data/user_de/0/com.google.android.gms/app_chimera/m/00000002/DynamiteLoader.dm': No such file or directory
04-04 22:25:30.042 10420 10421 W ziparchive: Unable to open '/data/user_de/0/com.google.android.gms/app_chimera/m/00000002/DynamiteLoader.dm': No such file or directory
04-04 22:25:30.051 10420 10421 W ziparchive: Unable to open '/data/user/0/com.google.android.gms/app_fb/f.dm': No such file or directory
04-04 22:25:30.052 10420 10421 W ziparchive: Unable to open '/data/user/0/com.google.android.gms/app_fb/f.dm': No such file or directory
04-04 22:25:30.068 10547 10547 D CompatibilityChangeReporter: Compat change id reported: 171979766; UID 99001; state: ENABLED
04-04 22:25:30.068 10420 10421 W ziparchive: Unable to open '/data/user_de/0/com.google.android.gms/app_chimera/m/00000008/dl-VisionOcrDynamite.integ_231602402100000.dm': No such file or directory
04-04 22:25:30.068 10420 10421 W ziparchive: Unable to open '/data/user_de/0/com.google.android.gms/app_chimera/m/00000008/dl-VisionOcrDynamite.integ_231602402100000.dm': No such file or directory
04-04 22:25:30.070 10547 10547 D CompatibilityChangeReporter: Compat change id reported: 242716250; UID 99001; state: ENABLED
04-04 22:25:30.082 10420 10421 W ziparchive: Unable to open '/data/user_de/0/com.google.android.gms/app_chimera/m/00000005/GoogleCertificates.dm': No such file or directory
04-04 22:25:30.082 10420 10421 W ziparchive: Unable to open '/data/user_de/0/com.google.android.gms/app_chimera/m/00000005/GoogleCertificates.dm': No such file or directory
04-04 22:25:30.093 10420 10421 W ziparchive: Unable to open '/data/user_de/0/com.google.android.gms/app_chimera/m/00000009/dl-MlkitOcrCommon.optional_231818100800.dm': No such file or directory
04-04 22:25:30.094 10420 10421 W ziparchive: Unable to open '/data/user_de/0/com.google.android.gms/app_chimera/m/00000009/dl-MlkitOcrCommon.optional_231818100800.dm': No such file or directory
04-04 22:25:30.106 10420 10421 W ziparchive: Unable to open '/data/user_de/0/com.google.android.gms/app_chimera/m/00000007/MeasurementDynamite.dm': No such file or directory
04-04 22:25:30.106 10420 10421 W ziparchive: Unable to open '/data/user_de/0/com.google.android.gms/app_chimera/m/00000007/MeasurementDynamite.dm': No such file or directory
04-04 22:25:30.176 10547 10547 I LoadedApk: No resource references to update in package com.google.android.trichromelibrary
04-04 22:25:30.178 10512 10512 D CompatibilityChangeReporter: Compat change id reported: 183155436; UID 10190; state: ENABLED
04-04 22:25:30.189 10547 10547 I cr_WebViewApkApp: Launched version=113.0.5672.136 minSdkVersion=29 isBundle=false processName=com.google.android.webview:sandboxed_process0:org.chromium.content.app.SandboxedProcessService0:0
04-04 22:25:30.194   543  1566 I ActivityManager: Flag disabled. Ignoring finishAttachApplication from uid: 99001. pid: 10547
04-04 22:25:30.205 10547 10547 W SystemServiceRegistry: No service published for: virtualdevice
04-04 22:25:30.210 10547 10547 I cr_ChildProcessService: Creating new ChildProcessService pid=10547
04-04 22:25:30.315  9639  9647 I android.vending: Background concurrent copying GC freed 163233(6579KB) AllocSpace objects, 2(124KB) LOS objects, 50% free, 14MB/28MB, paused 254us,125us total 553.856ms
04-04 22:25:30.779  1110  1110 D TelephonyManager: requestModemActivityInfo: Sending result to app: ModemActivityInfo{ mTimestamp=1229131 mSleepTimeMs=0 mIdleTimeMs=1229103 mActivityStatsTechSpecificInfo=[{mRat=UNKNOWN,mFrequencyRange=UNKNOWN,mTxTimeMs[]=[0, 0, 0, 0, 0],mRxTimeMs=0}]}
04-04 22:25:31.215  9660  9964 I Finsky:background: [85] DSC::L: Update all listeners for download <14:RUNNING:93%[93%]> in group com.google.android.youtube:r-sGlrLOR5epqrt2tmCi7g
04-04 22:25:31.216  9660  9964 I Finsky:background: [85] DSC::L: Updating listener DownloadServiceManagerListener::rzy@5aab94b for download <14:RUNNING:93%[93%]>
04-04 22:25:31.216  9660  9964 I Finsky:background: [85] DSC::L: Updating listener DownloadServiceManagerListener::amrb@a9d5272 for download <14:RUNNING:93%[93%]>
04-04 22:25:31.217  9660  9964 I Finsky:background: [85] DS: Received onProgress request_id=14
04-04 22:25:31.228  9660  9964 I Finsky:background: [85] RM: receive resource status onProgress download_request_id=14, group_id=config.x86_64 reason: rapid_auto_update isid: r-sGlrLOR5epqrt2tmCi7g, status_code=RESOURCE_STATUS_IN_PROGRESS, legacy_status_code=192, size: 23125840/24667829
04-04 22:25:31.237  9660  9964 I Finsky:background: [85] DSC::L: Updating listener ucj@927ef28 for download <14:RUNNING:93%[93%]>
04-04 22:25:31.237  9660  9964 I Finsky:background: [85] DS::IDC: updateWith: <14:RUNNING:93%[93%]>
04-04 22:25:31.238  9660  9964 I Finsky:background: [85] DSC::L: Update all listeners for download <15:RUNNING:100%[100%]> in group com.google.android.youtube:r-sGlrLOR5epqrt2tmCi7g
04-04 22:25:31.239  9660  9964 I Finsky:background: [85] DSC::L: Updating listener DownloadServiceManagerListener::rzy@5aab94b for download <15:RUNNING:100%[100%]>
