04-04 22:25:20.281  9660  9660 I Finsky:background: [2] WM::SCH: Logging work stop for 40-9998
04-04 22:25:20.282  9660  9660 I Finsky:background: [2] DS::IDC: has 0 invisibleDownloads
04-04 22:25:20.282  9660  9660 I Finsky:background: [2] DS::IRJ: onStopJob: false, stopReason: 3
04-04 22:25:20.305  9660  9750 I Finsky:background: [58] SCH: Scheduling phonesky job Id: 3-4, CT: 1775341512400, Constraints: [{ L: 0, D: 86400000, C: CHARGING_NONE, I: IDLE_NONE, N: NET_ANY, B: BATTERY_ANY }, { L: 0, D: 0, C: CHARGING_NONE, I: IDLE_NONE, N: NET_NONE, B: BATTERY_ANY }]
04-04 22:25:20.306  9660  9750 I Finsky:background: [58] SCH: Scheduling phonesky job Id: 3-5, CT: 1775341512304, Constraints: [{ L: 0, D: 86400000, C: CHARGING_NONE, I: IDLE_NONE, N: NET_ANY, B: BATTERY_ANY }, { L: 0, D: 0, C: CHARGING_NONE, I: IDLE_NONE, N: NET_NONE, B: BATTERY_ANY }]
04-04 22:25:20.316  9660  9750 I Finsky:background: [58] SCH: Scheduling system job 10022 to resume after 0 ms
04-04 22:25:20.320  9660  9750 I Finsky:background: [58] SCH: Scheduling system job 10023 to resume after 0 ms
04-04 22:25:20.322  9660  9740 I Finsky:background: [55] SCH: Resuming system job 10022 from hub.
04-04 22:25:20.324  9660  9750 I Finsky:background: [58] SCH: Scheduling system job 10022 to resume after 0 ms
04-04 22:25:20.324  9660  9750 I Finsky:background: [58] SCH: Scheduling system job 10023 to resume after 0 ms
04-04 22:25:20.337  9660  9740 I Finsky:background: [55] SCH: Resuming system job 10022 from hub.
04-04 22:25:20.338  9660  9740 I Finsky:background: [55] SCH: Resuming system job 10023 from hub.
04-04 22:25:20.339  9660  9743 I Finsky:background: [57] SCH: Resuming system job 10023 from hub.
04-04 22:25:20.350  9660  9964 I Finsky:background: [85] DS: DS: onRemove(request_id=11, files_to_download=[config.xxhdpi(size:405021)], context[group_id=com.google.android.apps.youtube.music:4PzPKkIqRAOr8jnZiOFYgQ], display_data[invisible=true, title=Required app update], network_restrictions=ANY_NETWORK status=failed[http=200], bytes_downloaded=155648, total_bytes=405021, retry[count=1, next_retry=2026-04-04T22:25:18.912Z[GMT]])
04-04 22:25:20.370  9660  9740 I Finsky:background: [55] SCH: Scheduling 0 system job(s)
04-04 22:25:20.377  9660  9807 I Finsky:background: [74] SCH: Satisfied jobs for 10022 are: 3-4, 3-5
04-04 22:25:20.385  9660  9807 I Finsky:background: [74] SCH: Satisfied jobs for 10022 are: 3-4, 3-5
04-04 22:25:20.394  9660  9807 I Finsky:background: [74] SCH: Satisfied jobs for 10023 are: 3-4, 3-5
04-04 22:25:20.397  9660 10337 E Finsky:background: [101] IV2: Task Failed: tid:1000000000, statusCode:6566
04-04 22:25:20.397  9660 10337 E Finsky:background: com.google.android.finsky.installercommon.InstallerException: Status: 6566
04-04 22:25:20.397  9660 10337 E Finsky:background: 	at ampq.a(PG:405)
04-04 22:25:20.397  9660 10337 E Finsky:background: 	at bldg.d(PG:3)
04-04 22:25:20.397  9660 10337 E Finsky:background: 	at bldi.run(PG:139)
04-04 22:25:20.397  9660 10337 E Finsky:background: 	at java.util.concurrent.ThreadPoolExecutor.runWorker(ThreadPoolExecutor.java:1145)
04-04 22:25:20.397  9660 10337 E Finsky:background: 	at java.util.concurrent.ThreadPoolExecutor$Worker.run(ThreadPoolExecutor.java:644)
04-04 22:25:20.397  9660 10337 E Finsky:background: 	at vag.run(PG:639)
04-04 22:25:20.397  9660 10337 E Finsky:background: 	at java.lang.Thread.run(Thread.java:1012)
04-04 22:25:20.398  9660 10337 I Finsky:background: [101] IV2: Finishing up unsuccessful install: 0, installState: 5
04-04 22:25:20.405  9660  9807 I Finsky:background: [74] SCH: Satisfied jobs for 10023 are: 3-4, 3-5
04-04 22:25:20.408  9660  9964 I Finsky:background: [85] DS: DS: onRemove(request_id=8, files_to_download=[com.google.android.apps.youtube.music.apk(size:29988373)], context[group_id=com.google.android.apps.youtube.music:4PzPKkIqRAOr8jnZiOFYgQ], display_data[invisible=true, title=Required app update], network_restrictions=ANY_NETWORK status=failed[http=200], bytes_downloaded=155648, total_bytes=29988373, retry[count=1, next_retry=2026-04-04T22:25:18.922Z[GMT]])
04-04 22:25:20.444  9660  9743 I Finsky:background: [57] IV2::TM: canceling tid: 1000000000
04-04 22:25:20.444  9660  9743 I Finsky:background: [57] Submitter: cancel permitted.
04-04 22:25:20.444  9660 10337 I Finsky:background: [101] MF: cancel no-op.
04-04 22:25:20.445  9660 10337 I Finsky:background: [101] AV: cancel no-op.
04-04 22:25:20.445  9660 10337 I Finsky:background: [101] Submitter: cancel no-op.
04-04 22:25:20.445  9660  9750 I Finsky:background: [58] RF: Cancelling resource request 6bc93527-ee9d-4ccf-8758-3cc73d47ede2.
04-04 22:25:20.445  9660  9750 I Finsky:background: [58] RM: cancel resources for request 6bc93527-ee9d-4ccf-8758-3cc73d47ede2
04-04 22:25:20.451  9660  9740 I Finsky:background: [55] IV2::TM: cleaning up tid: 1000000000
04-04 22:25:20.451  9660  9740 I Finsky:background: [55] IV2:TM: cleaning up task. com.google.android.apps.youtube.music[iid:0] [isid:4PzPKkIqRAOr8jnZiOFYgQ] [tid: 1000000000]
04-04 22:25:20.458  9660  9743 I Finsky:background: [57] RM: remove resources for request 6bc93527-ee9d-4ccf-8758-3cc73d47ede2
04-04 22:25:20.459  9660  9743 I Finsky:background: [57] RM: remove resources for request 
04-04 22:25:20.460  9660  9743 I Finsky:background: [57] RM: remove resources for request 
04-04 22:25:20.460  9660  9743 I Finsky:background: [57] RM: remove resources for request 
04-04 22:25:20.474  9660  9752 E Finsky:background: [59] RM: no data for ID, not removing
04-04 22:25:20.475  9660  9742 E Finsky:background: [56] RM: no data for ID, not removing
04-04 22:25:20.480  9660  9754 E Finsky:background: [60] RM: no data for ID, not removing
04-04 22:25:20.483  9660  9742 E Finsky:background: [56] RM: no data for ID, not removing
04-04 22:25:20.579  1110  1110 D TelephonyManager: requestModemActivityInfo: Sending result to app: ModemActivityInfo{ mTimestamp=1218937 mSleepTimeMs=0 mIdleTimeMs=1218914 mActivityStatsTechSpecificInfo=[{mRat=UNKNOWN,mFrequencyRange=UNKNOWN,mTxTimeMs[]=[0, 0, 0, 0, 0],mRxTimeMs=0}]}
04-04 22:25:20.596  9660 10321 I Finsky:background: [95] IQ: Notifying installation update. [Package:com.google.android.apps.youtube.music, isid:4PzPKkIqRAOr8jnZiOFYgQ] state:INSTALL_ERROR, status=INSTALL_ERROR, status_code=6566, reason=rapid_auto_update, tsc=PT34.972S, attempt=0
04-04 22:25:20.646  9660 10341 I Finsky:background: [105] Session is stale, session is not alive: getNames not allowed after destruction
04-04 22:25:20.648  9660 10341 I Finsky:background: [105] SM: Session with Context {name=com.google.android.apps.youtube.music versionCode=91350280} was closed or abandoned in a consumer.
04-04 22:25:20.652  9660  9660 I Finsky:background: [2] PIM: Ignore install package event for: com.google.android.apps.youtube.music, isid: 4PzPKkIqRAOr8jnZiOFYgQ
04-04 22:25:20.683  9639  9639 I Finsky  : [2] DL: Data loader session turned off due to Incremental install not requested: com.google.android.apps.youtube.music
04-04 22:25:20.701  9639  9719 I Finsky  : [57] AU2: Failure History successfully updated for package com.google.android.apps.youtube.music, attempting to upgrade to version 91350280 with install reason RAPID_AUTO_UPDATE and status_code 6566
04-04 22:25:20.709  9639  9639 I Finsky  : [2] IQ::HLD: previousAllInstallsDone is Optional[false], allInstallationsDone is Optional[true]
04-04 22:25:20.709  9639  9639 I Finsky  : [2] IQ::HLD: Updating installations status false cross profiles
04-04 22:25:20.710  9639  9639 I Finsky  : [2] XPF:Binding for 58313350
04-04 22:25:20.713  9639  9639 I Finsky  : [2] XPF:User 0 is not in installation anymore, removing profile.
04-04 22:25:20.713  9639  9639 I Finsky  : [2] XPF:Notifying user u0 that all installs are finished
04-04 22:25:20.715  9660 10337 I Finsky:background: [101] SCU: Successfully abandon the session for com.google.android.apps.youtube.music[iid:0] [isid:4PzPKkIqRAOr8jnZiOFYgQ]
04-04 22:25:20.726  9660 10337 I Finsky:background: [101] IV2: stopping install timeout for 0
04-04 22:25:20.773  9660  9750 I Finsky:background: [58] IQ: start evaluating install requests.
04-04 22:25:20.795  9660  9677 I ding:background: Background young concurrent copying GC freed 135015(7724KB) AllocSpace objects, 9(200KB) LOS objects, 39% free, 11MB/18MB, paused 5.557ms,39us total 127.939ms
04-04 22:25:20.807  9639  9639 W Finsky  : [2] STU: Failed to get storage stats for package 'com.android.virt' (1601: Error getting stats: android.content.pm.PackageManager.NameNotFoundException)
04-04 22:25:20.817  9660  9750 I Finsky:background: [58] IQ: There are 1 installs pending for job 4: [com.google.android.youtube]
04-04 22:25:20.878  9660  9750 I Finsky:background: [58] IQ: There are 1 installs pending for job 5: [com.google.android.gms]
04-04 22:25:20.892  9660  9750 I Finsky:background: [58] IQ: 2 scheduled install statuses found to proceed. 
04-04 22:25:20.897  9639  9639 W Finsky  : [2] STU: Failed to get storage stats for package 'com.android.i18n' (1601: Error getting stats: android.content.pm.PackageManager.NameNotFoundException)
04-04 22:25:20.916  9660  9743 I Finsky:background: [57] IQ: proceed install request for [Package:com.google.android.youtube, isid:r-sGlrLOR5epqrt2tmCi7g].
04-04 22:25:20.920  9660  9743 I Finsky:background: [57] IQ: Notifying installation update. [Package:com.google.android.youtube, isid:r-sGlrLOR5epqrt2tmCi7g] state:DOWNLOAD_PENDING, status=DOWNLOAD_PENDING, status_code=0, reason=rapid_auto_update, tsc=PT34.55S, attempt=0
04-04 22:25:20.950  9639  9779 E Finsky  : [72] ItemStore: getItems RPC failed for item com.google.android.apps.nexuslauncher
04-04 22:25:20.951  9639  9779 E Finsky  : [72] ItemStore: getItems RPC failed for item com.android.cellbroadcastreceiver
04-04 22:25:20.955  9639  9779 E Finsky  : [72] ItemStore: getItems RPC failed for item com.google.android.adservices.api
04-04 22:25:20.955  9639  9779 E Finsky  : [72] ItemStore: getItems RPC failed for item com.google.android.overlay.pixelconfigcommon
04-04 22:25:20.955  9639  9779 E Finsky  : [72] ItemStore: getItems RPC failed for item com.android.settings.auto_generated_rro_product__
04-04 22:25:20.956  9639  9779 E Finsky  : [72] ItemStore: getItems RPC failed for item com.android.systemui.auto_generated_rro_vendor__
04-04 22:25:20.956  9639  9779 E Finsky  : [72] ItemStore: getItems RPC failed for item com.android.internal.systemui.navbar.gestural
04-04 22:25:20.956  9639  9768 E Finsky  : [70] ItemStore: getItems RPC failed for item com.android.companiondevicemanager
04-04 22:25:20.956  9639  9768 E Finsky  : [70] ItemStore: getItems RPC failed for item com.google.android.cellbroadcastreceiver
04-04 22:25:20.957  9639  9768 E Finsky  : [70] ItemStore: getItems RPC failed for item com.google.android.rkpdapp
04-04 22:25:20.957  9639  9779 E Finsky  : [72] ItemStore: getItems RPC failed for item com.android.internal.display.cutout.emulation.emu01
04-04 22:25:20.957  9639  9768 E Finsky  : [70] ItemStore: getItems RPC failed for item com.android.systemui.emulation.pixel_6_pro
04-04 22:25:20.957  9639  9781 E Finsky  : [74] ItemStore: getItems RPC failed for item com.android.mtp
04-04 22:25:20.958  9639  9779 E Finsky  : [72] ItemStore: getItems RPC failed for item com.google.android.overlay.googlewebview
04-04 22:25:20.958  9639  9781 E Finsky  : [74] ItemStore: getItems RPC failed for item com.android.emulator.radio.config
04-04 22:25:20.958  9639  9781 E Finsky  : [74] ItemStore: getItems RPC failed for item com.android.settings
04-04 22:25:20.958  9639  9779 E Finsky  : [72] ItemStore: getItems RPC failed for item com.android.internal.systemui.navbar.gestural_narrow_back
04-04 22:25:20.958  9639  9781 E Finsky  : [74] ItemStore: getItems RPC failed for item com.google.android.partnersetup
04-04 22:25:20.959  9639  9779 E Finsky  : [72] ItemStore: getItems RPC failed for item com.android.systemui.accessibility.accessibilitymenu
04-04 22:25:20.959  9639  9781 E Finsky  : [74] ItemStore: getItems RPC failed for item com.android.vending
04-04 22:25:20.959  9639  9779 E Finsky  : [72] ItemStore: getItems RPC failed for item com.google.android.overlay.largescreenconfig
04-04 22:25:20.959  9639  9781 E Finsky  : [74] ItemStore: getItems RPC failed for item com.google.android.printservice.recommendation
04-04 22:25:20.959  9639  9781 E Finsky  : [74] ItemStore: getItems RPC failed for item com.android.shell
04-04 22:25:20.959  9639  9781 E Finsky  : [74] ItemStore: getItems RPC failed for item com.google.android.providers.media.module
04-04 22:25:20.959  9639  9781 E Finsky  : [74] ItemStore: getItems RPC failed for item com.android.bips.auto_generated_rro_product__
04-04 22:25:20.959  9639  9779 E Finsky  : [72] ItemStore: getItems RPC failed for item com.android.intentresolver
04-04 22:25:20.959  9639  9781 E Finsky  : [74] ItemStore: getItems RPC failed for item com.android.musicfx
04-04 22:25:20.959  9639  9779 E Finsky  : [72] ItemStore: getItems RPC failed for item com.android.emergency
04-04 22:25:20.959  9639  9779 E Finsky  : [72] ItemStore: getItems RPC failed for item com.android.providers.partnerbookmarks
04-04 22:25:20.959  9639  9781 E Finsky  : [74] ItemStore: getItems RPC failed for item com.android.providers.contacts.auto_generated_rro_product__
04-04 22:25:20.959  9639  9781 E Finsky  : [74] ItemStore: getItems RPC failed for item com.android.server.telecom.auto_generated_rro_product__
04-04 22:25:20.960  9639  9781 E Finsky  : [74] ItemStore: getItems RPC failed for item com.android.internal.emulation.pixel_6_pro
04-04 22:25:20.967  9639  9779 E Finsky  : [72] ItemStore: getItems RPC failed for item com.android.internal.emulation.pixel_6a
04-04 22:25:20.969  9639  9781 E Finsky  : [74] ItemStore: getItems RPC failed for item com.android.internal.emulation.pixel_6
04-04 22:25:20.970  9639  9768 E Finsky  : [70] ItemStore: getItems RPC failed for item com.android.virt
04-04 22:25:20.970  9639  9779 E Finsky  : [72] ItemStore: getItems RPC failed for item com.android.nfc.auto_generated_rro_product__
04-04 22:25:20.970  9639  9781 E Finsky  : [74] ItemStore: getItems RPC failed for item com.google.android.wifi.resources
04-04 22:25:20.971  9639  9781 E Finsky  : [74] ItemStore: getItems RPC failed for item com.android.systemui.emulation.pixel_4a
04-04 22:25:20.971  9639  9781 E Finsky  : [74] ItemStore: getItems RPC failed for item com.android.virtualmachine.res
04-04 22:25:20.971  9639  9768 E Finsky  : [70] ItemStore: getItems RPC failed for item com.google.android.gsf
04-04 22:25:20.971  9639  9768 E Finsky  : [70] ItemStore: getItems RPC failed for item com.android.camera2
04-04 22:25:20.971  9639  9781 E Finsky  : [74] ItemStore: getItems RPC failed for item com.android.internal.emulation.pixel_7a
04-04 22:25:20.971  9639  9768 E Finsky  : [70] ItemStore: getItems RPC failed for item com.android.systemui.emulation.pixel_6a
04-04 22:25:20.971  9639  9768 E Finsky  : [70] ItemStore: getItems RPC failed for item com.android.carrierconfig.auto_generated_rro_product__
04-04 22:25:20.972  9639  9781 E Finsky  : [74] ItemStore: getItems RPC failed for item com.google.android.overlay.largescreensettingsprovider
04-04 22:25:20.973  9639  9781 E Finsky  : [74] ItemStore: getItems RPC failed for item com.android.proxyhandler
04-04 22:25:20.977  9639  9768 E Finsky  : [70] ItemStore: getItems RPC failed for item com.android.internal.display.cutout.emulation.hole
04-04 22:25:20.979  9639  9781 E Finsky  : [74] ItemStore: getItems RPC failed for item com.android.internal.display.cutout.emulation.waterfall
04-04 22:25:20.983  9639  9781 E Finsky  : [74] ItemStore: getItems RPC failed for item com.android.calllogbackup
04-04 22:25:20.983  9639  9781 E Finsky  : [74] ItemStore: getItems RPC failed for item com.android.storagemanager.auto_generated_rro_product__
04-04 22:25:20.983  9660  9660 I Finsky:background: [2] PIM: Ignore install package event for: com.google.android.youtube, isid: r-sGlrLOR5epqrt2tmCi7g
04-04 22:25:20.983  9639  9768 E Finsky  : [70] ItemStore: getItems RPC failed for item com.google.android.soundpicker
04-04 22:25:20.983  9639  9768 E Finsky  : [70] ItemStore: getItems RPC failed for item com.google.android.systemui.gxoverlay
04-04 22:25:20.983  9639  9768 E Finsky  : [70] ItemStore: getItems RPC failed for item com.google.android.safetycenter.resources
04-04 22:25:20.984  9639  9768 E Finsky  : [70] ItemStore: getItems RPC failed for item com.android.phone.auto_generated_rro_product__
04-04 22:25:20.984  9639  9768 E Finsky  : [70] ItemStore: getItems RPC failed for item com.google.android.tag
04-04 22:25:20.984  9639  9768 E Finsky  : [70] ItemStore: getItems RPC failed for item de.myfrya.app
04-04 22:25:20.984  9639  9768 E Finsky  : [70] ItemStore: getItems RPC failed for item com.android.internal.systemui.navbar.threebutton
04-04 22:25:20.984  9639  9768 E Finsky  : [70] ItemStore: getItems RPC failed for item android.auto_generated_rro_vendor__
04-04 22:25:20.985  9639  9768 E Finsky  : [70] ItemStore: getItems RPC failed for item com.android.internal.emulation.pixel_8_pro
04-04 22:25:20.986  9660  9743 I Finsky:background: [57] IQ: Requesting install request=package_name=com.google.android.youtube, pm_package_name=com.google.android.youtube, version=1561063726, priority=1, reason=rapid_auto_update, account_name=, type=0, isid=r-sGlrLOR5epqrt2tmCi7g, constraints=((REQ_GEARHEAD_PROJECTION_OFF, NETWORK=ANY, PROVISIONING_STATE=PROVISIONED, BACKUP_MANAGER_STATE=BACKUP_READY),), install_primary_identifier=UNKNOWN_ACTION_SURFACE using installer.
04-04 22:25:20.987  9639  9768 E Finsky  : [70] ItemStore: getItems RPC failed for item com.android.providers.telephony.auto_generated_rro_product__
04-04 22:25:20.989  9639  9768 E Finsky  : [70] ItemStore: getItems RPC failed for item com.android.carrierdefaultapp
04-04 22:25:20.990  9639  9768 E Finsky  : [70] ItemStore: getItems RPC failed for item com.google.android.wifi.dialog
04-04 22:25:20.992  9639  9768 E Finsky  : [70] ItemStore: getItems RPC failed for item com.android.htmlviewer
04-04 22:25:20.993  9639  9768 E Finsky  : [70] ItemStore: getItems RPC failed for item com.google.android.hotspot2.osulogin
04-04 22:25:20.994  9639  9768 E Finsky  : [70] ItemStore: getItems RPC failed for item com.android.internal.emulation.pixel_fold
04-04 22:25:21.002  9660  9743 I Finsky:background: [57] DL: Data loader session turned off due to Incremental install not requested: com.google.android.youtube
04-04 22:25:21.002  9660  9743 I Finsky:background: [57] DLIF: createIncrementalConfig with useIncrementalSessionWithReason: INCREMENTAL_DISABLED_IN_INSTALL_REQUEST , streamingVerdictWithReason: STREAMING_DISABLE_BY_UNKNOWN_REASON
04-04 22:25:21.008  9639  9734 E Finsky  : [59] ItemStore: getItems RPC failed for item com.android.systemui.emulation.pixel_5
04-04 22:25:21.020  9660 10337 I Finsky:background: [101] IV2::EIU: Existing install found for update [Package:com.google.android.youtube, isid:r-sGlrLOR5epqrt2tmCi7g].
04-04 22:25:21.021  9660 10337 I Finsky:background: [101] IV2::FGCV: Foreground check passed for com.google.android.youtube
04-04 22:25:21.022  9639  9639 I Finsky  : [2] DL: Data loader session turned off due to Incremental install not requested: com.google.android.youtube
04-04 22:25:21.024  9660  9750 I Finsky:background: [58] IV2::DRV: install for [Package:com.google.android.youtube, isid:r-sGlrLOR5epqrt2tmCi7g] not tracked by installer.
04-04 22:25:21.031  9639  9734 E Finsky  : [59] ItemStore: getItems RPC failed for item com.android.role.notes.enabled
04-04 22:25:21.035  9639  9639 I Finsky  : [2] IQ::HLD: if pauseAppUpdates is called now, it must wait for these ongoing installs: [[Package:com.google.android.youtube, isid:r-sGlrLOR5epqrt2tmCi7g] state:DOWNLOAD_PENDING]
04-04 22:25:21.035  9639  9639 I Finsky  : [2] IQ::HLD: previousAllInstallsDone is Optional[true], allInstallationsDone is Optional[false]
04-04 22:25:21.035  9639  9639 I Finsky  : [2] IQ::HLD: Updating installations status true cross profiles
04-04 22:25:21.035  9639  9639 I Finsky  : [2] XPF:Binding for 58313350
04-04 22:25:21.035  9639  9734 E Finsky  : [59] ItemStore: getItems RPC failed for item com.android.systemui.emulation.pixel_3a_xl
04-04 22:25:21.038  9639  9639 I Finsky  : [2] XPF:User 0 is in installation, adding profile.
04-04 22:25:21.039  9639  9734 E Finsky  : [59] ItemStore: getItems RPC failed for item com.android.cameraextensions
04-04 22:25:21.044  9639  9734 E Finsky  : [59] ItemStore: getItems RPC failed for item com.android.sharedstoragebackup
04-04 22:25:21.044  9639  9734 E Finsky  : [59] ItemStore: getItems RPC failed for item com.android.providers.blockednumber
04-04 22:25:21.044  9639  9734 E Finsky  : [59] ItemStore: getItems RPC failed for item com.android.cts.priv.ctsshim
04-04 22:25:21.044  9639  9734 E Finsky  : [59] ItemStore: getItems RPC failed for item com.android.egg
04-04 22:25:21.044  9639  9734 E Finsky  : [59] ItemStore: getItems RPC failed for item com.android.wallpaperbackup
04-04 22:25:21.045  9639  9779 E Finsky  : [72] ItemStore: getItems RPC failed for item android
04-04 22:25:21.045  9639  9779 E Finsky  : [72] ItemStore: getItems RPC failed for item com.android.providers.userdictionary
04-04 22:25:21.045  9639  9779 E Finsky  : [72] ItemStore: getItems RPC failed for item com.android.internal.emulation.pixel_2_xl
04-04 22:25:21.045  9639  9779 E Finsky  : [72] ItemStore: getItems RPC failed for item com.android.providers.settings.auto_generated_rro_product__
04-04 22:25:21.045  9639  9779 E Finsky  : [72] ItemStore: getItems RPC failed for item com.google.android.federatedcompute
04-04 22:25:21.045  9639  9779 E Finsky  : [72] ItemStore: getItems RPC failed for item com.android.internal.systemui.navbar.gestural_wide_back
04-04 22:25:21.045  9639  9734 E Finsky  : [59] ItemStore: getItems RPC failed for item com.android.internal.emulation.pixel_3a_xl
04-04 22:25:21.045  9639  9779 E Finsky  : [72] ItemStore: getItems RPC failed for item com.android.systemui.emulation.pixel_7
04-04 22:25:21.045  9639  9734 E Finsky  : [59] ItemStore: getItems RPC failed for item com.android.storagemanager
04-04 22:25:21.045  9639  9734 E Finsky  : [59] ItemStore: getItems RPC failed for item com.android.internal.display.cutout.emulation.double
04-04 22:25:21.045  9639  9779 E Finsky  : [72] ItemStore: getItems RPC failed for item com.android.simappdialog
04-04 22:25:21.046  9639  9768 E Finsky  : [70] ItemStore: getItems RPC failed for item com.android.providers.contacts
04-04 22:25:21.048  9639  9768 E Finsky  : [70] ItemStore: getItems RPC failed for item com.android.systemui.emulation.pixel_7a
04-04 22:25:21.048  9639  9779 E Finsky  : [72] ItemStore: getItems RPC failed for item com.android.providers.downloads
04-04 22:25:21.049  9639  9781 E Finsky  : [74] ItemStore: getItems RPC failed for item com.android.internal.display.cutout.emulation.corner
04-04 22:25:21.051  9639  9734 E Finsky  : [59] ItemStore: getItems RPC failed for item com.android.dreams.basic
04-04 22:25:21.051  9639  9734 E Finsky  : [59] ItemStore: getItems RPC failed for item com.android.internal.emulation.pixel_7
04-04 22:25:21.057  9639  9779 E Finsky  : [72] ItemStore: getItems RPC failed for item com.google.android.networkstack.tethering
04-04 22:25:21.058  9639  9779 E Finsky  : [72] ItemStore: getItems RPC failed for item com.android.systemui.emulation.pixel_8_pro
04-04 22:25:21.058  9639  9779 E Finsky  : [72] ItemStore: getItems RPC failed for item com.android.stk
04-04 22:25:21.059  9639  9779 E Finsky  : [72] ItemStore: getItems RPC failed for item com.android.internal.emulation.pixel_3_xl
04-04 22:25:21.059  9639  9734 E Finsky  : [59] ItemStore: getItems RPC failed for item com.android.internal.display.cutout.emulation.tall
04-04 22:25:21.059  9639  9779 E Finsky  : [72] ItemStore: getItems RPC failed for item com.android.vpndialogs
04-04 22:25:21.059  9639  9779 E Finsky  : [72] ItemStore: getItems RPC failed for item com.android.emergency.auto_generated_rro_product__
04-04 22:25:21.060  9639  9779 E Finsky  : [72] ItemStore: getItems RPC failed for item android.auto_generated_rro_product__
04-04 22:25:21.061  9639  9779 E Finsky  : [72] ItemStore: getItems RPC failed for item com.google.android.vndk.v34
04-04 22:25:21.062  9639  9779 E Finsky  : [72] ItemStore: getItems RPC failed for item com.android.internal.emulation.pixel_7_pro
04-04 22:25:21.062  9639  9779 E Finsky  : [72] ItemStore: getItems RPC failed for item com.google.android.devicelockcontroller
04-04 22:25:21.064  9639  9768 E Finsky  : [70] ItemStore: getItems RPC failed for item com.android.pacprocessor
04-04 22:25:21.064  9639  9779 E Finsky  : [72] ItemStore: getItems RPC failed for item com.android.simappdialog.auto_generated_rro_product__
04-04 22:25:21.064  9639  9734 E Finsky  : [59] ItemStore: getItems RPC failed for item com.google.android.connectivity.resources
04-04 22:25:21.065  9639  9768 E Finsky  : [70] ItemStore: getItems RPC failed for item com.android.backupconfirm
04-04 22:25:21.065  9639  9779 E Finsky  : [72] ItemStore: getItems RPC failed for item com.android.theme.font.notoserifsource
04-04 22:25:21.065  9639  9768 E Finsky  : [70] ItemStore: getItems RPC failed for item com.google.android.sdksandbox
04-04 22:25:21.065  9639  9768 E Finsky  : [70] ItemStore: getItems RPC failed for item com.android.systemui.emulation.pixel_6
04-04 22:25:21.065  9639  9734 E Finsky  : [59] ItemStore: getItems RPC failed for item com.android.imsserviceentitlement
04-04 22:25:21.065  9639  9779 E Finsky  : [72] ItemStore: getItems RPC failed for item com.android.bluetooth
04-04 22:25:21.065  9639  9734 E Finsky  : [59] ItemStore: getItems RPC failed for item com.android.carrierconfig
04-04 22:25:21.065  9639  9779 E Finsky  : [72] ItemStore: getItems RPC failed for item com.android.systemui.auto_generated_rro_product__
04-04 22:25:21.065  9639  9734 E Finsky  : [59] ItemStore: getItems RPC failed for item com.google.android.apps.wallpaper.nexus
04-04 22:25:21.065  9639  9768 E Finsky  : [70] ItemStore: getItems RPC failed for item com.android.phone.auto_generated_rro_vendor__
04-04 22:25:21.065  9639  9734 E Finsky  : [59] ItemStore: getItems RPC failed for item com.android.internal.emulation.pixel_4a
04-04 22:25:21.065  9639  9768 E Finsky  : [70] ItemStore: getItems RPC failed for item com.google.android.configupdater
04-04 22:25:21.065  9639  9779 E Finsky  : [72] ItemStore: getItems RPC failed for item com.google.android.healthconnect.controller
04-04 22:25:21.065  9639  9768 E Finsky  : [70] ItemStore: getItems RPC failed for item com.android.internal.emulation.pixel_3
04-04 22:25:21.065  9639  9768 E Finsky  : [70] ItemStore: getItems RPC failed for item com.android.traceur
04-04 22:25:21.066  9639  9734 E Finsky  : [59] ItemStore: getItems RPC failed for item com.google.android.apps.customization.pixel
04-04 22:25:21.066  9639  9768 E Finsky  : [70] ItemStore: getItems RPC failed for item com.android.inputdevices
04-04 22:25:21.066  9639  9734 E Finsky  : [59] ItemStore: getItems RPC failed for item com.android.localtransport
04-04 22:25:21.066  9639  9768 E Finsky  : [70] ItemStore: getItems RPC failed for item com.android.location.fused
04-04 22:25:21.066  9639  9779 E Finsky  : [72] ItemStore: getItems RPC failed for item com.android.bluetoothmidiservice
04-04 22:25:21.066  9639  9768 E Finsky  : [70] ItemStore: getItems RPC failed for item com.android.managedprovisioning.auto_generated_rro_product__
04-04 22:25:21.066  9639  9768 E Finsky  : [70] ItemStore: getItems RPC failed for item com.android.providers.media
04-04 22:25:21.066  9639  9779 E Finsky  : [72] ItemStore: getItems RPC failed for item com.android.credentialmanager
04-04 22:25:21.068  9639  9768 E Finsky  : [70] ItemStore: getItems RPC failed for item com.google.android.runtime
04-04 22:25:21.069  9639  9734 E Finsky  : [59] ItemStore: getItems RPC failed for item com.google.android.bluetooth
04-04 22:25:21.070  9639  9781 E Finsky  : [74] ItemStore: getItems RPC failed for item com.android.internal.emulation.pixel_4
04-04 22:25:21.071  9639  9781 E Finsky  : [74] ItemStore: getItems RPC failed for item com.android.providers.downloads.ui
04-04 22:25:21.071  9639  9781 E Finsky  : [74] ItemStore: getItems RPC failed for item com.google.android.telephony.satellite
04-04 22:25:21.071  9639  9781 E Finsky  : [74] ItemStore: getItems RPC failed for item com.android.cts.ctsshim
04-04 22:25:21.071  9639  9781 E Finsky  : [74] ItemStore: getItems RPC failed for item com.android.phone
04-04 22:25:21.072  9639  9781 E Finsky  : [74] ItemStore: getItems RPC failed for item com.android.systemui.emulation.pixel_7_pro
04-04 22:25:21.072  9639  9781 E Finsky  : [74] ItemStore: getItems RPC failed for item com.android.internal.emulation.pixel_4_xl
04-04 22:25:21.072  9639  9781 E Finsky  : [74] ItemStore: getItems RPC failed for item com.android.systemui.emulation.pixel_4
04-04 22:25:21.073  9639  9781 E Finsky  : [74] ItemStore: getItems RPC failed for item com.android.wallpaper.livepicker
04-04 22:25:21.073  9639  9781 E Finsky  : [74] ItemStore: getItems RPC failed for item com.google.android.onetimeinitializer
04-04 22:25:21.073  9639  9781 E Finsky  : [74] ItemStore: getItems RPC failed for item com.android.internal.emulation.pixel_3a
04-04 22:25:21.074  9639  9781 E Finsky  : [74] ItemStore: getItems RPC failed for item com.android.internal.systemui.navbar.gestural_extra_wide_back
04-04 22:25:21.074  9639  9781 E Finsky  : [74] ItemStore: getItems RPC failed for item com.android.carrierconfig.auto_generated_rro_vendor__
04-04 22:25:21.074  9639  9781 E Finsky  : [74] ItemStore: getItems RPC failed for item com.android.emulator.multidisplay
04-04 22:25:21.074  9639  9781 E Finsky  : [74] ItemStore: getItems RPC failed for item com.android.internal.systemui.navbar.transparent
04-04 22:25:21.075  9639  9781 E Finsky  : [74] ItemStore: getItems RPC failed for item com.google.android.uwb.resources
04-04 22:25:21.078  9639  9781 E Finsky  : [74] ItemStore: getItems RPC failed for item com.google.android.feedback
04-04 22:25:21.080  9639  9779 E Finsky  : [72] ItemStore: getItems RPC failed for item com.google.android.odad
04-04 22:25:21.081  9639  9734 E Finsky  : [59] ItemStore: getItems RPC failed for item com.android.traceur.auto_generated_rro_product__
04-04 22:25:21.083  9639  9779 E Finsky  : [72] ItemStore: getItems RPC failed for item com.android.providers.telephony
04-04 22:25:21.083  9639  9734 E Finsky  : [59] ItemStore: getItems RPC failed for item com.android.systemui.emulation.pixel_3a
04-04 22:25:21.083  9639  9779 E Finsky  : [72] ItemStore: getItems RPC failed for item com.google.android.cellbroadcastservice
04-04 22:25:21.083  9639  9734 E Finsky  : [59] ItemStore: getItems RPC failed for item com.android.providers.settings.auto_generated_rro_vendor__
04-04 22:25:21.083  9639  9781 E Finsky  : [74] ItemStore: getItems RPC failed for item com.android.se
04-04 22:25:21.083  9639  9734 E Finsky  : [59] ItemStore: getItems RPC failed for item com.google.android.ext.shared
04-04 22:25:21.084  9639  9768 E Finsky  : [70] ItemStore: getItems RPC failed for item com.android.keychain
04-04 22:25:21.086  9639  9779 E Finsky  : [72] ItemStore: getItems RPC failed for item com.android.apex.cts.shim
04-04 22:25:21.086  9639  9734 E Finsky  : [59] ItemStore: getItems RPC failed for item com.android.systemui.emulation.pixel_4_xl
04-04 22:25:21.086  9639  9779 E Finsky  : [72] ItemStore: getItems RPC failed for item com.android.providers.calendar
04-04 22:25:21.086  9639  9781 E Finsky  : [74] ItemStore: getItems RPC failed for item com.google.android.devicelock
04-04 22:25:21.086  9639  9734 E Finsky  : [59] ItemStore: getItems RPC failed for item com.android.printspooler
04-04 22:25:21.086  9639  9779 E Finsky  : [72] ItemStore: getItems RPC failed for item com.android.systemui.emulation.pixel_3
04-04 22:25:21.086  9639  9781 E Finsky  : [74] ItemStore: getItems RPC failed for item com.android.internal.emulation.pixel_5
04-04 22:25:21.087  9639  9779 E Finsky  : [72] ItemStore: getItems RPC failed for item com.google.android.googlesdksetup
04-04 22:25:21.087  9639  9768 E Finsky  : [70] ItemStore: getItems RPC failed for item com.google.android.connectivity.resources.goldfish.overlay
04-04 22:25:21.087  9639  9779 E Finsky  : [72] ItemStore: getItems RPC failed for item com.google.android.networkstack.tethering.emulator
04-04 22:25:21.088  9639  9779 E Finsky  : [72] ItemStore: getItems RPC failed for item com.android.internal.emulation.pixel_8
04-04 22:25:21.088  9639  9768 E Finsky  : [70] ItemStore: getItems RPC failed for item com.android.systemui
04-04 22:25:21.088  9639  9734 E Finsky  : [59] ItemStore: getItems RPC failed for item com.google.android.health.connect.backuprestore
04-04 22:25:21.088  9639  9779 E Finsky  : [72] ItemStore: getItems RPC failed for item com.google.android.overlay.googleconfig
04-04 22:25:21.088  9639  9768 E Finsky  : [70] ItemStore: getItems RPC failed for item com.android.i18n
04-04 22:25:21.088  9639  9734 E Finsky  : [59] ItemStore: getItems RPC failed for item com.android.providers.settings
04-04 22:25:21.088  9639  9734 E Finsky  : [59] ItemStore: getItems RPC failed for item com.google.android.markup
04-04 22:25:21.088  9639  9768 E Finsky  : [70] ItemStore: getItems RPC failed for item com.android.wallpapercropper
04-04 22:25:21.088  9639  9734 E Finsky  : [59] ItemStore: getItems RPC failed for item com.android.bookmarkprovider
04-04 22:25:21.088  9639  9779 E Finsky  : [72] ItemStore: getItems RPC failed for item com.android.nfc
04-04 22:25:21.088  9639  9768 E Finsky  : [70] ItemStore: getItems RPC failed for item com.google.android.packageinstaller
04-04 22:25:21.088  9639  9779 E Finsky  : [72] ItemStore: getItems RPC failed for item com.android.ons
04-04 22:25:21.088  9639  9779 E Finsky  : [72] ItemStore: getItems RPC failed for item com.google.android.ondevicepersonalization.services
04-04 22:25:21.089  9639  9768 E Finsky  : [70] ItemStore: getItems RPC failed for item com.android.bips
04-04 22:25:21.089  9639  9734 E Finsky  : [59] ItemStore: getItems RPC failed for item com.android.certinstaller
04-04 22:25:21.089  9639  9779 E Finsky  : [72] ItemStore: getItems RPC failed for item com.android.mms.service
04-04 22:25:21.089  9639  9779 E Finsky  : [72] ItemStore: getItems RPC failed for item com.android.systemui.emulation.pixel_fold
04-04 22:25:21.089  9639  9768 E Finsky  : [70] ItemStore: getItems RPC failed for item com.android.soundpicker
04-04 22:25:21.089  9639  9768 E Finsky  : [70] ItemStore: getItems RPC failed for item com.android.externalstorage
04-04 22:25:21.089  9639  9734 E Finsky  : [59] ItemStore: getItems RPC failed for item com.android.dynsystem
04-04 22:25:21.089  9639  9779 E Finsky  : [72] ItemStore: getItems RPC failed for item com.google.android.nearby.halfsheet
04-04 22:25:21.089  9639  9768 E Finsky  : [70] ItemStore: getItems RPC failed for item com.android.systemui.plugin.globalactions.wallet
04-04 22:25:21.089  9639  9779 E Finsky  : [72] ItemStore: getItems RPC failed for item com.android.systemui.emulation.pixel_3_xl
04-04 22:25:21.089  9639  9734 E Finsky  : [59] ItemStore: getItems RPC failed for item com.android.server.telecom
04-04 22:25:21.089  9639  9779 E Finsky  : [72] ItemStore: getItems RPC failed for item com.google.android.widevine.nonupdatable
04-04 22:25:21.090  9639  9779 E Finsky  : [72] ItemStore: getItems RPC failed for item com.android.managedprovisioning
04-04 22:25:21.090  9639  9781 E Finsky  : [74] ItemStore: getItems RPC failed for item com.google.android.settings.intelligence
04-04 22:25:21.092  9639  9779 E Finsky  : [72] ItemStore: getItems RPC failed for item com.android.systemui.accessibility.accessibilitymenu.auto_generated_rro_product__
04-04 22:25:21.092  9639  9781 E Finsky  : [74] ItemStore: getItems RPC failed for item com.google.android.overlay.permissioncontroller
04-04 22:25:21.093  9639  9781 E Finsky  : [74] ItemStore: getItems RPC failed for item com.android.internal.systemui.navbar.twobutton
04-04 22:25:21.093  9639  9781 E Finsky  : [74] ItemStore: getItems RPC failed for item com.android.systemui.emulation.pixel_8
04-04 22:25:21.096  9639  9639 W Finsky  : [2] STU: Failed to get storage stats for package 'com.google.android.runtime' (1601: Error getting stats: android.content.pm.PackageManager.NameNotFoundException)
04-04 22:25:21.134  9639  9734 I Finsky  : [59] AU2: current managed auto update config: AUTO_UPDATE_POLICY_UNSPECIFIED
04-04 22:25:21.138  9639  9647 I android.vending: Background young concurrent copying GC freed 177384(6915KB) AllocSpace objects, 3(72KB) LOS objects, 20% free, 16MB/21MB, paused 774us,907us total 297.029ms
04-04 22:25:21.140  9660 10337 I Finsky:background: [101] IV2: adding timeout to install 1
04-04 22:25:21.156  9639  9734 I Finsky  : [59] AU2: current managed auto update config: AUTO_UPDATE_POLICY_UNSPECIFIED
04-04 22:25:21.172  9639  9734 I Finsky  : [59] AU2: current managed auto update config: AUTO_UPDATE_POLICY_UNSPECIFIED
04-04 22:25:21.204  9639  9734 I Finsky  : [59] AU2: current managed auto update config: AUTO_UPDATE_POLICY_UNSPECIFIED
04-04 22:25:21.205  9660 10337 I Finsky:background: [101] DL: Data loader session turned off due to Incremental install not requested: com.google.android.youtube
04-04 22:25:21.218  9660 10341 I Finsky:background: [105] IV2: Setting install scenario: 0
04-04 22:25:21.226  9639  9734 I Finsky  : [59] AU2: current managed auto update config: AUTO_UPDATE_POLICY_UNSPECIFIED
04-04 22:25:21.242  9639  9734 I Finsky  : [59] AU2: current managed auto update config: AUTO_UPDATE_POLICY_UNSPECIFIED
04-04 22:25:21.254  9639  9734 I Finsky  : [59] AU2: current managed auto update config: AUTO_UPDATE_POLICY_UNSPECIFIED
04-04 22:25:21.268  9639  9734 I Finsky  : [59] AU2: current managed auto update config: AUTO_UPDATE_POLICY_UNSPECIFIED
04-04 22:25:21.285  9639  9734 I Finsky  : [59] AU: Cannot update com.google.android.gms.supervision because package is disabled
04-04 22:25:21.316  9639  9734 I Finsky  : [59] AU2: current managed auto update config: AUTO_UPDATE_POLICY_UNSPECIFIED
04-04 22:25:21.327  9660 10341 I Finsky:background: [105] SM: Session with Context {name=com.google.android.youtube versionCode=1561063726} successfully created
04-04 22:25:21.346  9639  9734 I Finsky  : [59] AU2: current managed auto update config: AUTO_UPDATE_POLICY_UNSPECIFIED
04-04 22:25:21.354  9660  9750 I Finsky:background: [58] IV2::TV: allowMeteredNetwork=true for [Package=com.google.android.youtube, isid=r-sGlrLOR5epqrt2tmCi7g]
04-04 22:25:21.354  9660  9750 I Finsky:background: [58] IV2::TM: Task added. com.google.android.youtube[iid:1] [isid:r-sGlrLOR5epqrt2tmCi7g] [tid: 1000000001]
04-04 22:25:21.370  9639  9734 I Finsky  : [59] AU2: current managed auto update config: AUTO_UPDATE_POLICY_UNSPECIFIED
04-04 22:25:21.385  9639  9734 I Finsky  : [59] AU2: current managed auto update config: AUTO_UPDATE_POLICY_UNSPECIFIED
04-04 22:25:21.406  9639  9734 I Finsky  : [59] AU2: current managed auto update config: AUTO_UPDATE_POLICY_UNSPECIFIED
04-04 22:25:21.422  9639  9734 I Finsky  : [59] AU2: current managed auto update config: AUTO_UPDATE_POLICY_UNSPECIFIED
04-04 22:25:21.437  9660  9743 I Finsky:background: [57] IV2::TM: starting: 1000000001
04-04 22:25:21.440  9639  9734 I Finsky  : [59] AU2: current managed auto update config: AUTO_UPDATE_POLICY_UNSPECIFIED
04-04 22:25:21.441  9660  9750 I Finsky:background: [58] IV2::TM: Starting task: com.google.android.youtube[iid:1] [isid:r-sGlrLOR5epqrt2tmCi7g] [tid: 1000000001]
04-04 22:25:21.443  9660  9750 I Finsky:background: [58] IV2::TD starting task. com.google.android.youtube[iid:1] [isid:r-sGlrLOR5epqrt2tmCi7g] [tid: 1000000001]
04-04 22:25:21.445  9660 10337 I Finsky:background: [101] IV2::TD: Fetching metadata start. com.google.android.youtube[iid:1] [isid:r-sGlrLOR5epqrt2tmCi7g] [tid: 1000000001]
04-04 22:25:21.448  9660  9743 I Finsky:background: [57] Attempt creation of cached APK for com.google.android.youtube
04-04 22:25:21.452  9660 10337 I Finsky:background: [101] IV2: installer unavailable to accept com.google.android.gms. Current active installs : 
04-04 22:25:21.452  9660 10337 I Finsky:background: com.google.android.youtube: installId: 1 isid: r-sGlrLOR5epqrt2tmCi7g requested 0 min ago
04-04 22:25:21.453  9660  9743 I Finsky:background: [57] Preloads directory was not found.
04-04 22:25:21.453  9660 10337 W Finsky:background: [101] IV2: cannot process install request now for [Package:com.google.android.gms, isid:TMP0h2SKSUyG_LAvaDnHyw] with status code 1136
04-04 22:25:21.462  9660  9743 I Finsky:background: [57] File-by-File compatibility check result: true
04-04 22:25:21.467  9639  9734 I Finsky  : [59] AU2: current managed auto update config: AUTO_UPDATE_POLICY_UNSPECIFIED
04-04 22:25:21.484  9660  9743 W Finsky:background: [57] IU: Account  from AppState for update of com.google.android.youtube no longer exists.
04-04 22:25:21.487  9639  9734 I Finsky  : [59] AU2: current managed auto update config: AUTO_UPDATE_POLICY_UNSPECIFIED
04-04 22:25:21.513  9639  9734 I Finsky  : [59] AU2: current managed auto update config: AUTO_UPDATE_POLICY_UNSPECIFIED
04-04 22:25:21.523  9660  9743 W Finsky:background: [57] IU: Cannot get valid account for com.google.android.youtube
04-04 22:25:21.523  9660  9743 I Finsky:background: [57] Unauthenticated delivery for com.google.android.youtube.
04-04 22:25:21.531  9639  9734 I Finsky  : [59] AU2: current managed auto update config: AUTO_UPDATE_POLICY_UNSPECIFIED
04-04 22:25:21.562  9639  9734 I Finsky  : [59] AU2: current managed auto update config: AUTO_UPDATE_POLICY_UNSPECIFIED
04-04 22:25:21.580  9639  9734 I Finsky  : [59] AU2: current managed auto update config: AUTO_UPDATE_POLICY_UNSPECIFIED
04-04 22:25:21.582  9660 10346 D TrafficStats: tagSocket(118) with statsTag=0x4be64f9b, statsUid=-1
04-04 22:25:21.596  9639  9734 I Finsky  : [59] AU2: current managed auto update config: AUTO_UPDATE_POLICY_UNSPECIFIED
04-04 22:25:21.610  9639  9734 I Finsky  : [59] AU2: current managed auto update config: AUTO_UPDATE_POLICY_UNSPECIFIED
04-04 22:25:21.621  9639  9734 I Finsky  : [59] AU2: current managed auto update config: AUTO_UPDATE_POLICY_UNSPECIFIED
04-04 22:25:21.823  9639  9779 I Finsky  : [72] AIM: AppInfoManager-Perf > getApps > data collection finished
04-04 22:25:21.835  9639  9768 I Finsky  : [70] SCH: jobFinished: 10-101. TimeElapsed: 4251ms.
04-04 22:25:21.836  9639  9768 I Finsky  : [70] WM::SCH: Logging work end for 10-101
04-04 22:25:21.854  9639  9717 I Finsky  : [56] AU2: current managed auto update config: AUTO_UPDATE_POLICY_UNSPECIFIED
04-04 22:25:21.854  9639  9717 I Finsky  : [56] AU2: current managed auto update config: AUTO_UPDATE_POLICY_UNSPECIFIED
04-04 22:25:21.927  9639  9768 I Finsky  : [70] SCH: Scheduling phonesky job Id: 1-1337, CT: 1775341460753, Constraints: [{ L: 27261145, D: 70461145, C: CHARGING_NONE, I: IDLE_NONE, N: NET_ANY, B: BATTERY_ANY }]
04-04 22:25:21.930  9639  9768 I Finsky  : [70] SCH: Scheduling phonesky job Id: 10-4, CT: 1775341457367, Constraints: [{ L: 1200000, D: 86400000, C: CHARGING_NONE, I: IDLE_NONE, N: NET_ANY, B: BATTERY_ANY }]
04-04 22:25:21.938  9639  9768 I Finsky  : [70] SCH: Scheduling phonesky job Id: 10-11, CT: 1775341457370, Constraints: [{ L: 600000, D: 86400000, C: CHARGING_NONE, I: IDLE_NONE, N: NET_ANY, B: BATTERY_ANY }]
04-04 22:25:21.939  9639  9768 I Finsky  : [70] SCH: Scheduling phonesky job Id: 10-26, CT: 1775341457375, Constraints: [{ L: 600000, D: 86400000, C: CHARGING_NONE, I: IDLE_NONE, N: NET_ANY, B: BATTERY_ANY }]
04-04 22:25:21.939  9639  9768 I Finsky  : [70] SCH: Scheduling phonesky job Id: 10-123, CT: 1775341457428, Constraints: [{ L: 600000, D: 86400000, C: CHARGING_NONE, I: IDLE_NONE, N: NET_ANY, B: BATTERY_ANY }]
04-04 22:25:21.965  9639  9781 I Finsky  : [74] SCH: Scheduling 1 system job(s)
04-04 22:25:21.968  9639  9781 I Finsky  : [74] SCH: Scheduling system job Id: 9298, L: 535404, D: 70399932, C: false, I: false, N: 1
04-04 22:25:22.005  9639 10458 I Finsky  : [187] SCH: job service finished with id 9292.
04-04 22:25:22.045  9660 10337 I Finsky:background: [101] IV2::TD: Fetching metadata done. com.google.android.youtube[iid:1] [isid:r-sGlrLOR5epqrt2tmCi7g] [tid: 1000000001]
04-04 22:25:22.056  9660  9979 I Finsky:background: [86] ICalc: Partition available space: 4964261888, install size: 145598984, min free: 311405772, additional needed: 0
04-04 22:25:22.058  9660  9750 I Finsky:background: [58] AV::DSC: sufficient disk space space available for com.google.android.youtube[iid:1] [isid:r-sGlrLOR5epqrt2tmCi7g] [tid: 1000000001]: 145598984
04-04 22:25:22.101  9660  9740 W Finsky:background: [55] AV::PV: Can't download patch for package com.google.android.youtube, artifact com.google.android.youtube.apk, because didn't receive one in delivery response.
04-04 22:25:22.106  9660  9740 W Finsky:background: [55] AV::PV: Can't download patch for package com.google.android.youtube, artifact config.en, because didn't receive one in delivery response.
04-04 22:25:22.110  9660  9740 W Finsky:background: [55] AV::PV: Can't download patch for package com.google.android.youtube, artifact config.x86_64, because didn't receive one in delivery response.
04-04 22:25:22.120  9660  9740 W Finsky:background: [55] AV::PV: Can't download patch for package com.google.android.youtube, artifact config.xxhdpi, because didn't receive one in delivery response.
04-04 22:25:22.122  9660 10337 I Finsky:background: [101] IV2::TD: Resource fetch start. com.google.android.youtube[iid:1] [isid:r-sGlrLOR5epqrt2tmCi7g] [tid: 1000000001]
04-04 22:25:22.127  9660  9743 I Finsky:background: [57] RF: No TaskData found for a new request.
04-04 22:25:22.134  9660 10337 I Finsky:background: [101] IV2: onTaskProgress com.google.android.youtube[iid:1] [isid:r-sGlrLOR5epqrt2tmCi7g] status:RESOURCE_FETCH_START, size: 0/0
04-04 22:25:22.142   543   815 D WifiConfigStore: Writing to stores completed in 45 ms.
04-04 22:25:22.148  9660 10321 I Finsky:background: [95] IQ: Notifying installation update. [Package:com.google.android.youtube, isid:r-sGlrLOR5epqrt2tmCi7g] state:DOWNLOADING, status=DOWNLOADING, status_code=0, reason=rapid_auto_update, tsc=PT35.779S, attempt=0
04-04 22:25:22.174  9660  9735 I Finsky:background: [53] RF: RowId of the upserted row is 1000000001.
04-04 22:25:22.178  9660  9735 I Finsky:background: [53] RF: Start fetching and post processing all artifacts with real time bandwidth check.
04-04 22:25:22.192  9660  9660 I Finsky:background: [2] PIM: Ignore install package event for: com.google.android.youtube, isid: r-sGlrLOR5epqrt2tmCi7g
04-04 22:25:22.210  9639  9639 I Finsky  : [2] DL: Data loader session turned off due to Incremental install not requested: com.google.android.youtube
04-04 22:25:22.216  9639  9639 I Finsky  : [2] IQ::HLD: if pauseAppUpdates is called now, it must wait for these ongoing installs: [[Package:com.google.android.youtube, isid:r-sGlrLOR5epqrt2tmCi7g] state:DOWNLOADING]
04-04 22:25:22.240  9660  9743 I Finsky:background: [57] RM: create resource request id 04711fec-d96f-49b3-a658-1d283e5cffd2 for request com.google.android.youtube.dm reason: rapid_auto_update isid: r-sGlrLOR5epqrt2tmCi7g
04-04 22:25:22.276  9660  9740 I Finsky:background: [55] RM: create resource request id 78fdc9e2-8cdb-4da8-8f4b-2a30e02cd6c7 for request config.en reason: rapid_auto_update isid: r-sGlrLOR5epqrt2tmCi7g
04-04 22:25:22.315  9660  9743 I Finsky:background: [57] RM: create resource request id 4e647fc9-7474-481b-952c-e5e82258c8f8 for request config.x86_64 reason: rapid_auto_update isid: r-sGlrLOR5epqrt2tmCi7g
04-04 22:25:22.353  9660  9750 I Finsky:background: [58] RM: create resource request id 56e4433f-efed-495a-9b5a-e8287b88e4ae for request com.google.android.youtube.apk reason: rapid_auto_update isid: r-sGlrLOR5epqrt2tmCi7g
04-04 22:25:22.443  9660  9754 I Finsky:background: [60] DSC: enqueue()
04-04 22:25:22.485  9660  9964 I Finsky:background: [85] DS: request_id=12 generated with shared preferences
04-04 22:25:22.485  9660  9964 I Finsky:background: [85] DS: enqueue(request_id=12, files_to_download=[com.google.android.youtube.dm(size:493054)], context[group_id=com.google.android.youtube:r-sGlrLOR5epqrt2tmCi7g], display_data[invisible=true, title=Required app update], network_restrictions=ANY_NETWORK
04-04 22:25:22.501  9660  9754 I Finsky:background: [60] DSC: enqueue()
04-04 22:25:22.540  9660  9964 I Finsky:background: [85] DS: request_id=13 generated with shared preferences
04-04 22:25:22.541  9660  9964 I Finsky:background: [85] DS: enqueue(request_id=13, files_to_download=[config.en(size:70788)], context[group_id=com.google.android.youtube:r-sGlrLOR5epqrt2tmCi7g], display_data[invisible=true, title=Required app update], network_restrictions=ANY_NETWORK
04-04 22:25:22.571  9660  9964 I Finsky:background: [85] DS: enqueue with parallel downloads (request_id=12,groupId=com.google.android.youtube:r-sGlrLOR5epqrt2tmCi7g)
04-04 22:25:22.572  9660  9964 I Finsky:background: [85] DS::OK: download(12)
04-04 22:25:22.573  9660  9964 I Finsky:background: [85] DSC::L: Update all listeners for download <12:QUEUED with WAITING_FOR_START:0%[0%]> in group com.google.android.youtube:r-sGlrLOR5epqrt2tmCi7g
04-04 22:25:22.575  9660  9964 I Finsky:background: [85] DSC::L: Updating listener DownloadServiceManagerListener::rzy@5aab94b for download <12:QUEUED with WAITING_FOR_START:0%[0%]>
04-04 22:25:22.582  9660  9964 I Finsky:background: [85] DSC::L: Updating listener DownloadServiceManagerListener::amrb@a9d5272 for download <12:QUEUED with WAITING_FOR_START:0%[0%]>
