04-04 22:25:36.629   543   822 E ConnectivityService: Exception in networkAddRouteParcel for gateway: android.os.ServiceSpecificException: Machine is not on the network (code 64)
04-04 22:25:36.654  1054  8854 D DhcpClient: Scheduling renewal in 43199s
04-04 22:25:36.654  1054  8854 D DhcpClient: Scheduling rebind in 75599s
04-04 22:25:36.654  1054  8854 D DhcpClient: Scheduling expiry in 86399s
04-04 22:25:36.668   892   892 D StatusBarIconController: ignoring old pipeline callbacks, because the new mobile icons are enabled
04-04 22:25:36.674   543   815 E WifiStaIfaceAidlImpl: installApfPacketFilter failed with service-specific exception: android.os.ServiceSpecificException:  (code 4)
04-04 22:25:36.676   543   815 W ContextImpl: Calling a method in the system process without a qualified user: android.app.ContextImpl.sendStickyBroadcast:1626 com.android.server.wifi.ClientModeImpl.sendNetworkChangeBroadcast:3008 com.android.server.wifi.ClientModeImpl.lambda$sendNetworkChangeBroadcastWithCurrentState$14:2985 com.android.server.wifi.ClientModeImpl.$r8$lambda$q-j88Pjw4gROgoJFr8wBlBVbuJI:0 com.android.server.wifi.ClientModeImpl$$ExternalSyntheticLambda4.send:0 
04-04 22:25:36.677   543   822 D ConnectivityService: Setting DNS servers for network 107 to [/10.0.2.3]
04-04 22:25:36.683   543   822 D ConnectivityService: [107 WIFI] EVENT_NETWORK_INFO_CHANGED, going from CONNECTING to CONNECTED
04-04 22:25:36.700   543   822 D DnsManager: sendDnsConfigurationForNetwork(107, [10.0.2.3], [], 1800, 25, 8, 64, 0, 0, , [])
04-04 22:25:36.712   543   822 W DnsManager: updatePrivateDns(107, PrivateDnsConfig{true:/[]})
04-04 22:25:36.713   543   822 D ConnectivityService: Setting DNS servers for network 107 to [/10.0.2.3]
04-04 22:25:36.716   543   822 D DnsManager: sendDnsConfigurationForNetwork(107, [10.0.2.3], [], 1800, 25, 8, 64, 0, 0, , [10.0.2.3])
04-04 22:25:36.720   359 10639 W resolv  : Validating DnsTlsServer 10.0.2.3 with mark 0xf006b
04-04 22:25:36.721   359 10639 W resolv  : Socket failed to connect: Network is unreachable
04-04 22:25:36.722   359 10639 W resolv  : TCP Handshake failed: 101
04-04 22:25:36.723   359 10639 W resolv  : query failed
04-04 22:25:36.723   359 10639 W resolv  : validateDnsTlsServer returned 0 for 10.0.2.3
04-04 22:25:36.724   359 10639 W resolv  : Validation failed
04-04 22:25:36.726   543   815 W WifiScoreReport: Cannot start external scoring netId=107 currentNetId=107 currentNetCapabilities=[ Transports: WIFI Capabilities: NOT_METERED&INTERNET&NOT_RESTRICTED&TRUSTED&NOT_VPN&NOT_ROAMING&NOT_CONGESTED&NOT_SUSPENDED&NOT_VCN_MANAGED LinkUpBandwidth>=12000Kbps LinkDnBandwidth>=30000Kbps Specifier: <WifiNetworkAgentSpecifier [WifiConfiguration=, SSID="AndroidWifi", BSSID=00:13:10:85:fe:01, band=1, mMatchLocalOnlySpecifiers=false]> TransportInfo: <SSID: "AndroidWifi", BSSID: 00:13:10:85:fe:01, MAC: 02:15:b2:00:00:00, IP: /10.0.2.16, Security type: 0, Supplicant state: COMPLETED, Wi-Fi standard: 1, RSSI: -50, Link speed: 1Mbps, Tx Link speed: 1Mbps, Max Supported Tx Link speed: 11Mbps, Rx Link speed: -1Mbps, Max Supported Rx Link speed: 11Mbps, Frequency: 2447MHz, Net ID: 0, Metered hint: false, score: 60, isUsable: true, CarrierMerged: false, SubscriptionId: -1, IsPrimary: 1, Trusted: true, Restricted: false, Ephemeral: false, OEM paid: false, OEM private: false, OSU AP: false, FQDN: <none>, Provider friendly name: <none>, Requesting package name: <none>"AndroidWifi"openMLO Information: , Is TID-To-Link negotiation supported by the AP: false, AP MLD Address: <none>, AP MLO Link Id: <none>, AP MLO Affiliated links: <none>> SignalStrength: -50 AllowedUids: <{10156}> OwnerUid: 10156 AdminUids: [10156] SSID: "AndroidWifi" UnderlyingNetworks: Null] sessionId=1071
04-04 22:25:36.743 10512 10533 D EGL_emulation: app_time_stats: avg=295.42ms min=12.75ms max=1153.75ms count=6
04-04 22:25:36.758   543   822 D ConnectivityService: Adding iface wlan0 to network 107
04-04 22:25:36.790 10512 10512 I Choreographer: Skipped 66 frames!  The application may be doing too much work on its main thread.
04-04 22:25:36.807   543   822 D ConnectivityService: Setting DNS servers for network 107 to [/10.0.2.3]
04-04 22:25:36.808   543   822 D DnsManager: sendDnsConfigurationForNetwork(107, [10.0.2.3], [], 1800, 25, 8, 64, 0, 0, , [10.0.2.3])
04-04 22:25:36.809   359 10640 W resolv  : Validating DnsTlsServer 10.0.2.3 with mark 0xf006b
04-04 22:25:36.826   543   976 D WifiMemoryStoreImpl: Set cluster G4178a10de23defe for W9b4d32458cda484c: SUCCESS
04-04 22:25:36.844   892   892 D StatusBarIconController: ignoring old pipeline callbacks, because the new mobile icons are enabled
04-04 22:25:36.911   543   815 E WifiStaIfaceAidlImpl: stopRssiMonitoring failed with service-specific exception: android.os.ServiceSpecificException:  (code 5)
04-04 22:25:36.943  1054 10642 D TrafficStats: tagSocket(108) with statsTag=0xffffff81, statsUid=-1
04-04 22:25:36.958   543   976 D WifiMemoryStoreImpl: Set cluster G4178a10de23defe for W4178a10de23defe: SUCCESS
04-04 22:25:36.967  1054 10643 D TrafficStats: tagSocket(110) with statsTag=0xffffff81, statsUid=-1
04-04 22:25:36.971  1054 10642 D TrafficStats: tagSocket(108) with statsTag=0xffffff81, statsUid=-1
04-04 22:25:36.978   543   822 D ConnectivityService: NetReassign [no changes] [c 1] [a 63] [i 6]
04-04 22:25:36.979  1054 10643 D TrafficStats: tagSocket(110) with statsTag=0xffffff81, statsUid=-1
04-04 22:25:37.048  7261  7375 I ChimeraSrvcProxy: NullBinder for android.net.action.RECOMMEND_NETWORKS triggering remote TransactionTooLargeException due to Service without Chimera impl
04-04 22:25:37.049  7261  7375 W .gms.persistent: Large reply transaction of 1056768 bytes, interface descriptor , code 1
04-04 22:25:37.072  1054  8854 D IpClient/wlan0: addressUpdated: fe80::d3c9:764a:49ac:d020/64 on ifindex 16 flags 0x00000880 scope 253
04-04 22:25:37.370 10512 10529 I OpenGLRenderer: Davey! duration=1104ms; Flags=0, FrameTimelineVsyncId=65020, IntendedVsync=1234006695619, Vsync=1234006695619, InputEventId=0, HandleInputStart=1234010498067, AnimationStart=1234010509827, PerformTraversalsStart=1234018665963, DrawStart=1234019229805, FrameDeadline=1234023362285, FrameInterval=1234010441924, FrameStartTime=16666666, SyncQueued=1234021094742, SyncStart=1234021146295, IssueDrawCommandsStart=1234021202744, SwapBuffers=1235097465591, FrameCompleted=1235111539949, DequeueBufferDuration=41023, QueueBufferDuration=1340719, GpuCompleted=1235111539949, SwapBuffersCompleted=1235103758925, DisplayPresentTime=0, CommandSubmissionCompleted=1235097465591, 
04-04 22:25:37.433 10512 10512 I Choreographer: Skipped 35 frames!  The application may be doing too much work on its main thread.
04-04 22:25:37.508  1054  8854 D IpClient/wlan0: routeUpdated: ::/0 -> fe80::2 wlan0 mtu 0
04-04 22:25:37.508  1054  8854 D IpClient/wlan0: routeUpdated: fec0::/64 -> :: wlan0 mtu 0
04-04 22:25:37.509  1054  8854 D IpClient/wlan0: interfaceDnsServerInfo: [fec0::3]
04-04 22:25:37.532  1054 10638 D ApfFilter: (wlan0): Adding RA fe80::2 -> ff02::1 1800s fec0::/64 86400s/14400s DNS 1200000s fec0::3 
04-04 22:25:37.542   543   815 E WifiStaIfaceAidlImpl: installApfPacketFilter failed with service-specific exception: android.os.ServiceSpecificException:  (code 4)
04-04 22:25:37.547  1054  8854 D IpClient/wlan0: addressUpdated: fec0::5b8c:a573:84ab:c876/64 on ifindex 16 flags 0x00000944 scope 200
04-04 22:25:37.549  1054  8854 D IpClient/wlan0: addressUpdated: fec0::6290:3f56:52d7:6878/64 on ifindex 16 flags 0x00000045 scope 200
04-04 22:25:37.559   359   397 E netd    : Error adding route ::/0 -> fe80::2 wlan0 to table 1016: File exists
04-04 22:25:37.561   543   822 D ConnectivityService: Setting DNS servers for network 107 to [/fec0::3, /10.0.2.3]
04-04 22:25:37.561   543   822 D DnsManager: sendDnsConfigurationForNetwork(107, [fec0::3, 10.0.2.3], [], 1800, 25, 8, 64, 0, 0, , [fec0::3, 10.0.2.3])
04-04 22:25:37.565   359 10646 W resolv  : Validating DnsTlsServer fec0::3 with mark 0xf006b
04-04 22:25:37.845   892   892 D StatusBarIconController: ignoring old pipeline callbacks, because the new mobile icons are enabled
04-04 22:25:37.972 10512 10533 D EGL_emulation: app_time_stats: avg=613.94ms min=598.77ms max=629.11ms count=2
04-04 22:25:37.989 10512 10529 I OpenGLRenderer: Davey! duration=1752ms; Flags=0, FrameTimelineVsyncId=65034, IntendedVsync=1234040028951, Vsync=1235140028907, InputEventId=0, HandleInputStart=1235153586412, AnimationStart=1235153592304, PerformTraversalsStart=1235189594626, DrawStart=1235189894562, FrameDeadline=1235773362215, FrameInterval=1235149646675, FrameStartTime=16666666, SyncQueued=1235192105111, SyncStart=1235732883346, IssueDrawCommandsStart=1235732929742, SwapBuffers=1236325961176, FrameCompleted=1236333050959, DequeueBufferDuration=59862, QueueBufferDuration=2175055, GpuCompleted=1236331448509, SwapBuffersCompleted=1236333050959, DisplayPresentTime=0, CommandSubmissionCompleted=1236325961176, 
04-04 22:25:38.254  1054  1054 D TrafficStats: tagSocket(107) with statsTag=0xffffffff, statsUid=-1
04-04 22:25:38.263  1054 10643 D NetworkMonitor/107: PROBE_DNS connectivitycheck.gstatic.com 1295ms OK 142.251.110.94
04-04 22:25:38.290  1054  8854 D IpClient/wlan0: addressUpdated: fec0::6290:3f56:52d7:6878/64 on ifindex 16 flags 0x00000001 scope 200
04-04 22:25:38.291  1054  8854 D IpClient/wlan0: addressUpdated: fec0::5b8c:a573:84ab:c876/64 on ifindex 16 flags 0x00000900 scope 200
04-04 22:25:38.448  1054  1054 D TrafficStats: tagSocket(108) with statsTag=0xffffffff, statsUid=-1
04-04 22:25:38.458  1054  1054 D TrafficStats: tagSocket(108) with statsTag=0xffffffff, statsUid=-1
04-04 22:25:38.464  1054  1054 D TrafficStats: tagSocket(108) with statsTag=0xffffffff, statsUid=-1
04-04 22:25:38.472  1054  1054 D TrafficStats: tagSocket(108) with statsTag=0xffffffff, statsUid=-1
04-04 22:25:38.478  1054  1054 D TrafficStats: tagSocket(108) with statsTag=0xffffffff, statsUid=-1
04-04 22:25:38.486  1054  1054 D TrafficStats: tagSocket(108) with statsTag=0xffffffff, statsUid=-1
04-04 22:25:38.492  1054  1054 D TrafficStats: tagSocket(108) with statsTag=0xffffffff, statsUid=-1
04-04 22:25:38.502  1054  1054 D TrafficStats: tagSocket(108) with statsTag=0xffffffff, statsUid=-1
04-04 22:25:38.513  1054 10642 D NetworkMonitor/107: PROBE_DNS www.google.com 1569ms OK 142.251.150.119,142.251.151.119,142.251.155.119,142.251.153.119,142.251.157.119,142.251.152.119,142.251.156.119,142.251.154.119
04-04 22:25:38.726 10512 10653 D ProfileInstaller: Installing profile for de.myfrya.app
04-04 22:25:39.085 10512 10533 D EGL_emulation: app_time_stats: avg=277.80ms min=39.19ms max=529.90ms count=4
04-04 22:25:39.158  1054 10642 D TrafficStats: tagSocket(108) with statsTag=0xffffff81, statsUid=-1
04-04 22:25:39.179  1054 10643 D TrafficStats: tagSocket(107) with statsTag=0xffffff81, statsUid=-1
04-04 22:25:39.183 10420 10421 W ziparchive: Unable to open '/data/user_de/0/com.google.android.gms/app_chimera/m/00000004/DynamiteModulesC.dm': No such file or directory
04-04 22:25:39.183 10420 10421 W ziparchive: Unable to open '/data/user_de/0/com.google.android.gms/app_chimera/m/00000004/DynamiteModulesC.dm': No such file or directory
04-04 22:25:39.207 10420 10421 W ziparchive: Unable to open '/data/user_de/0/com.google.android.gms/app_chimera/m/00000000/AdsDynamite.dm': No such file or directory
04-04 22:25:39.208 10420 10421 W ziparchive: Unable to open '/data/user_de/0/com.google.android.gms/app_chimera/m/00000000/AdsDynamite.dm': No such file or directory
04-04 22:25:39.228 10420 10421 W ziparchive: Unable to open '/data/user_de/0/com.google.android.gms/app_chimera/m/00000001/CronetDynamite.dm': No such file or directory
04-04 22:25:39.228 10420 10421 W ziparchive: Unable to open '/data/user_de/0/com.google.android.gms/app_chimera/m/00000001/CronetDynamite.dm': No such file or directory
04-04 22:25:39.262 10420 10421 W ziparchive: Unable to open '/data/user_de/0/com.google.android.gms/app_chimera/m/00000002/DynamiteLoader.dm': No such file or directory
04-04 22:25:39.262 10420 10421 W ziparchive: Unable to open '/data/user_de/0/com.google.android.gms/app_chimera/m/00000002/DynamiteLoader.dm': No such file or directory
04-04 22:25:39.289 10420 10421 W ziparchive: Unable to open '/data/user/0/com.google.android.gms/app_fb/f.dm': No such file or directory
04-04 22:25:39.291 10420 10421 W ziparchive: Unable to open '/data/user/0/com.google.android.gms/app_fb/f.dm': No such file or directory
04-04 22:25:39.300 10420 10421 W ziparchive: Unable to open '/data/user_de/0/com.google.android.gms/app_chimera/m/00000008/dl-VisionOcrDynamite.integ_231602402100000.dm': No such file or directory
04-04 22:25:39.300 10420 10421 W ziparchive: Unable to open '/data/user_de/0/com.google.android.gms/app_chimera/m/00000008/dl-VisionOcrDynamite.integ_231602402100000.dm': No such file or directory
04-04 22:25:39.304  7261  8468 I ChimeraSrvcProxy: NullBinder for android.net.action.RECOMMEND_NETWORKS triggering remote TransactionTooLargeException due to Service without Chimera impl
04-04 22:25:39.305  7261  8468 W .gms.persistent: Large reply transaction of 1056768 bytes, interface descriptor , code 1
04-04 22:25:39.321 10420 10421 W ziparchive: Unable to open '/data/user_de/0/com.google.android.gms/app_chimera/m/00000005/GoogleCertificates.dm': No such file or directory
04-04 22:25:39.321 10420 10421 W ziparchive: Unable to open '/data/user_de/0/com.google.android.gms/app_chimera/m/00000005/GoogleCertificates.dm': No such file or directory
04-04 22:25:39.340 10420 10421 W ziparchive: Unable to open '/data/user_de/0/com.google.android.gms/app_chimera/m/00000009/dl-MlkitOcrCommon.optional_231818100800.dm': No such file or directory
04-04 22:25:39.340 10420 10421 W ziparchive: Unable to open '/data/user_de/0/com.google.android.gms/app_chimera/m/00000009/dl-MlkitOcrCommon.optional_231818100800.dm': No such file or directory
04-04 22:25:39.362 10420 10421 W ziparchive: Unable to open '/data/user_de/0/com.google.android.gms/app_chimera/m/00000007/MeasurementDynamite.dm': No such file or directory
04-04 22:25:39.362 10420 10421 W ziparchive: Unable to open '/data/user_de/0/com.google.android.gms/app_chimera/m/00000007/MeasurementDynamite.dm': No such file or directory
04-04 22:25:39.617  9660 10341 I Finsky:background: [105] RF::PP-Copy: Finished copying from input stream for config.x86_64
04-04 22:25:39.946  1054 10641 D TrafficStats: tagSocket(111) with statsTag=0xffffff81, statsUid=-1
04-04 22:25:39.967  9660  9735 I Finsky:background: [53] RF::PP-Verify: starting to verify for com.google.android.youtube[iid:1] [isid:r-sGlrLOR5epqrt2tmCi7g] [tid: 1000000001].
04-04 22:25:39.968  9660  9735 I Finsky:background: [53] RF::PP-Verify: starting to verify for com.google.android.youtube[iid:1] [isid:r-sGlrLOR5epqrt2tmCi7g] [tid: 1000000001].
04-04 22:25:40.026  1054 10643 D NetworkMonitor/107: PROBE_HTTP http://connectivitycheck.gstatic.com/generate_204 time=1757ms ret=204 request={Connection=[close], User-Agent=[Mozilla/5.0 (X11; Linux x86_64) AppleWebKit/537.36 (KHTML, like Gecko) Chrome/60.0.3112.32 Safari/537.36]} headers={null=[HTTP/1.1 204 No Content], Connection=[close], Content-Length=[0], Cross-Origin-Resource-Policy=[cross-origin], Date=[Sat, 04 Apr 2026 22:25:44 GMT], X-Android-Received-Millis=[1775341540023], X-Android-Response-Source=[NETWORK 204], X-Android-Selected-Protocol=[http/1.1], X-Android-Sent-Millis=[1775341539526]}
04-04 22:25:40.030  9660  9740 I Finsky:background: [55] RM: remove resources for request 4e647fc9-7474-481b-952c-e5e82258c8f8
04-04 22:25:40.042  9660  9742 I Finsky:background: [56] RM: remove resourceRequestId=4e647fc9-7474-481b-952c-e5e82258c8f8 requestId=14 package=com.google.android.youtube artifact=config.x86_64 isid=r-sGlrLOR5epqrt2tmCi7g
04-04 22:25:40.042  9660  9742 I Finsky:background: [56] DSC: remove(14)
04-04 22:25:40.047  9660  9742 I Finsky:background: [56] DS: remove(request_id=14)
04-04 22:25:40.075  9660  9735 I Finsky:background: [53] RM: remove resources for request 56e4433f-efed-495a-9b5a-e8287b88e4ae
04-04 22:25:40.090 10512 10533 D EGL_emulation: app_time_stats: avg=502.20ms min=477.00ms max=527.39ms count=2
04-04 22:25:40.101  9660  9752 I Finsky:background: [59] RM: remove resourceRequestId=56e4433f-efed-495a-9b5a-e8287b88e4ae requestId=15 package=com.google.android.youtube artifact=com.google.android.youtube.apk isid=r-sGlrLOR5epqrt2tmCi7g
04-04 22:25:40.102  9660  9752 I Finsky:background: [59] DSC: remove(15)
04-04 22:25:40.111  9660  9752 I Finsky:background: [59] DS: remove(request_id=15)
04-04 22:25:40.140  9660  9964 I Finsky:background: [85] DS: DS: onRemove(request_id=14, files_to_download=[config.x86_64(size:24667829)], context[group_id=com.google.android.youtube:r-sGlrLOR5epqrt2tmCi7g], display_data[invisible=true, title=Required app update], network_restrictions=ANY_NETWORK status=succeeded, bytes_downloaded=24667829, total_bytes=24667829, retry[count=0, next_retry=n/a])
04-04 22:25:40.183  9660  9964 I Finsky:background: [85] DS: DS: onRemove(request_id=15, files_to_download=[com.google.android.youtube.apk(size:22848372)], context[group_id=com.google.android.youtube:r-sGlrLOR5epqrt2tmCi7g], display_data[invisible=true, title=Required app update], network_restrictions=ANY_NETWORK status=succeeded, bytes_downloaded=22848372, total_bytes=22848372, retry[count=0, next_retry=n/a])
04-04 22:25:40.211  1054 10642 D NetworkMonitor/107: PROBE_HTTPS https://www.google.com/generate_204 time=1693ms ret=204 request={Connection=[close], User-Agent=[Mozilla/5.0 (X11; Linux x86_64) AppleWebKit/537.36 (KHTML, like Gecko) Chrome/60.0.3112.32 Safari/537.36]} headers={null=[HTTP/1.1 204 No Content], Alt-Svc=[h3=":443"; ma=2592000,h3-29=":443"; ma=2592000], Connection=[close], Content-Length=[0], Cross-Origin-Resource-Policy=[cross-origin], Date=[Sat, 04 Apr 2026 22:25:44 GMT], X-Android-Received-Millis=[1775341540209], X-Android-Response-Source=[NETWORK 204], X-Android-Selected-Protocol=[http/1.1], X-Android-Sent-Millis=[1775341540033]}
04-04 22:25:40.220  1054 10641 D NetworkMonitor/107: PROBE_FALLBACK http://www.google.com/gen_204 time=274ms ret=204 request={Connection=[close], User-Agent=[Mozilla/5.0 (X11; Linux x86_64) AppleWebKit/537.36 (KHTML, like Gecko) Chrome/60.0.3112.32 Safari/537.36]} headers={null=[HTTP/1.1 204 No Content], Connection=[close], Content-Length=[0], Content-Security-Policy=[object-src 'none';base-uri 'self';script-src 'nonce-lI54YwUlpADDsTYgJjtMHg' 'strict-dynamic' 'report-sample' 'unsafe-eval' 'unsafe-inline' https: http:;report-uri https://csp.withgoogle.com/csp/gws/other], Content-Type=[text/html; charset=UTF-8], Date=[Sat, 04 Apr 2026 22:25:44 GMT], Permissions-Policy=[unload=()], Server=[gws], X-Android-Received-Millis=[1775341540219], X-Android-Response-Source=[NETWORK 204], X-Android-Selected-Protocol=[http/1.1], X-Android-Sent-Millis=[1775341540019], X-Frame-Options=[SAMEORIGIN], X-XSS-Protection=[0]}
04-04 22:25:40.220  9660  9735 I Finsky:background: [53] RF: With real time bandwidth check, rest nugget is present: false, shouldDownloadRestNugget: false
04-04 22:25:40.223  1054 10641 D NetworkMonitor/107: isCaptivePortal: isSuccessful()=true isPortal()=false RedirectUrl=null isPartialConnectivity()=false Time=3289ms
04-04 22:25:40.233   543   822 I ConnectivityService: Update score for net 107 : +EVER_EVALUATED
04-04 22:25:40.233   543   822 D ConnectivityService: [107 WIFI] validation passed
04-04 22:25:40.233   543   822 I ConnectivityService: Update capabilities for net 107 : +VALIDATED
04-04 22:25:40.233   543   822 I ConnectivityService: Update score for net 107 : +EVER_VALIDATED+IS_VALIDATED
04-04 22:25:40.240   543   822 D ConnectivityService: Switching to new default network for: uid/pid:1000/543 activeRequest: 1 callbackRequest: 1 [NetworkRequest [ REQUEST id=1, [ Capabilities: INTERNET&NOT_RESTRICTED&TRUSTED&NOT_VPN&NOT_VCN_MANAGED RequestorUid: 1000 RequestorPkg: android UnderlyingNetworks: Null] ]] callback flags: 1 order: 2147483647 using NetworkAgentInfo{network{107}  handle{462967197709}  ni{WIFI CONNECTED extra: } created=2026-04-04T22:25:36.173Z Score(Policies : TRANSPORT_PRIMARY&EVER_EVALUATED&IS_UNMETERED&EVER_VALIDATED&IS_VALIDATED ; KeepConnected : 0)  created 1235070 firstValidated 1238592 lastValidated 1238592  lp{{InterfaceName: wlan0 LinkAddresses: [ fe80::d3c9:764a:49ac:d020/64,10.0.2.16/24,fec0::5b8c:a573:84ab:c876/64,fec0::6290:3f56:52d7:6878/64 ] DnsAddresses: [ /fec0::3,/10.0.2.3 ] Domains: null MTU: 0 ServerAddress: /10.0.2.2 TcpBufferSizes: 524288,1048576,2097152,262144,524288,1048576 Routes: [ fe80::/64 -> :: wlan0 mtu 0,::/0 -> fe80::2 wlan0 mtu 0,fec0::/64 -> :: wlan0 mtu 0,10.0.2.0/24 -> 0.0.0.0 wlan0 mtu 0,0.0.0.0/0 -> 10.0.2.2 wlan0 mtu 0 ]}}  nc{[ Transports: WIFI Capabilities: NOT_METERED&INTERNET&NOT_RESTRICTED&TRUSTED&NOT_VPN&VALIDATED&NOT_ROAMING&FOREGROUND&NOT_CONGESTED&NOT_SUSPENDED&NOT_VCN_MANAGED LinkUpBandwidth>=12000Kbps LinkDnBandwidth>=30000Kbps Specifier: <WifiNetworkAgentSpecifier [WifiConfiguration=, SSID="AndroidWifi", BSSID=00:13:10:85:fe:01, band=1, mMatchLocalOnlySpecifiers=false]> TransportInfo: <SSID: "AndroidWifi", BSSID: 00:13:10:85:fe:01, MAC: 02:15:b2:00:00:00, IP: /10.0.2.16, Security type: 0, Supplicant state: COMPLETED, Wi-Fi standard: 1, RSSI: -50, Link speed: 1Mbps, Tx Link speed: 1Mbps, Max Supported Tx Link speed: 11Mbps, Rx Link speed: 2Mbps, Max Supported Rx Link speed: 11Mbps, Frequency: 2447MHz, Net ID: 0, Metered hint: false, score: 60, isUsable: true, CarrierMerged: false, SubscriptionId: -1, IsPrimary: 1, Trusted: true, Restricted: false, Ephemeral: false, OEM paid: false, OEM private: false, OSU AP: false, FQDN: <none>, Provider friendly name: <none>, Requesting package name: <none>"AndroidWifi"openMLO Information: , Is TID-To-Link negotiation supported by the AP: false, AP MLD Address: <none>, AP MLO Link Id: <none>, AP MLO Affiliated links: <none>> SignalStrength: -50 OwnerUid: 10156 AdminUids: [10156] SSID: "AndroidWifi" UnderlyingNetworks: Null]}  factorySerialNumber=5}
04-04 22:25:40.250   359   385 E NetlinkEvent: NetlinkEvent::FindParam(): Parameter 'INTERFACE' not found
04-04 22:25:40.250   359   385 E NetlinkEvent: NetlinkEvent::FindParam(): Parameter 'STATE' not found
04-04 22:25:40.250   359   385 E NetlinkEvent: NetlinkEvent::FindParam(): Parameter 'TIME_NS' not found
04-04 22:25:40.250   359   385 E NetlinkEvent: NetlinkEvent::FindParam(): Parameter 'UID' not found
04-04 22:25:40.282   543  1570 D TelephonyManager: requestModemActivityInfo: Sending result to app: ModemActivityInfo{ mTimestamp=1238638 mSleepTimeMs=0 mIdleTimeMs=1238609 mActivityStatsTechSpecificInfo=[{mRat=UNKNOWN,mFrequencyRange=UNKNOWN,mTxTimeMs[]=[0, 0, 0, 0, 0],mRxTimeMs=0}]}
04-04 22:25:40.297  9660 10337 I Finsky:background: [101] IV2::TD: Resource fetch done. com.google.android.youtube[iid:1] [isid:r-sGlrLOR5epqrt2tmCi7g] [tid: 1000000001]
04-04 22:25:40.301  9660 10337 I Finsky:background: [101] IV2::TD: Installing start. com.google.android.youtube[iid:1] [isid:r-sGlrLOR5epqrt2tmCi7g] [tid: 1000000001]
04-04 22:25:40.310  9660 10337 I Finsky:background: [101] IV2::TD: Submit start. com.google.android.youtube[iid:1] [isid:r-sGlrLOR5epqrt2tmCi7g] [tid: 1000000001]
04-04 22:25:40.319  9660 10337 I Finsky:background: [101] IV2: onTaskProgress com.google.android.youtube[iid:1] [isid:r-sGlrLOR5epqrt2tmCi7g] status:RESOURCE_FETCH_DONE).
04-04 22:25:40.322  9660 10337 I Finsky:background: [101] IV2: stopping install timeout for 1
04-04 22:25:40.322  9660 10337 I Finsky:background: [101] IV2: onTaskProgress com.google.android.youtube[iid:1] [isid:r-sGlrLOR5epqrt2tmCi7g] status:SUBMIT_START, size: 0/0
04-04 22:25:40.350  6419  6495 I BugleRcsEngine: [65] bqvv.c: Connected state: [1], networkType: [WIFI]
04-04 22:25:40.351  9660  9740 I Finsky:background: [55] IQ: start evaluating install requests.
04-04 22:25:40.352  6419  6637 I BugleRcsEngine: [80] brqh.handleMessage: RcsEngineImpl[DUAL_REG]:[d424cc88-38bf]>Handler: handleMessage processing message:[NOTIFY_UPTIME_IGNORE_STATE_CHANGED] with [non-null]:RcsEngineImpl reference
04-04 22:25:40.371  9660  9797 I Finsky:background: [66] DS: Network is available [NetworkState{connected=true, wifi=true, metered=false, roaming=false}].
04-04 22:25:40.372  9660  9797 I Finsky:background: [66] DS: Updating downloads for network change
04-04 22:25:40.377  6419  6495 I BugleRcsEngine: [65] bqvv.c: Connected state: [1], networkType: [WIFI]
04-04 22:25:40.380  9660  9964 I Finsky:background: [85] DS: downloadState filtering results: {1=false, 2=false, 3=false, 4=false, 5=false, 6=false, 7=false, 9=false, 12=false, 13=false, 14=false, 15=false, 16=false}
04-04 22:25:40.390  9660  9735 I Finsky:background: [53] Submitter: submit com.google.android.youtube to the commit queue
04-04 22:25:40.390  9660  9735 I Finsky:background: [53] Submitter: CS: enqueued commit for com.google.android.youtube. Current queue: []
04-04 22:25:40.390  9660  9735 I Finsky:background: [53] Submitter: CS: dequeued commit for com.google.android.youtube. Waited 0 ms. Current queue: [com.google.android.youtube]
04-04 22:25:40.390  9660  9735 I Finsky:background: [53] Submitter: start committing com.google.android.youtube
04-04 22:25:40.391   543   848 D NetworkTimeUpdateService: New default network 107; checking time.
04-04 22:25:40.400   543   822 D ConnectivityService: Setting inactive [102 CELLULAR] for 30000ms
04-04 22:25:40.410  1110  1340 D com.android.ons.ONSProfileActivator: Internet connection available
04-04 22:25:40.415  1054  1077 D UpstreamNetworkMonitor: New default Internet network: 107
04-04 22:25:40.454  8605 10055 D MddListenableWorkerFactory: createWorker for class: com.google.android.libraries.mdi.download.workmanager.workers.PeriodicWorker
04-04 22:25:40.459   892   892 D StatusBarIconController: ignoring old pipeline callbacks, because the new mobile icons are enabled
04-04 22:25:40.461   892   892 D StatusBarIconController: ignoring old pipeline callback because the new wifi icon is enabled
04-04 22:25:40.470   892   892 D StatusBarIconController: ignoring old pipeline callbacks, because the new mobile icons are enabled
04-04 22:25:40.470  8605  8605 D MddPeriodicWorker: PeriodicWorker: startWork
04-04 22:25:40.483   543   570 I GnssNetworkConnectivityHandler: updateNetworkState, state=CLOSED, connected=true, network=107, capabilities=[ Transports: WIFI Capabilities: NOT_METERED&INTERNET&NOT_RESTRICTED&TRUSTED&NOT_VPN&VALIDATED&NOT_ROAMING&FOREGROUND&NOT_CONGESTED&NOT_SUSPENDED&NOT_VCN_MANAGED LinkUpBandwidth>=12000Kbps LinkDnBandwidth>=30000Kbps TransportInfo: <SSID: <unknown ssid>, BSSID: 02:00:00:00:00:00, MAC: 02:00:00:00:00:00, IP: /10.0.2.16, Security type: 0, Supplicant state: COMPLETED, Wi-Fi standard: 1, RSSI: -50, Link speed: 1Mbps, Tx Link speed: 1Mbps, Max Supported Tx Link speed: 11Mbps, Rx Link speed: 2Mbps, Max Supported Rx Link speed: 11Mbps, Frequency: 2447MHz, Net ID: -1, Metered hint: false, score: 60, isUsable: true, CarrierMerged: false, SubscriptionId: -1, IsPrimary: 1, Trusted: true, Restricted: false, Ephemeral: false, OEM paid: false, OEM private: false, OSU AP: false, FQDN: <none>, Provider friendly name: <none>, Requesting package name: <none><none>MLO Information: , Is TID-To-Link negotiation supported by the AP: false, AP MLD Address: <none>, AP MLO Link Id: <none>, AP MLO Affiliated links: <none>> SignalStrength: -50 AdminUids: [10156] SSID: "AndroidWifi" UnderlyingNetworks: Null], availableNetworkCount: 2
04-04 22:25:40.503   543   822 D ConnectivityService: Sending DISCONNECTED broadcast for type 0 [102 CELLULAR] isDefaultNetwork=true
04-04 22:25:40.504   543   822 W ContextImpl: Calling a method in the system process without a qualified user: android.app.ContextImpl.sendStickyBroadcast:1626 android.net.connectivity.com.android.server.ConnectivityService.sendStickyBroadcast:3278 android.net.connectivity.com.android.server.ConnectivityService.sendLegacyNetworkBroadcast:10154 android.net.connectivity.com.android.server.ConnectivityService$LegacyTypeTracker.remove:1165 android.net.connectivity.com.android.server.ConnectivityService.updateLegacyTypeTrackerAndVpnLockdownForRematch:9643 
04-04 22:25:40.526   892   961 D EGL_emulation: app_time_stats: avg=14105.61ms min=364.24ms max=27846.99ms count=2
04-04 22:25:40.532  9660  9740 I Finsky:background: [55] IQ: There are 0 installs pending for job 4: []
04-04 22:25:40.533   892   892 D StatusBarIconController: ignoring old pipeline callback because the new wifi icon is enabled
04-04 22:25:40.534  9660 10321 I Finsky:background: [95] IQ: Notifying installation update. [Package:com.google.android.youtube, isid:r-sGlrLOR5epqrt2tmCi7g] state:INSTALLING, status=INSTALLING, status_code=0, reason=rapid_auto_update, tsc=PT54.165S, attempt=0
04-04 22:25:40.561   543   822 D ConnectivityService: Sending CONNECTED broadcast for type 1 [107 WIFI] isDefaultNetwork=true
04-04 22:25:40.562   543   822 W ContextImpl: Calling a method in the system process without a qualified user: android.app.ContextImpl.sendStickyBroadcast:1626 android.net.connectivity.com.android.server.ConnectivityService.sendStickyBroadcast:3278 android.net.connectivity.com.android.server.ConnectivityService.sendGeneralBroadcast:3248 android.net.connectivity.com.android.server.ConnectivityService.sendConnectedBroadcast:3221 android.net.connectivity.com.android.server.ConnectivityService.sendLegacyNetworkBroadcast:10126 
04-04 22:25:40.563   543   958 W ProcessStats: Tracking association SourceState{21153a9 de.myfrya.app/10190 BTop #16875} whose proc state 2 is better than process ProcessState{6212ab6 com.google.android.gms.persistent/10128 pkg=com.google.android.gms} proc state 4 (38 skipped)
04-04 22:25:40.570  8605 10055 E PhFileGroupPop: Failed to add file group 
04-04 22:25:40.574  8605 10055 E PhFileGroupPop: Failed to add file group 
04-04 22:25:40.575  8605 10055 E PhFileGroupPop: Failed to add file group 
04-04 22:25:40.576  8605 10055 E PhFileGroupPop: Failed to add file group 
04-04 22:25:40.576  8605 10055 E PhFileGroupPop: Failed to add file group 
04-04 22:25:40.576  8605 10055 E PhFileGroupPop: Failed to add file group 
04-04 22:25:40.576  8605 10055 E PhFileGroupPop: Failed to add file group 
04-04 22:25:40.576  8605 10055 E PhFileGroupPop: Failed to add file group 
04-04 22:25:40.576  8605 10055 E PhFileGroupPop: Failed to add file group 
04-04 22:25:40.576  8605 10055 E PhFileGroupPop: Failed to add file group 
04-04 22:25:40.576  8605 10055 E PhFileGroupPop: Failed to add file group 
04-04 22:25:40.576  8605 10055 E PhFileGroupPop: Failed to add file group 
04-04 22:25:40.577  8605 10055 E PhFileGroupPop: Failed to add file group 
04-04 22:25:40.577  8605 10055 E PhFileGroupPop: Failed to add file group 
04-04 22:25:40.586  8605 10432 E MDD     : FileGroupManager: Trying to add expired group webref-model-local-index.
04-04 22:25:40.587  8605 10432 W MDD     : MDDManager class cbkc
04-04 22:25:40.590  8605 10432 E PhFileGroupPop: Failed to add file group
04-04 22:25:40.590  8605 10432 E PhFileGroupPop: cbkc
04-04 22:25:40.590  8605 10432 E PhFileGroupPop: 	at cbqx.a(PG:90)
04-04 22:25:40.590  8605 10432 E PhFileGroupPop: 	at cnpq.a(PG:3)
04-04 22:25:40.590  8605 10432 E PhFileGroupPop: 	at ctbg.d(PG:2)
04-04 22:25:40.590  8605 10432 E PhFileGroupPop: 	at ctbi.run(PG:9)
04-04 22:25:40.590  8605 10432 E PhFileGroupPop: 	at ctfm.run(PG:4)
04-04 22:25:40.590  8605 10432 E PhFileGroupPop: 	at bxfd.run(PG:1)
04-04 22:25:40.590  8605 10432 E PhFileGroupPop: 	at java.util.concurrent.ThreadPoolExecutor.runWorker(ThreadPoolExecutor.java:1145)
04-04 22:25:40.590  8605 10432 E PhFileGroupPop: 	at java.util.concurrent.ThreadPoolExecutor$Worker.run(ThreadPoolExecutor.java:644)
04-04 22:25:40.590  8605 10432 E PhFileGroupPop: 	at bxef.run(PG:2)
04-04 22:25:40.590  8605 10432 E PhFileGroupPop: 	at java.lang.Thread.run(Thread.java:1012)
04-04 22:25:40.590  8605 10432 E PhFileGroupPop: 	at bxfj.run(PG:5)
04-04 22:25:40.591  8605 10055 E ctbc    : RuntimeException while executing runnable ctdz{cnpz@f6d1344} with executor MoreExecutors.directExecutor()
04-04 22:25:40.591  8605 10055 E ctbc    : java.lang.NullPointerException: Attempt to read from field 'java.lang.String cayk.b' on a null object reference in method 'void ccdw.b(java.lang.Object)'
04-04 22:25:40.591  8605 10055 E ctbc    : 	at ccdw.b(PG:2)
04-04 22:25:40.591  8605 10055 E ctbc    : 	at cnpz.b(PG:3)
04-04 22:25:40.591  8605 10055 E ctbc    : 	at ctdz.run(PG:6)
04-04 22:25:40.591  8605 10055 E ctbc    : 	at ctdd.execute(PG:1)
04-04 22:25:40.591  8605 10055 E ctbc    : 	at ctbc.o(PG:1)
04-04 22:25:40.591  8605 10055 E ctbc    : 	at ctbc.b(PG:5)
04-04 22:25:40.591  8605 10055 E ctbc    : 	at cteg.r(PG:2)
04-04 22:25:40.591  8605 10055 E ctbc    : 	at cnsl.k(PG:1)
04-04 22:25:40.591  8605 10055 E ctbc    : 	at ccdy.a(PG:15)
04-04 22:25:40.591  8605 10055 E ctbc    : 	at atyv.a(PG:2)
04-04 22:25:40.591  8605 10055 E ctbc    : 	at cbeo.o(PG:3)
04-04 22:25:40.591  8605 10055 E ctbc    : 	at cbeo.s(PG:1)
04-04 22:25:40.591  8605 10055 E ctbc    : 	at cbeo.g(PG:1)
04-04 22:25:40.591  8605 10055 E ctbc    : 	at ccfb.a(PG:1)
04-04 22:25:40.591  8605 10055 E ctbc    : 	at cnpm.a(PG:3)
04-04 22:25:40.591  8605 10055 E ctbc    : 	at ctfv.a(PG:1)
04-04 22:25:40.591  8605 10055 E ctbc    : 	at ctet.run(PG:4)
04-04 22:25:40.591  8605 10055 E ctbc    : 	at ctfx.run(PG:1)
04-04 22:25:40.591  8605 10055 E ctbc    : 	at bxfd.run(PG:1)
04-04 22:25:40.591  8605 10055 E ctbc    : 	at java.util.concurrent.ThreadPoolExecutor.runWorker(ThreadPoolExecutor.java:1145)
04-04 22:25:40.591  8605 10055 E ctbc    : 	at java.util.concurrent.ThreadPoolExecutor$Worker.run(ThreadPoolExecutor.java:644)
04-04 22:25:40.591  8605 10055 E ctbc    : 	at bxef.run(PG:2)
04-04 22:25:40.591  8605 10055 E ctbc    : 	at java.lang.Thread.run(Thread.java:1012)
04-04 22:25:40.591  8605 10055 E ctbc    : 	at bxfj.run(PG:5)
04-04 22:25:40.592  8605 10055 E ctbc    : RuntimeException while executing runnable ctdz{cnpz@17cb6f3} with executor MoreExecutors.directExecutor()
04-04 22:25:40.592  8605 10055 E ctbc    : java.lang.NullPointerException: Attempt to read from field 'java.lang.String cayk.b' on a null object reference in method 'void ccdw.b(java.lang.Object)'
04-04 22:25:40.592  8605 10055 E ctbc    : 	at ccdw.b(PG:2)
04-04 22:25:40.592  8605 10055 E ctbc    : 	at cnpz.b(PG:3)
04-04 22:25:40.592  8605 10055 E ctbc    : 	at ctdz.run(PG:6)
04-04 22:25:40.592  8605 10055 E ctbc    : 	at ctdd.execute(PG:1)
04-04 22:25:40.592  8605 10055 E ctbc    : 	at ctbc.o(PG:1)
04-04 22:25:40.592  8605 10055 E ctbc    : 	at ctbc.b(PG:5)
04-04 22:25:40.592  8605 10055 E ctbc    : 	at cteg.r(PG:2)
04-04 22:25:40.592  8605 10055 E ctbc    : 	at cnsl.k(PG:1)
04-04 22:25:40.592  8605 10055 E ctbc    : 	at ccdy.a(PG:15)
04-04 22:25:40.592  8605 10055 E ctbc    : 	at atyv.a(PG:2)
04-04 22:25:40.592  8605 10055 E ctbc    : 	at cbeo.o(PG:3)
04-04 22:25:40.592  8605 10055 E ctbc    : 	at cbeo.s(PG:1)
04-04 22:25:40.592  8605 10055 E ctbc    : 	at cbeo.g(PG:1)
04-04 22:25:40.592  8605 10055 E ctbc    : 	at ccfb.a(PG:1)
04-04 22:25:40.592  8605 10055 E ctbc    : 	at cnpm.a(PG:3)
04-04 22:25:40.592  8605 10055 E ctbc    : 	at ctfv.a(PG:1)
04-04 22:25:40.592  8605 10055 E ctbc    : 	at ctet.run(PG:4)
04-04 22:25:40.592  8605 10055 E ctbc    : 	at ctfx.run(PG:1)
04-04 22:25:40.592  8605 10055 E ctbc    : 	at bxfd.run(PG:1)
04-04 22:25:40.592  8605 10055 E ctbc    : 	at java.util.concurrent.ThreadPoolExecutor.runWorker(ThreadPoolExecutor.java:1145)
04-04 22:25:40.592  8605 10055 E ctbc    : 	at java.util.concurrent.ThreadPoolExecutor$Worker.run(ThreadPoolExecutor.java:644)
04-04 22:25:40.592  8605 10055 E ctbc    : 	at bxef.run(PG:2)
04-04 22:25:40.592  8605 10055 E ctbc    : 	at java.lang.Thread.run(Thread.java:1012)
04-04 22:25:40.592  8605 10055 E ctbc    : 	at bxfj.run(PG:5)
04-04 22:25:40.592  8605 10055 E ctbc    : RuntimeException while executing runnable ctdz{cnpz@1d74e29} with executor MoreExecutors.directExecutor()
04-04 22:25:40.592  8605 10055 E ctbc    : java.lang.NullPointerException: Attempt to read from field 'java.lang.String cayk.b' on a null object reference in method 'void ccdw.b(java.lang.Object)'
04-04 22:25:40.592  8605 10055 E ctbc    : 	at ccdw.b(PG:2)
04-04 22:25:40.592  8605 10055 E ctbc    : 	at cnpz.b(PG:3)
04-04 22:25:40.592  8605 10055 E ctbc    : 	at ctdz.run(PG:6)
04-04 22:25:40.592  8605 10055 E ctbc    : 	at ctdd.execute(PG:1)
04-04 22:25:40.592  8605 10055 E ctbc    : 	at ctbc.o(PG:1)
04-04 22:25:40.592  8605 10055 E ctbc    : 	at ctbc.b(PG:5)
04-04 22:25:40.592  8605 10055 E ctbc    : 	at cteg.r(PG:2)
04-04 22:25:40.592  8605 10055 E ctbc    : 	at cnsl.k(PG:1)
04-04 22:25:40.592  8605 10055 E ctbc    : 	at ccdy.a(PG:15)
04-04 22:25:40.592  8605 10055 E ctbc    : 	at atyv.a(PG:2)
04-04 22:25:40.592  8605 10055 E ctbc    : 	at cbeo.o(PG:3)
04-04 22:25:40.592  8605 10055 E ctbc    : 	at cbeo.s(PG:1)
04-04 22:25:40.592  8605 10055 E ctbc    : 	at cbeo.g(PG:1)
04-04 22:25:40.592  8605 10055 E ctbc    : 	at ccfb.a(PG:1)
04-04 22:25:40.592  8605 10055 E ctbc    : 	at cnpm.a(PG:3)
04-04 22:25:40.592  8605 10055 E ctbc    : 	at ctfv.a(PG:1)
04-04 22:25:40.592  8605 10055 E ctbc    : 	at ctet.run(PG:4)
04-04 22:25:40.592  8605 10055 E ctbc    : 	at ctfx.run(PG:1)
04-04 22:25:40.592  8605 10055 E ctbc    : 	at bxfd.run(PG:1)
04-04 22:25:40.592  8605 10055 E ctbc    : 	at java.util.concurrent.ThreadPoolExecutor.runWorker(ThreadPoolExecutor.java:1145)
04-04 22:25:40.592  8605 10055 E ctbc    : 	at java.util.concurrent.ThreadPoolExecutor$Worker.run(ThreadPoolExecutor.java:644)
04-04 22:25:40.592  8605 10055 E ctbc    : 	at bxef.run(PG:2)
04-04 22:25:40.592  8605 10055 E ctbc    : 	at java.lang.Thread.run(Thread.java:1012)
04-04 22:25:40.592  8605 10055 E ctbc    : 	at bxfj.run(PG:5)
04-04 22:25:40.593  8605 10055 E PhFileGroupPop: Failed to add file group 
04-04 22:25:40.595  8605 10055 E ctbc    : RuntimeException while executing runnable ctdz{cnpz@221cf4f} with executor MoreExecutors.directExecutor()
04-04 22:25:40.595  8605 10055 E ctbc    : java.lang.NullPointerException: Attempt to read from field 'java.lang.String cayk.b' on a null object reference in method 'void ccdw.b(java.lang.Object)'
04-04 22:25:40.595  8605 10055 E ctbc    : 	at ccdw.b(PG:2)
04-04 22:25:40.595  8605 10055 E ctbc    : 	at cnpz.b(PG:3)
04-04 22:25:40.595  8605 10055 E ctbc    : 	at ctdz.run(PG:6)
04-04 22:25:40.595  8605 10055 E ctbc    : 	at ctdd.execute(PG:1)
04-04 22:25:40.595  8605 10055 E ctbc    : 	at ctbc.o(PG:1)
04-04 22:25:40.595  8605 10055 E ctbc    : 	at ctbc.b(PG:5)
04-04 22:25:40.595  8605 10055 E ctbc    : 	at cteg.r(PG:2)
04-04 22:25:40.595  8605 10055 E ctbc    : 	at cnsl.k(PG:1)
04-04 22:25:40.595  8605 10055 E ctbc    : 	at ccdy.a(PG:15)
04-04 22:25:40.595  8605 10055 E ctbc    : 	at atyv.a(PG:2)
04-04 22:25:40.595  8605 10055 E ctbc    : 	at cbeo.o(PG:3)
04-04 22:25:40.595  8605 10055 E ctbc    : 	at cbeo.s(PG:1)
04-04 22:25:40.595  8605 10055 E ctbc    : 	at cbeo.g(PG:1)
04-04 22:25:40.595  8605 10055 E ctbc    : 	at ccfb.a(PG:1)
04-04 22:25:40.595  8605 10055 E ctbc    : 	at cnpm.a(PG:3)
04-04 22:25:40.595  8605 10055 E ctbc    : 	at ctfv.a(PG:1)
04-04 22:25:40.595  8605 10055 E ctbc    : 	at ctet.run(PG:4)
04-04 22:25:40.595  8605 10055 E ctbc    : 	at ctfx.run(PG:1)
04-04 22:25:40.595  8605 10055 E ctbc    : 	at bxfd.run(PG:1)
04-04 22:25:40.595  8605 10055 E ctbc    : 	at java.util.concurrent.ThreadPoolExecutor.runWorker(ThreadPoolExecutor.java:1145)
04-04 22:25:40.595  8605 10055 E ctbc    : 	at java.util.concurrent.ThreadPoolExecutor$Worker.run(ThreadPoolExecutor.java:644)
04-04 22:25:40.595  8605 10055 E ctbc    : 	at bxef.run(PG:2)
04-04 22:25:40.595  8605 10055 E ctbc    : 	at java.lang.Thread.run(Thread.java:1012)
04-04 22:25:40.595  8605 10055 E ctbc    : 	at bxfj.run(PG:5)
04-04 22:25:40.596  8605 10055 E PhFileGroupPop: Failed to add file group 
04-04 22:25:40.596  8605 10055 E ctbc    : RuntimeException while executing runnable ctdz{cnpz@86da3e5} with executor MoreExecutors.directExecutor()
04-04 22:25:40.596  8605 10055 E ctbc    : java.lang.NullPointerException: Attempt to read from field 'java.lang.String cayk.b' on a null object reference in method 'void ccdw.b(java.lang.Object)'
04-04 22:25:40.596  8605 10055 E ctbc    : 	at ccdw.b(PG:2)
04-04 22:25:40.596  8605 10055 E ctbc    : 	at cnpz.b(PG:3)
04-04 22:25:40.596  8605 10055 E ctbc    : 	at ctdz.run(PG:6)
04-04 22:25:40.596  8605 10055 E ctbc    : 	at ctdd.execute(PG:1)
04-04 22:25:40.596  8605 10055 E ctbc    : 	at ctbc.o(PG:1)
04-04 22:25:40.596  8605 10055 E ctbc    : 	at ctbc.b(PG:5)
04-04 22:25:40.596  8605 10055 E ctbc    : 	at cteg.r(PG:2)
04-04 22:25:40.596  8605 10055 E ctbc    : 	at cnsl.k(PG:1)
04-04 22:25:40.596  8605 10055 E ctbc    : 	at ccdy.a(PG:15)
04-04 22:25:40.596  8605 10055 E ctbc    : 	at atyv.a(PG:2)
04-04 22:25:40.596  8605 10055 E ctbc    : 	at cbeo.o(PG:3)
04-04 22:25:40.596  8605 10055 E ctbc    : 	at cbeo.s(PG:1)
04-04 22:25:40.596  8605 10055 E ctbc    : 	at cbeo.g(PG:1)
04-04 22:25:40.596  8605 10055 E ctbc    : 	at ccfb.a(PG:1)
04-04 22:25:40.596  8605 10055 E ctbc    : 	at cnpm.a(PG:3)
04-04 22:25:40.596  8605 10055 E ctbc    : 	at ctfv.a(PG:1)
04-04 22:25:40.596  8605 10055 E ctbc    : 	at ctet.run(PG:4)
04-04 22:25:40.596  8605 10055 E ctbc    : 	at ctfx.run(PG:1)
04-04 22:25:40.596  8605 10055 E ctbc    : 	at bxfd.run(PG:1)
04-04 22:25:40.596  8605 10055 E ctbc    : 	at java.util.concurrent.ThreadPoolExecutor.runWorker(ThreadPoolExecutor.java:1145)
04-04 22:25:40.596  8605 10055 E ctbc    : 	at java.util.concurrent.ThreadPoolExecutor$Worker.run(ThreadPoolExecutor.java:644)
04-04 22:25:40.596  8605 10055 E ctbc    : 	at bxef.run(PG:2)
04-04 22:25:40.596  8605 10055 E ctbc    : 	at java.lang.Thread.run(Thread.java:1012)
04-04 22:25:40.596  8605 10055 E ctbc    : 	at bxfj.run(PG:5)
04-04 22:25:40.608  8605 10432 D PhFileGroupPop: Added file groups smart_actions_grammars
04-04 22:25:40.610  8605 10055 E ctbc    : RuntimeException while executing runnable ctdz{cnpz@7599961} with executor MoreExecutors.directExecutor()
04-04 22:25:40.610  8605 10055 E ctbc    : java.lang.NullPointerException: Attempt to read from field 'java.lang.String cayk.b' on a null object reference in method 'void ccdw.b(java.lang.Object)'
04-04 22:25:40.610  8605 10055 E ctbc    : 	at ccdw.b(PG:2)
04-04 22:25:40.610  8605 10055 E ctbc    : 	at cnpz.b(PG:3)
04-04 22:25:40.610  8605 10055 E ctbc    : 	at ctdz.run(PG:6)
04-04 22:25:40.610  8605 10055 E ctbc    : 	at ctdd.execute(PG:1)
04-04 22:25:40.610  8605 10055 E ctbc    : 	at ctbc.o(PG:1)
04-04 22:25:40.610  8605 10055 E ctbc    : 	at ctbc.b(PG:5)
04-04 22:25:40.610  8605 10055 E ctbc    : 	at cteg.r(PG:2)
04-04 22:25:40.610  8605 10055 E ctbc    : 	at cnsl.k(PG:1)
04-04 22:25:40.610  8605 10055 E ctbc    : 	at ccdy.a(PG:15)
04-04 22:25:40.610  8605 10055 E ctbc    : 	at atyv.a(PG:2)
04-04 22:25:40.610  8605 10055 E ctbc    : 	at cbeo.o(PG:3)
04-04 22:25:40.610  8605 10055 E ctbc    : 	at cbeo.s(PG:1)
04-04 22:25:40.610  8605 10055 E ctbc    : 	at cbeo.g(PG:1)
04-04 22:25:40.610  8605 10055 E ctbc    : 	at ccfb.a(PG:1)
04-04 22:25:40.610  8605 10055 E ctbc    : 	at cnpm.a(PG:3)
04-04 22:25:40.610  8605 10055 E ctbc    : 	at ctfv.a(PG:1)
04-04 22:25:40.610  8605 10055 E ctbc    : 	at ctet.run(PG:4)
04-04 22:25:40.610  8605 10055 E ctbc    : 	at ctfx.run(PG:1)
04-04 22:25:40.610  8605 10055 E ctbc    : 	at bxfd.run(PG:1)
04-04 22:25:40.610  8605 10055 E ctbc    : 	at java.util.concurrent.ThreadPoolExecutor.runWorker(ThreadPoolExecutor.java:1145)
04-04 22:25:40.610  8605 10055 E ctbc    : 	at java.util.concurrent.ThreadPoolExecutor$Worker.run(ThreadPoolExecutor.java:644)
04-04 22:25:40.610  8605 10055 E ctbc    : 	at bxef.run(PG:2)
04-04 22:25:40.610  8605 10055 E ctbc    : 	at java.lang.Thread.run(Thread.java:1012)
04-04 22:25:40.610  8605 10055 E ctbc    : 	at bxfj.run(PG:5)
04-04 22:25:40.611  8605 10432 D PhFileGroupPop: Added file groups smart_actions_ml_models
04-04 22:25:40.612  8605 10432 D PhFileGroupPop: Added file groups text_classifier
04-04 22:25:40.612  8605 10055 E ctbc    : RuntimeException while executing runnable ctdz{cnpz@f425947} with executor MoreExecutors.directExecutor()
04-04 22:25:40.612  8605 10055 E ctbc    : java.lang.NullPointerException: Attempt to read from field 'java.lang.String cayk.b' on a null object reference in method 'void ccdw.b(java.lang.Object)'
04-04 22:25:40.612  8605 10055 E ctbc    : 	at ccdw.b(PG:2)
04-04 22:25:40.612  8605 10055 E ctbc    : 	at cnpz.b(PG:3)
04-04 22:25:40.612  8605 10055 E ctbc    : 	at ctdz.run(PG:6)
04-04 22:25:40.612  8605 10055 E ctbc    : 	at ctdd.execute(PG:1)
04-04 22:25:40.612  8605 10055 E ctbc    : 	at ctbc.o(PG:1)
04-04 22:25:40.612  8605 10055 E ctbc    : 	at ctbc.b(PG:5)
04-04 22:25:40.612  8605 10055 E ctbc    : 	at cteg.r(PG:2)
04-04 22:25:40.612  8605 10055 E ctbc    : 	at cnsl.k(PG:1)
04-04 22:25:40.612  8605 10055 E ctbc    : 	at ccdy.a(PG:15)
04-04 22:25:40.612  8605 10055 E ctbc    : 	at atyv.a(PG:2)
04-04 22:25:40.612  8605 10055 E ctbc    : 	at cbeo.o(PG:3)
04-04 22:25:40.612  8605 10055 E ctbc    : 	at cbeo.s(PG:1)
04-04 22:25:40.612  8605 10055 E ctbc    : 	at cbeo.g(PG:1)
04-04 22:25:40.612  8605 10055 E ctbc    : 	at ccfb.a(PG:1)
04-04 22:25:40.612  8605 10055 E ctbc    : 	at cnpm.a(PG:3)
04-04 22:25:40.612  8605 10055 E ctbc    : 	at ctfv.a(PG:1)
04-04 22:25:40.612  8605 10055 E ctbc    : 	at ctet.run(PG:4)
04-04 22:25:40.612  8605 10055 E ctbc    : 	at ctfx.run(PG:1)
04-04 22:25:40.612  8605 10055 E ctbc    : 	at bxfd.run(PG:1)
04-04 22:25:40.612  8605 10055 E ctbc    : 	at java.util.concurrent.ThreadPoolExecutor.runWorker(ThreadPoolExecutor.java:1145)
04-04 22:25:40.612  8605 10055 E ctbc    : 	at java.util.concurrent.ThreadPoolExecutor$Worker.run(ThreadPoolExecutor.java:644)
04-04 22:25:40.612  8605 10055 E ctbc    : 	at bxef.run(PG:2)
04-04 22:25:40.612  8605 10055 E ctbc    : 	at java.lang.Thread.run(Thread.java:1012)
04-04 22:25:40.612  8605 10055 E ctbc    : 	at bxfj.run(PG:5)
04-04 22:25:40.647  8605 10432 D PhFileGroupPop: Added file groups smart_actions_emotive_models
04-04 22:25:40.648   892   892 D StatusBarIconController: ignoring old pipeline callbacks, because the new mobile icons are enabled
04-04 22:25:40.648   892   892 D StatusBarIconController: ignoring old pipeline callbacks, because the new mobile icons are enabled
04-04 22:25:40.653  9660  9740 I Finsky:background: [55] IQ: There are 1 installs pending for job 5: [com.google.android.gms]
04-04 22:25:40.708  6419  6637 I BugleRcsEngine: [80] brnl.h: No RCS Configuration was found in Bugle for simID: redacted-pii:sim_id[chars:20,last3:897]
04-04 22:25:40.721  6419  6637 I BugleRcsEngine: [80] brqh.handleMessage: RcsEngineImpl[DUAL_REG]:[d424cc88-38bf]>Handler: handleMessage processing message:[NOTIFY_UPTIME_IGNORE_STATE_CHANGED] with [non-null]:RcsEngineImpl reference
04-04 22:25:40.725  9660  9660 I Finsky:background: [2] PIM: Ignore install package event for: com.google.android.youtube, isid: r-sGlrLOR5epqrt2tmCi7g
04-04 22:25:40.759  9639  9639 I Finsky  : [2] DL: Data loader session turned off due to Incremental install not requested: com.google.android.youtube
04-04 22:25:40.773  9660  9740 I Finsky:background: [55] IQ: 1 scheduled install statuses found to proceed. 
04-04 22:25:40.786  9660 10337 I Finsky:background: [101] IV2: installer available to accept com.google.android.gms. Current active installs : 
04-04 22:25:40.786  9660 10337 I Finsky:background: com.google.android.youtube: installId: 1 isid: r-sGlrLOR5epqrt2tmCi7g requested 0 min ago
04-04 22:25:40.788  8605 10432 D PhFileGroupPop: Added file groups smarts_expressive_content_scoped_v1
04-04 22:25:40.789  8605 10432 D PhFileGroupPop: Added file groups smart_actions_sensitive_classifier_models
04-04 22:25:40.789  9639  9639 I Finsky  : [2] IQ::HLD: if pauseAppUpdates is called now, it must wait for these ongoing installs: [[Package:com.google.android.youtube, isid:r-sGlrLOR5epqrt2tmCi7g] state:INSTALLING]
04-04 22:25:40.790  8605 10432 D PhFileGroupPop: Added file groups scripted_reply
04-04 22:25:40.791  8605 10432 D PhFileGroupPop: Added file groups multitask_experiment
04-04 22:25:40.791  8605 10432 D PhFileGroupPop: Added file groups spam_verdict_enforcement_policy_config
04-04 22:25:40.792  8605 10432 D PhFileGroupPop: Added file groups smart_suggestion_reranker_models
04-04 22:25:40.792  9660  9750 I Finsky:background: [58] IQ: proceed install request for [Package:com.google.android.gms, isid:TMP0h2SKSUyG_LAvaDnHyw].
04-04 22:25:40.794  9660  9750 I Finsky:background: [58] IQ: Notifying installation update. [Package:com.google.android.gms, isid:TMP0h2SKSUyG_LAvaDnHyw] state:DOWNLOAD_PENDING, status=DOWNLOAD_PENDING, status_code=0, reason=auto_update, tsc=PT55.043S, attempt=0
04-04 22:25:40.802  8605 10432 D PhFileGroupPop: Added file groups supersort_us_grammars
04-04 22:25:40.804  8605 10432 D PhFileGroupPop: Added file groups nudge
04-04 22:25:40.810  6419  6637 I BugleRcsEngine: [80] brnl.h: No RCS Configuration was found in Bugle for simID: redacted-pii:sim_id[chars:20,last3:897]
04-04 22:25:40.816  8605 10432 D PhFileGroupPop: Added file groups calendar_appointment_grammar
04-04 22:25:40.819  8605 10432 D PhFileGroupPop: Added file groups birthday_suggestion
04-04 22:25:40.820  8605 10432 D PhFileGroupPop: Added file groups birthday_grammars
