04-04 22:25:22.585  9660  9964 I Finsky:background: [85] DSC::L: Updating listener ucj@927ef28 for download <12:QUEUED with WAITING_FOR_START:0%[0%]>
04-04 22:25:22.586  9660  9964 I Finsky:background: [85] DS::IDC: updateWith: <12:QUEUED with WAITING_FOR_START:0%[0%]>
04-04 22:25:22.586  9660  9964 I Finsky:background: [85] DS::ISM: Starting invisible download job
04-04 22:25:22.590  9660  9754 I Finsky:background: [60] DSC: enqueue()
04-04 22:25:22.600  9660  9807 I Finsky:background: [74] SCH: Received scheduling request: Id: 40-9998, Constraints: [{ L: 0, D: 86400000, C: CHARGING_NONE, I: IDLE_NONE, N: NET_ANY, B: BATTERY_ANY }]
04-04 22:25:22.600  9660  9752 I Finsky:background: [59] RM: new request resourceRequestId=04711fec-d96f-49b3-a658-1d283e5cffd2 requestId=12 package=com.google.android.youtube artifact=com.google.android.youtube.dm isid=r-sGlrLOR5epqrt2tmCi7g
04-04 22:25:22.648  9660  9964 I Finsky:background: [85] DS: request_id=14 generated with shared preferences
04-04 22:25:22.649  9660  9964 I Finsky:background: [85] DS: enqueue(request_id=14, files_to_download=[config.x86_64(size:24667829)], context[group_id=com.google.android.youtube:r-sGlrLOR5epqrt2tmCi7g], display_data[invisible=true, title=Required app update], network_restrictions=ANY_NETWORK
04-04 22:25:22.656  9660  9754 I Finsky:background: [60] DSC: enqueue()
04-04 22:25:22.658  9660  9964 I Finsky:background: [85] DSC::L: Update all listeners for download <12:RUNNING:0%[0%]> in group com.google.android.youtube:r-sGlrLOR5epqrt2tmCi7g
04-04 22:25:22.658  9660  9964 I Finsky:background: [85] DSC::L: Updating listener DownloadServiceManagerListener::rzy@5aab94b for download <12:RUNNING:0%[0%]>
04-04 22:25:22.665  9660  9752 I Finsky:background: [59] RM: getStatus resourceRequestId=04711fec-d96f-49b3-a658-1d283e5cffd2 requestId=12 package=com.google.android.youtube artifact=com.google.android.youtube.dm isid=r-sGlrLOR5epqrt2tmCi7g
04-04 22:25:22.666  9660  9752 I Finsky:background: [59] DSC: reviveDownload(12)
04-04 22:25:22.669  9660  9752 I Finsky:background: [59] DS: reviveDownload(request_id=12)
04-04 22:25:22.670  9660  9964 I Finsky:background: [85] DSC::L: Updating listener DownloadServiceManagerListener::amrb@a9d5272 for download <12:RUNNING:0%[0%]>
04-04 22:25:22.670  9660  9964 I Finsky:background: [85] DS: Received onProgress request_id=12
04-04 22:25:22.671  9660  9964 I Finsky:background: [85] RM: receive resource status onStart com.google.android.youtube.dm reason: rapid_auto_update isid: r-sGlrLOR5epqrt2tmCi7g, 2, 192, size: 0/493054
04-04 22:25:22.672  9660  9964 I Finsky:background: [85] RM: receive resource status onProgress download_request_id=12, group_id=com.google.android.youtube.dm reason: rapid_auto_update isid: r-sGlrLOR5epqrt2tmCi7g, status_code=RESOURCE_STATUS_IN_PROGRESS, legacy_status_code=192, size: 0/493054
04-04 22:25:22.672  9660  9964 I Finsky:background: [85] DSC::L: Updating listener ucj@927ef28 for download <12:RUNNING:0%[0%]>
04-04 22:25:22.672  9660  9964 I Finsky:background: [85] DS::IDC: updateWith: <12:RUNNING:0%[0%]>
04-04 22:25:22.674  9660  9964 I Finsky:background: [85] DS::OK: Using OkHttp.
04-04 22:25:22.683  9660  9752 I Finsky:background: [59] RM: getStatus resourceRequestId=04711fec-d96f-49b3-a658-1d283e5cffd2 requestId=12 package=com.google.android.youtube artifact=com.google.android.youtube.dm isid=r-sGlrLOR5epqrt2tmCi7g
04-04 22:25:22.683  9660  9752 I Finsky:background: [59] DSC: reviveDownload(12)
04-04 22:25:22.686  9660  9752 I Finsky:background: [59] DS: reviveDownload(request_id=12)
04-04 22:25:22.686  9660  9718 I Finsky:background: [46] WM::SCH: Logging work initialize for 40-9998
04-04 22:25:22.698  9660  9964 I Finsky:background: [85] DS: Current runningDownloadsCount: 0, maxSimultaneousDownloads: 4
04-04 22:25:22.698  9660  9964 I Finsky:background: [85] DS: Incremented runningDownloadsCount to: 1
04-04 22:25:22.702  9660  9964 I Finsky:background: [85] DS: DS: onReviveDownload(request_id=12, files_to_download=[com.google.android.youtube.dm(size:493054)], context[group_id=com.google.android.youtube:r-sGlrLOR5epqrt2tmCi7g], display_data[invisible=true, title=Required app update], network_restrictions=ANY_NETWORK status=running, bytes_downloaded=0, total_bytes=493054, retry[count=0, next_retry=n/a])
04-04 22:25:22.704  9660  9964 I Finsky:background: [85] DS: DS: onReviveDownload(request_id=12, files_to_download=[com.google.android.youtube.dm(size:493054)], context[group_id=com.google.android.youtube:r-sGlrLOR5epqrt2tmCi7g], display_data[invisible=true, title=Required app update], network_restrictions=ANY_NETWORK status=running, bytes_downloaded=0, total_bytes=493054, retry[count=0, next_retry=n/a])
04-04 22:25:22.706  9660  9660 I Finsky:background: [2] RF: onStart request_id=12 isid=r-sGlrLOR5epqrt2tmCi7g
04-04 22:25:22.708  9660 10375 I Finsky:background: [124] DS::OK: networkInterceptor
04-04 22:25:22.715  9660  9754 I Finsky:background: [60] RM: getStatus resourceRequestId=04711fec-d96f-49b3-a658-1d283e5cffd2 requestId=12 package=com.google.android.youtube artifact=com.google.android.youtube.dm isid=r-sGlrLOR5epqrt2tmCi7g
04-04 22:25:22.715  9660  9754 I Finsky:background: [60] DSC: reviveDownload(12)
04-04 22:25:22.719  9660  9752 I Finsky:background: [59] DS: reviveDownload(request_id=12)
04-04 22:25:22.723  9660  9964 I Finsky:background: [85] DS: enqueue with parallel downloads (request_id=13,groupId=com.google.android.youtube:r-sGlrLOR5epqrt2tmCi7g)
04-04 22:25:22.724  9660  9964 I Finsky:background: [85] DS::OK: download(13)
04-04 22:25:22.732  9660  9964 I Finsky:background: [85] DS: request_id=15 generated with shared preferences
04-04 22:25:22.747  9660  9660 I Finsky:background: [2] Updated time lastBroadcast=2026-04-04T22:25:20.128Z current=2026-04-04T22:25:22.733Z
04-04 22:25:22.747  9660  9964 I Finsky:background: [85] DS: enqueue(request_id=15, files_to_download=[com.google.android.youtube.apk(size:22848372)], context[group_id=com.google.android.youtube:r-sGlrLOR5epqrt2tmCi7g], display_data[invisible=true, title=Required app update], network_restrictions=ANY_NETWORK
04-04 22:25:22.748  9660  9660 I Finsky:background: [2] bytesCompleted/bytesTotal/ratio = 0 / 48080043 / 0.000000
04-04 22:25:22.748  9660  9964 I Finsky:background: [85] DSC::L: Update all listeners for download <13:QUEUED with WAITING_FOR_START:0%[0%]> in group com.google.android.youtube:r-sGlrLOR5epqrt2tmCi7g
04-04 22:25:22.749  9660  9964 I Finsky:background: [85] DSC::L: Updating listener DownloadServiceManagerListener::rzy@5aab94b for download <13:QUEUED with WAITING_FOR_START:0%[0%]>
04-04 22:25:22.749  9660  9964 I Finsky:background: [85] DSC::L: Updating listener DownloadServiceManagerListener::amrb@a9d5272 for download <13:QUEUED with WAITING_FOR_START:0%[0%]>
04-04 22:25:22.749  9660  9964 I Finsky:background: [85] DSC::L: Updating listener ucj@927ef28 for download <13:QUEUED with WAITING_FOR_START:0%[0%]>
04-04 22:25:22.749  9660  9964 I Finsky:background: [85] DS::IDC: updateWith: <13:QUEUED with WAITING_FOR_START:0%[0%]>
04-04 22:25:22.759  9660  9735 I Finsky:background: [53] SCH: Scheduling phonesky job Id: 40-9998, CT: 1775341522600, Constraints: [{ L: 0, D: 86400000, C: CHARGING_NONE, I: IDLE_NONE, N: NET_ANY, B: BATTERY_ANY }, { L: 0, D: 0, C: CHARGING_NONE, I: IDLE_NONE, N: NET_NONE, B: BATTERY_ANY }]
04-04 22:25:22.763  9660  9735 I Finsky:background: [53] RM: create resource request id bda94b5d-3fc3-40cc-b71d-d2861bb596b1 for request config.xxhdpi reason: rapid_auto_update isid: r-sGlrLOR5epqrt2tmCi7g
04-04 22:25:22.764  9660  9750 I Finsky:background: [58] SCH: Scheduling system job 10022 to resume after 0 ms
04-04 22:25:22.764  9660  9750 I Finsky:background: [58] SCH: Scheduling system job 10023 to resume after 0 ms
04-04 22:25:22.774  9660  9750 I Finsky:background: [58] SCH: Resuming system job 10022 from hub.
04-04 22:25:22.774  9660  9750 I Finsky:background: [58] SCH: Resuming system job 10023 from hub.
04-04 22:25:22.789  9660 10375 D TrafficStats: tagSocket(147) with statsTag=0xffffffff, statsUid=-1
04-04 22:25:22.791  9660 10337 I Finsky:background: [101] IV2: onTaskProgress com.google.android.youtube[iid:1] [isid:r-sGlrLOR5epqrt2tmCi7g] status:RESOURCE_FETCH_PROGRESS, size: 0/48080043
04-04 22:25:22.791  9660  9752 I Finsky:background: [59] RM: new request resourceRequestId=78fdc9e2-8cdb-4da8-8f4b-2a30e02cd6c7 requestId=13 package=com.google.android.youtube artifact=config.en isid=r-sGlrLOR5epqrt2tmCi7g
04-04 22:25:22.807  9660  9807 I Finsky:background: [74] SCH: Satisfied jobs for 10022 are: 3-4, 3-5, 40-9998
04-04 22:25:22.808  9660  9964 I Finsky:background: [85] DS: DS: onReviveDownload(request_id=12, files_to_download=[com.google.android.youtube.dm(size:493054)], context[group_id=com.google.android.youtube:r-sGlrLOR5epqrt2tmCi7g], display_data[invisible=true, title=Required app update], network_restrictions=ANY_NETWORK status=running, bytes_downloaded=0, total_bytes=493054, retry[count=0, next_retry=n/a])
04-04 22:25:22.809  9660 10321 I Finsky:background: [95] IQ: Notifying installation update. [Package:com.google.android.youtube, isid:r-sGlrLOR5epqrt2tmCi7g] state:DOWNLOADING, status=DOWNLOADING, status_code=0, reason=rapid_auto_update, tsc=PT36.439S, attempt=0
04-04 22:25:22.809  9660 10334 I Finsky:background: [99] SCH: Job 40-9998 starting
04-04 22:25:22.818  9660  9660 I Finsky:background: [2] WM::SCH: Logging work start for 40-9998
04-04 22:25:22.818  9660  9660 I Finsky:background: [2] DS::IRJ: Running InvisibleRunJob
04-04 22:25:22.820  9660  9660 I Finsky:background: [2] RF: onProgress request_id=12 isid=r-sGlrLOR5epqrt2tmCi7g
04-04 22:25:22.820  9660  9660 I Finsky:background: [2] RF: resourceStatus for request_id=12 group=com.google.android.youtube artifact=com.google.android.youtube.dm collectedBytes= 0 / 493054
04-04 22:25:22.822  9660  9660 I Finsky:background: [2] RF: Group=com.google.android.youtube totalBytesDownloaded= 0 / 50239527 for 1 artifacts
04-04 22:25:22.823  9660  9660 I Finsky:background: [2] RF: Preventing total bytes update to listeners
04-04 22:25:22.823  9660  9807 I Finsky:background: [74] SCH: Satisfied jobs for 10023 are: 3-4, 3-5, 40-9998
04-04 22:25:22.825  9660  9750 I Finsky:background: [58] SCH: Scheduling 0 system job(s)
04-04 22:25:22.831  9660  9964 I Finsky:background: [85] DSC::L: Update all listeners for download <13:RUNNING:0%[0%]> in group com.google.android.youtube:r-sGlrLOR5epqrt2tmCi7g
04-04 22:25:22.834  9660  9964 I Finsky:background: [85] DSC::L: Updating listener DownloadServiceManagerListener::rzy@5aab94b for download <13:RUNNING:0%[0%]>
04-04 22:25:22.848  9660  9964 I Finsky:background: [85] DSC::L: Updating listener DownloadServiceManagerListener::amrb@a9d5272 for download <13:RUNNING:0%[0%]>
04-04 22:25:22.849  9660  9964 I Finsky:background: [85] DS: Received onProgress request_id=13
04-04 22:25:22.850  9660  9964 I Finsky:background: [85] RM: receive resource status onProgress download_request_id=13, group_id=config.en reason: rapid_auto_update isid: r-sGlrLOR5epqrt2tmCi7g, status_code=RESOURCE_STATUS_IN_PROGRESS, legacy_status_code=192, size: 0/70788
04-04 22:25:22.852  9660  9964 I Finsky:background: [85] DSC::L: Updating listener ucj@927ef28 for download <13:RUNNING:0%[0%]>
04-04 22:25:22.852  9660  9964 I Finsky:background: [85] DS::IDC: updateWith: <13:RUNNING:0%[0%]>
04-04 22:25:22.852  9660  9964 I Finsky:background: [85] DS::OK: Using OkHttp.
04-04 22:25:22.853  9660  9964 I Finsky:background: [85] DS: Current runningDownloadsCount: 1, maxSimultaneousDownloads: 4
04-04 22:25:22.854  9660  9964 I Finsky:background: [85] DS: Incremented runningDownloadsCount to: 2
04-04 22:25:22.857  9660 10371 I Finsky:background: [123] DS::OK: networkInterceptor
04-04 22:25:22.891  9660  9660 I Finsky:background: [2] PIM: Ignore install package event for: com.google.android.youtube, isid: r-sGlrLOR5epqrt2tmCi7g
04-04 22:25:22.903  9660 10375 I Finsky:background: [124] DS::OK: networkInterceptor
04-04 22:25:22.914  9660  9964 I Finsky:background: [85] DS: enqueue with parallel downloads (request_id=14,groupId=com.google.android.youtube:r-sGlrLOR5epqrt2tmCi7g)
04-04 22:25:22.914  9660  9964 I Finsky:background: [85] DS::OK: download(14)
04-04 22:25:22.915  9660  9964 I Finsky:background: [85] DSC::L: Update all listeners for download <14:QUEUED with WAITING_FOR_START:0%[0%]> in group com.google.android.youtube:r-sGlrLOR5epqrt2tmCi7g
04-04 22:25:22.915  9660  9964 I Finsky:background: [85] DSC::L: Updating listener DownloadServiceManagerListener::rzy@5aab94b for download <14:QUEUED with WAITING_FOR_START:0%[0%]>
04-04 22:25:22.920  9639  9639 I Finsky  : [2] DL: Data loader session turned off due to Incremental install not requested: com.google.android.youtube
04-04 22:25:22.935  9660  9964 I Finsky:background: [85] DSC::L: Updating listener DownloadServiceManagerListener::amrb@a9d5272 for download <14:QUEUED with WAITING_FOR_START:0%[0%]>
04-04 22:25:22.936  9660  9964 I Finsky:background: [85] DSC::L: Updating listener ucj@927ef28 for download <14:QUEUED with WAITING_FOR_START:0%[0%]>
04-04 22:25:22.942  9660  9754 I Finsky:background: [60] RM: getStatus resourceRequestId=78fdc9e2-8cdb-4da8-8f4b-2a30e02cd6c7 requestId=13 package=com.google.android.youtube artifact=config.en isid=r-sGlrLOR5epqrt2tmCi7g
04-04 22:25:22.942  9660  9754 I Finsky:background: [60] DSC: reviveDownload(13)
04-04 22:25:22.947  9660 10371 D TrafficStats: tagSocket(141) with statsTag=0xffffffff, statsUid=-1
04-04 22:25:22.951  9639  9639 I Finsky  : [2] IQ::HLD: if pauseAppUpdates is called now, it must wait for these ongoing installs: [[Package:com.google.android.youtube, isid:r-sGlrLOR5epqrt2tmCi7g] state:DOWNLOADING]
04-04 22:25:22.951  9660  9754 I Finsky:background: [60] DS: reviveDownload(request_id=13)
04-04 22:25:22.960  9660  9742 I Finsky:background: [56] RM: getStatus resourceRequestId=78fdc9e2-8cdb-4da8-8f4b-2a30e02cd6c7 requestId=13 package=com.google.android.youtube artifact=config.en isid=r-sGlrLOR5epqrt2tmCi7g
04-04 22:25:22.960  9660  9742 I Finsky:background: [56] DSC: reviveDownload(13)
04-04 22:25:22.968  9660  9742 I Finsky:background: [56] DS: reviveDownload(request_id=13)
04-04 22:25:22.971  9660  9752 I Finsky:background: [59] DSC: enqueue()
04-04 22:25:22.983  9660  9964 I Finsky:background: [85] DS::IDC: updateWith: <14:QUEUED with WAITING_FOR_START:0%[0%]>
04-04 22:25:23.011  9660  9964 I Finsky:background: [85] DS: DS: onReviveDownload(request_id=13, files_to_download=[config.en(size:70788)], context[group_id=com.google.android.youtube:r-sGlrLOR5epqrt2tmCi7g], display_data[invisible=true, title=Required app update], network_restrictions=ANY_NETWORK status=running, bytes_downloaded=0, total_bytes=70788, retry[count=0, next_retry=n/a])
04-04 22:25:23.023  9660  9754 I Finsky:background: [60] RM: new request resourceRequestId=4e647fc9-7474-481b-952c-e5e82258c8f8 requestId=14 package=com.google.android.youtube artifact=config.x86_64 isid=r-sGlrLOR5epqrt2tmCi7g
04-04 22:25:23.025  9660  9964 I Finsky:background: [85] DS: DS: onReviveDownload(request_id=13, files_to_download=[config.en(size:70788)], context[group_id=com.google.android.youtube:r-sGlrLOR5epqrt2tmCi7g], display_data[invisible=true, title=Required app update], network_restrictions=ANY_NETWORK status=running, bytes_downloaded=0, total_bytes=70788, retry[count=0, next_retry=n/a])
04-04 22:25:23.042  9660  9660 I Finsky:background: [2] RF: onProgress request_id=13 isid=r-sGlrLOR5epqrt2tmCi7g
04-04 22:25:23.042  9660  9660 I Finsky:background: [2] RF: resourceStatus for request_id=13 group=com.google.android.youtube artifact=config.en collectedBytes= 0 / 70788
04-04 22:25:23.042  9660  9660 I Finsky:background: [2] RF: Group=com.google.android.youtube totalBytesDownloaded= 0 / 50239527 for 2 artifacts
04-04 22:25:23.060  9660  9964 I Finsky:background: [85] DS: request_id=16 generated with shared preferences
04-04 22:25:23.060  9660  9964 I Finsky:background: [85] DS: enqueue(request_id=16, files_to_download=[config.xxhdpi(size:2159484)], context[group_id=com.google.android.youtube:r-sGlrLOR5epqrt2tmCi7g], display_data[invisible=true, title=Required app update], network_restrictions=ANY_NETWORK
04-04 22:25:23.062  9660  9964 I Finsky:background: [85] DSC::L: Update all listeners for download <14:RUNNING:0%[0%]> in group com.google.android.youtube:r-sGlrLOR5epqrt2tmCi7g
04-04 22:25:23.062  9660  9964 I Finsky:background: [85] DSC::L: Updating listener DownloadServiceManagerListener::rzy@5aab94b for download <14:RUNNING:0%[0%]>
04-04 22:25:23.072  9660  9660 I Finsky:background: [2] RF: Preventing total bytes update to listeners
04-04 22:25:23.072  9660  9964 I Finsky:background: [85] DSC::L: Updating listener DownloadServiceManagerListener::amrb@a9d5272 for download <14:RUNNING:0%[0%]>
04-04 22:25:23.073  9660  9964 I Finsky:background: [85] DS: Received onProgress request_id=14
04-04 22:25:23.077  9660  9752 I Finsky:background: [59] RM: getStatus resourceRequestId=4e647fc9-7474-481b-952c-e5e82258c8f8 requestId=14 package=com.google.android.youtube artifact=config.x86_64 isid=r-sGlrLOR5epqrt2tmCi7g
04-04 22:25:23.077  9660  9752 I Finsky:background: [59] DSC: reviveDownload(14)
04-04 22:25:23.078  9660  9964 I Finsky:background: [85] RM: receive resource status onProgress download_request_id=14, group_id=config.x86_64 reason: rapid_auto_update isid: r-sGlrLOR5epqrt2tmCi7g, status_code=RESOURCE_STATUS_IN_PROGRESS, legacy_status_code=192, size: 0/24667829
04-04 22:25:23.080  9660  9964 I Finsky:background: [85] DSC::L: Updating listener ucj@927ef28 for download <14:RUNNING:0%[0%]>
04-04 22:25:23.080  9660  9964 I Finsky:background: [85] DS::IDC: updateWith: <14:RUNNING:0%[0%]>
04-04 22:25:23.081  9660  9964 I Finsky:background: [85] DS::OK: Using OkHttp.
04-04 22:25:23.082  9660  9754 I Finsky:background: [60] DS: reviveDownload(request_id=14)
04-04 22:25:23.090  9660  9742 I Finsky:background: [56] RM: getStatus resourceRequestId=4e647fc9-7474-481b-952c-e5e82258c8f8 requestId=14 package=com.google.android.youtube artifact=config.x86_64 isid=r-sGlrLOR5epqrt2tmCi7g
04-04 22:25:23.091  9660  9742 I Finsky:background: [56] DSC: reviveDownload(14)
04-04 22:25:23.092  9660 10371 I Finsky:background: [123] DS::OK: networkInterceptor
04-04 22:25:23.094  9660  9752 I Finsky:background: [59] DS: reviveDownload(request_id=14)
04-04 22:25:23.115  9660  9964 I Finsky:background: [85] DS: Current runningDownloadsCount: 2, maxSimultaneousDownloads: 4
04-04 22:25:23.116  9660  9964 I Finsky:background: [85] DS: Incremented runningDownloadsCount to: 3
04-04 22:25:23.118  9660  9964 I Finsky:background: [85] DS: DS: onReviveDownload(request_id=14, files_to_download=[config.x86_64(size:24667829)], context[group_id=com.google.android.youtube:r-sGlrLOR5epqrt2tmCi7g], display_data[invisible=true, title=Required app update], network_restrictions=ANY_NETWORK status=running, bytes_downloaded=0, total_bytes=24667829, retry[count=0, next_retry=n/a])
04-04 22:25:23.127  9660 10375 I Finsky:background: [124] DS::OK: networkInterceptor
04-04 22:25:23.136  9660  9964 I Finsky:background: [85] DS: DS: onReviveDownload(request_id=14, files_to_download=[config.x86_64(size:24667829)], context[group_id=com.google.android.youtube:r-sGlrLOR5epqrt2tmCi7g], display_data[invisible=true, title=Required app update], network_restrictions=ANY_NETWORK status=running, bytes_downloaded=0, total_bytes=24667829, retry[count=0, next_retry=n/a])
04-04 22:25:23.144  9660  9660 I Finsky:background: [2] RF: onProgress request_id=14 isid=r-sGlrLOR5epqrt2tmCi7g
04-04 22:25:23.145  9660  9660 I Finsky:background: [2] RF: resourceStatus for request_id=14 group=com.google.android.youtube artifact=config.x86_64 collectedBytes= 0 / 24667829
04-04 22:25:23.145  9660  9660 I Finsky:background: [2] RF: Group=com.google.android.youtube totalBytesDownloaded= 0 / 50239527 for 3 artifacts
04-04 22:25:23.148  9660  9964 I Finsky:background: [85] DS: enqueue with parallel downloads (request_id=15,groupId=com.google.android.youtube:r-sGlrLOR5epqrt2tmCi7g)
04-04 22:25:23.153  9660  9964 I Finsky:background: [85] DS::OK: download(15)
04-04 22:25:23.156  9660  9964 I Finsky:background: [85] DSC::L: Update all listeners for download <15:QUEUED with WAITING_FOR_START:0%[0%]> in group com.google.android.youtube:r-sGlrLOR5epqrt2tmCi7g
04-04 22:25:23.158  9660  9964 I Finsky:background: [85] DSC::L: Updating listener DownloadServiceManagerListener::rzy@5aab94b for download <15:QUEUED with WAITING_FOR_START:0%[0%]>
04-04 22:25:23.159  9660  9964 I Finsky:background: [85] DSC::L: Updating listener DownloadServiceManagerListener::amrb@a9d5272 for download <15:QUEUED with WAITING_FOR_START:0%[0%]>
04-04 22:25:23.159  9660  9964 I Finsky:background: [85] DSC::L: Updating listener ucj@927ef28 for download <15:QUEUED with WAITING_FOR_START:0%[0%]>
04-04 22:25:23.159  9660  9964 I Finsky:background: [85] DS::IDC: updateWith: <15:QUEUED with WAITING_FOR_START:0%[0%]>
04-04 22:25:23.168  9660  9660 I Finsky:background: [2] RF: Preventing total bytes update to listeners
04-04 22:25:23.190  9660  9754 I Finsky:background: [60] RM: new request resourceRequestId=56e4433f-efed-495a-9b5a-e8287b88e4ae requestId=15 package=com.google.android.youtube artifact=com.google.android.youtube.apk isid=r-sGlrLOR5epqrt2tmCi7g
04-04 22:25:23.200  9660 10375 D TrafficStats: tagSocket(148) with statsTag=0xffffffff, statsUid=-1
04-04 22:25:23.235  9660  9964 I Finsky:background: [85] DSC::L: Update all listeners for download <12:RUNNING:0%[0%]> in group com.google.android.youtube:r-sGlrLOR5epqrt2tmCi7g
04-04 22:25:23.249  9660  9964 I Finsky:background: [85] DSC::L: Updating listener DownloadServiceManagerListener::rzy@5aab94b for download <12:RUNNING:0%[0%]>
04-04 22:25:23.250  9660  9964 I Finsky:background: [85] DSC::L: Updating listener DownloadServiceManagerListener::amrb@a9d5272 for download <12:RUNNING:0%[0%]>
04-04 22:25:23.251  9660  9964 I Finsky:background: [85] DS: Received onProgress request_id=12
04-04 22:25:23.253  9660  9964 I Finsky:background: [85] RM: receive resource status onProgress download_request_id=12, group_id=com.google.android.youtube.dm reason: rapid_auto_update isid: r-sGlrLOR5epqrt2tmCi7g, status_code=RESOURCE_STATUS_IN_PROGRESS, legacy_status_code=192, size: 0/493054
04-04 22:25:23.253  9660  9964 I Finsky:background: [85] DSC::L: Updating listener ucj@927ef28 for download <12:RUNNING:0%[0%]>
04-04 22:25:23.254  9660  9964 I Finsky:background: [85] DS::IDC: updateWith: <12:RUNNING:0%[0%]>
04-04 22:25:23.271  9660  9742 I Finsky:background: [56] RM: getStatus resourceRequestId=04711fec-d96f-49b3-a658-1d283e5cffd2 requestId=12 package=com.google.android.youtube artifact=com.google.android.youtube.dm isid=r-sGlrLOR5epqrt2tmCi7g
04-04 22:25:23.271  9660  9742 I Finsky:background: [56] DSC: reviveDownload(12)
04-04 22:25:23.282  9660  9742 I Finsky:background: [56] RM: getStatus resourceRequestId=56e4433f-efed-495a-9b5a-e8287b88e4ae requestId=15 package=com.google.android.youtube artifact=com.google.android.youtube.apk isid=r-sGlrLOR5epqrt2tmCi7g
04-04 22:25:23.283  9660  9742 I Finsky:background: [56] DSC: reviveDownload(15)
04-04 22:25:23.287  9660  9752 I Finsky:background: [59] DS: reviveDownload(request_id=12)
04-04 22:25:23.288  9660  9742 I Finsky:background: [56] DS: reviveDownload(request_id=15)
04-04 22:25:23.290  9660  9964 I Finsky:background: [85] DS: DS: onReviveDownload(request_id=12, files_to_download=[com.google.android.youtube.dm(size:493054)], context[group_id=com.google.android.youtube:r-sGlrLOR5epqrt2tmCi7g], display_data[invisible=true, title=Required app update], network_restrictions=ANY_NETWORK status=running, bytes_downloaded=493054, total_bytes=493054, retry[count=0, next_retry=n/a])
04-04 22:25:23.301  9660  9964 I Finsky:background: [85] DS: DS: onReviveDownload(request_id=15, files_to_download=[com.google.android.youtube.apk(size:22848372)], context[group_id=com.google.android.youtube:r-sGlrLOR5epqrt2tmCi7g], display_data[invisible=true, title=Required app update], network_restrictions=ANY_NETWORK status=queued[1], bytes_downloaded=0, total_bytes=22848372, retry[count=0, next_retry=n/a])
04-04 22:25:23.310  9660  9660 I Finsky:background: [2] RF: onProgress request_id=12 isid=r-sGlrLOR5epqrt2tmCi7g
04-04 22:25:23.310  9660  9660 I Finsky:background: [2] RF: resourceStatus for request_id=12 group=com.google.android.youtube artifact=com.google.android.youtube.dm collectedBytes= 493054 / 493054
04-04 22:25:23.310  9660  9660 I Finsky:background: [2] RF: Group=com.google.android.youtube totalBytesDownloaded= 493054 / 50239527 for 3 artifacts
04-04 22:25:23.312  9660 10375 I Finsky:background: [124] DS::OK: networkInterceptor
04-04 22:25:23.327  9660  9964 I Finsky:background: [85] DSC::L: Update all listeners for download <12:RUNNING:100%[100%]> in group com.google.android.youtube:r-sGlrLOR5epqrt2tmCi7g
04-04 22:25:23.331  9660  9964 I Finsky:background: [85] DSC::L: Updating listener DownloadServiceManagerListener::rzy@5aab94b for download <12:RUNNING:100%[100%]>
04-04 22:25:23.333  9660  9964 I Finsky:background: [85] DSC::L: Updating listener DownloadServiceManagerListener::amrb@a9d5272 for download <12:RUNNING:100%[100%]>
04-04 22:25:23.335  9660  9964 I Finsky:background: [85] DS: Received onProgress request_id=12
04-04 22:25:23.339  9660  9964 I Finsky:background: [85] RM: receive resource status onProgress download_request_id=12, group_id=com.google.android.youtube.dm reason: rapid_auto_update isid: r-sGlrLOR5epqrt2tmCi7g, status_code=RESOURCE_STATUS_IN_PROGRESS, legacy_status_code=192, size: 493054/493054
04-04 22:25:23.341  9660  9964 I Finsky:background: [85] DSC::L: Updating listener ucj@927ef28 for download <12:RUNNING:100%[100%]>
04-04 22:25:23.342  9660  9964 I Finsky:background: [85] DS::IDC: updateWith: <12:RUNNING:100%[100%]>
04-04 22:25:23.343  9660  9754 I Finsky:background: [60] RM: getStatus resourceRequestId=04711fec-d96f-49b3-a658-1d283e5cffd2 requestId=12 package=com.google.android.youtube artifact=com.google.android.youtube.dm isid=r-sGlrLOR5epqrt2tmCi7g
04-04 22:25:23.343  9660  9754 I Finsky:background: [60] DSC: reviveDownload(12)
04-04 22:25:23.349  9660  9752 I Finsky:background: [59] DS: reviveDownload(request_id=12)
04-04 22:25:23.357  9660  9964 I Finsky:background: [85] DSC::L: Update all listeners for download <15:RUNNING:0%[0%]> in group com.google.android.youtube:r-sGlrLOR5epqrt2tmCi7g
04-04 22:25:23.358  9660  9660 I Finsky:background: [2] RF: Preventing total bytes update to listeners
04-04 22:25:23.359  9660  9964 I Finsky:background: [85] DSC::L: Updating listener DownloadServiceManagerListener::rzy@5aab94b for download <15:RUNNING:0%[0%]>
04-04 22:25:23.359  9660  9964 I Finsky:background: [85] DSC::L: Updating listener DownloadServiceManagerListener::amrb@a9d5272 for download <15:RUNNING:0%[0%]>
04-04 22:25:23.359  9660  9964 I Finsky:background: [85] DS: Received onProgress request_id=15
04-04 22:25:23.365  9660  9964 I Finsky:background: [85] RM: receive resource status onProgress download_request_id=15, group_id=com.google.android.youtube.apk reason: rapid_auto_update isid: r-sGlrLOR5epqrt2tmCi7g, status_code=RESOURCE_STATUS_IN_PROGRESS, legacy_status_code=192, size: 0/22848372
04-04 22:25:23.367  9660  9964 I Finsky:background: [85] DSC::L: Updating listener ucj@927ef28 for download <15:RUNNING:0%[0%]>
04-04 22:25:23.372  9660  9964 I Finsky:background: [85] DS::IDC: updateWith: <15:RUNNING:0%[0%]>
04-04 22:25:23.375  9660  9742 I Finsky:background: [56] RM: getStatus resourceRequestId=56e4433f-efed-495a-9b5a-e8287b88e4ae requestId=15 package=com.google.android.youtube artifact=com.google.android.youtube.apk isid=r-sGlrLOR5epqrt2tmCi7g
04-04 22:25:23.375  9660  9742 I Finsky:background: [56] DSC: reviveDownload(15)
04-04 22:25:23.376  9660  9964 I Finsky:background: [85] DS::OK: Using OkHttp.
04-04 22:25:23.379  9660  9964 I Finsky:background: [85] DS: Current runningDownloadsCount: 3, maxSimultaneousDownloads: 4
04-04 22:25:23.379  9660  9964 I Finsky:background: [85] DS: Incremented runningDownloadsCount to: 4
04-04 22:25:23.379  9660  9742 I Finsky:background: [56] DS: reviveDownload(request_id=15)
04-04 22:25:23.380  9660  9964 I Finsky:background: [85] DS: DS: onReviveDownload(request_id=12, files_to_download=[com.google.android.youtube.dm(size:493054)], context[group_id=com.google.android.youtube:r-sGlrLOR5epqrt2tmCi7g], display_data[invisible=true, title=Required app update], network_restrictions=ANY_NETWORK status=running, bytes_downloaded=493054, total_bytes=493054, retry[count=0, next_retry=n/a])
04-04 22:25:23.385  9660  9964 I Finsky:background: [85] DS: DS: onReviveDownload(request_id=15, files_to_download=[com.google.android.youtube.apk(size:22848372)], context[group_id=com.google.android.youtube:r-sGlrLOR5epqrt2tmCi7g], display_data[invisible=true, title=Required app update], network_restrictions=ANY_NETWORK status=running, bytes_downloaded=0, total_bytes=22848372, retry[count=0, next_retry=n/a])
04-04 22:25:23.389  9660  9660 I Finsky:background: [2] RF: onProgress request_id=12 isid=r-sGlrLOR5epqrt2tmCi7g
04-04 22:25:23.389  9660  9660 I Finsky:background: [2] RF: resourceStatus for request_id=12 group=com.google.android.youtube artifact=com.google.android.youtube.dm collectedBytes= 493054 / 493054
04-04 22:25:23.389  9660  9660 I Finsky:background: [2] RF: Group=com.google.android.youtube totalBytesDownloaded= 493054 / 50239527 for 3 artifacts
04-04 22:25:23.389  9660  9677 I ding:background: Background young concurrent copying GC freed 114339(5929KB) AllocSpace objects, 13(708KB) LOS objects, 32% free, 12MB/18MB, paused 1.633ms,4.779ms total 156.629ms
04-04 22:25:23.393  9660  9660 I Finsky:background: [2] RF: Preventing total bytes update to listeners
04-04 22:25:23.395  9660 10371 I Finsky:background: [123] DS::OK: networkInterceptor
04-04 22:25:23.406  9660  9964 I Finsky:background: [85] DS: Decremented runningDownloadsCount to: 3
04-04 22:25:23.406  9660  9964 I Finsky:background: [85] DS: Current runningDownloadsCount: 3, maxSimultaneousDownloads: 4
04-04 22:25:23.407  9660  9660 I Finsky:background: [2] RF: onProgress request_id=15 isid=r-sGlrLOR5epqrt2tmCi7g
04-04 22:25:23.408  9660  9660 I Finsky:background: [2] RF: resourceStatus for request_id=15 group=com.google.android.youtube artifact=com.google.android.youtube.apk collectedBytes= 0 / 22848372
04-04 22:25:23.408  9660  9660 I Finsky:background: [2] RF: Group=com.google.android.youtube totalBytesDownloaded= 493054 / 50239527 for 4 artifacts
04-04 22:25:23.410  9660  9964 I Finsky:background: [85] DSC::L: Update all listeners for download <12:SUCCEEDED> in group com.google.android.youtube:r-sGlrLOR5epqrt2tmCi7g
04-04 22:25:23.410  9660  9964 I Finsky:background: [85] DSC::L: Updating listener DownloadServiceManagerListener::rzy@5aab94b for download <12:SUCCEEDED>
04-04 22:25:23.410  9660  9964 I Finsky:background: [85] DSC::L: Updating listener DownloadServiceManagerListener::amrb@a9d5272 for download <12:SUCCEEDED>
04-04 22:25:23.411  9660  9964 I Finsky:background: [85] RM: receive resource status onSuccess com.google.android.youtube.dm reason: rapid_auto_update isid: r-sGlrLOR5epqrt2tmCi7g, 3, 200, size: 493054/493054
04-04 22:25:23.411  9660  9964 I Finsky:background: [85] DSC::L: Updating listener ucj@927ef28 for download <12:SUCCEEDED>
04-04 22:25:23.411  9660  9964 I Finsky:background: [85] DS::IDC: updateWith: <12:SUCCEEDED>
04-04 22:25:23.415  9660  9742 I Finsky:background: [56] RM: getStatus resourceRequestId=04711fec-d96f-49b3-a658-1d283e5cffd2 requestId=12 package=com.google.android.youtube artifact=com.google.android.youtube.dm isid=r-sGlrLOR5epqrt2tmCi7g
04-04 22:25:23.415  9660  9742 I Finsky:background: [56] DSC: reviveDownload(12)
04-04 22:25:23.419  9660  9742 I Finsky:background: [56] DS: reviveDownload(request_id=12)
04-04 22:25:23.423  9660  9660 I Finsky:background: [2] RF: Preventing total bytes update to listeners
04-04 22:25:23.425  9660  9964 I Finsky:background: [85] DS: DS: onReviveDownload(request_id=12, files_to_download=[com.google.android.youtube.dm(size:493054)], context[group_id=com.google.android.youtube:r-sGlrLOR5epqrt2tmCi7g], display_data[invisible=true, title=Required app update], network_restrictions=ANY_NETWORK status=succeeded, bytes_downloaded=493054, total_bytes=493054, retry[count=0, next_retry=n/a])
04-04 22:25:23.442  9660  9660 I Finsky:background: [2] RF: onResourceSuccess request_id=12 isid=r-sGlrLOR5epqrt2tmCi7g
04-04 22:25:23.442  9660  9660 I Finsky:background: [2] RF: resourceStatus for request_id=12 group=com.google.android.youtube artifact=com.google.android.youtube.dm collectedBytes= 493054 / 493054
04-04 22:25:23.443  9660  9660 I Finsky:background: [2] RF: Group=com.google.android.youtube totalBytesDownloaded= 493054 / 50239527 for 4 artifacts
04-04 22:25:23.444  9660  9660 I Finsky:background: [2] bytesCompleted/bytesTotal/ratio = 493054 / 50239527 / 0.009814
04-04 22:25:23.445  9660  9660 I Finsky:background: [2] RF: onSuccess request_id=12 isid=r-sGlrLOR5epqrt2tmCi7g
04-04 22:25:23.445  9660  9660 I Finsky:background: [2] RF: resourceStatus for request_id=12 group=com.google.android.youtube artifact=com.google.android.youtube.dm collectedBytes= 493054 / 493054
04-04 22:25:23.446  9660  9660 I Finsky:background: [2] RF: Group=com.google.android.youtube totalBytesDownloaded= 493054 / 50239527 for 4 artifacts
04-04 22:25:23.459  9660 10337 I Finsky:background: [101] IV2: onTaskProgress com.google.android.youtube[iid:1] [isid:r-sGlrLOR5epqrt2tmCi7g] status:RESOURCE_FETCH_PROGRESS, size: 493054/50239527
04-04 22:25:23.465  9660  9735 I Finsky:background: [53] RF: starting postprocessing for com.google.android.youtube.dm
04-04 22:25:23.471  9660  9735 I Finsky:background: [53] RF::PP-Decompress: starting to decompress for com.google.android.youtube[iid:1] [isid:r-sGlrLOR5epqrt2tmCi7g] [tid: 1000000001].
04-04 22:25:23.476  9660 10371 D TrafficStats: tagSocket(147) with statsTag=0xffffffff, statsUid=-1
04-04 22:25:23.476  9660 10321 I Finsky:background: [95] IQ: Notifying installation update. [Package:com.google.android.youtube, isid:r-sGlrLOR5epqrt2tmCi7g] state:DOWNLOADING, status=DOWNLOADING, status_code=0, reason=rapid_auto_update, tsc=PT37.107S, attempt=0
04-04 22:25:23.490  9660  9964 I Finsky:background: [85] DSC::L: Update all listeners for download <13:RUNNING:0%[0%]> in group com.google.android.youtube:r-sGlrLOR5epqrt2tmCi7g
04-04 22:25:23.491  9660  9964 I Finsky:background: [85] DSC::L: Updating listener DownloadServiceManagerListener::rzy@5aab94b for download <13:RUNNING:0%[0%]>
04-04 22:25:23.492  9660  9964 I Finsky:background: [85] DSC::L: Updating listener DownloadServiceManagerListener::amrb@a9d5272 for download <13:RUNNING:0%[0%]>
04-04 22:25:23.492  9660  9964 I Finsky:background: [85] DS: Received onProgress request_id=13
04-04 22:25:23.493  9660 10394 I Finsky:background: [128] DU: Stored data usage stats for package com.google.android.youtube; completed bytes: 493054.
04-04 22:25:23.509  9660  9964 I Finsky:background: [85] RM: receive resource status onStart config.en reason: rapid_auto_update isid: r-sGlrLOR5epqrt2tmCi7g, 2, 192, size: 0/70788
04-04 22:25:23.512  9660  9750 I Finsky:background: [58] RF::PP-Copy: starting to copy for com.google.android.youtube[iid:1] [isid:r-sGlrLOR5epqrt2tmCi7g] [tid: 1000000001]
04-04 22:25:23.514  9660 10337 I Finsky:background: [101] IV2: onTaskProgress com.google.android.youtube[iid:1] [isid:r-sGlrLOR5epqrt2tmCi7g] status:RESOURCE_FETCH_PROGRESS, size: 493054/50239527
04-04 22:25:23.514  9660  9742 I Finsky:background: [56] RM: getStatus resourceRequestId=78fdc9e2-8cdb-4da8-8f4b-2a30e02cd6c7 requestId=13 package=com.google.android.youtube artifact=config.en isid=r-sGlrLOR5epqrt2tmCi7g
04-04 22:25:23.517  9660  9742 I Finsky:background: [56] DSC: reviveDownload(13)
04-04 22:25:23.519  9660  9964 I Finsky:background: [85] RM: receive resource status onProgress download_request_id=13, group_id=config.en reason: rapid_auto_update isid: r-sGlrLOR5epqrt2tmCi7g, status_code=RESOURCE_STATUS_IN_PROGRESS, legacy_status_code=192, size: 0/70788
04-04 22:25:23.524  9660  9742 I Finsky:background: [56] DS: reviveDownload(request_id=13)
04-04 22:25:23.525  9660  9964 I Finsky:background: [85] DSC::L: Updating listener ucj@927ef28 for download <13:RUNNING:0%[0%]>
04-04 22:25:23.526  9660 10341 I Finsky:background: [105] RF::PP-Copy: Starting copy of com.google.android.youtube.dm
04-04 22:25:23.526  9660 10341 I Finsky:background: [105] RF::PP-Copy: OutputStream opened for com.google.android.youtube.dm
04-04 22:25:23.526  9660  9964 I Finsky:background: [85] DS::IDC: updateWith: <13:RUNNING:0%[0%]>
04-04 22:25:23.527  9660  9754 I Finsky:background: [60] RM: getStatus resourceRequestId=78fdc9e2-8cdb-4da8-8f4b-2a30e02cd6c7 requestId=13 package=com.google.android.youtube artifact=config.en isid=r-sGlrLOR5epqrt2tmCi7g
04-04 22:25:23.535  9660 10341 I Finsky:background: [105] RF::PP-Copy: Start copying from input stream for com.google.android.youtube.dm
04-04 22:25:23.540  9660  9754 I Finsky:background: [60] DSC: reviveDownload(13)
04-04 22:25:23.544  9660  9660 I Finsky:background: [2] PIM: Ignore install package event for: com.google.android.youtube, isid: r-sGlrLOR5epqrt2tmCi7g
04-04 22:25:23.546  9660  9964 I Finsky:background: [85] DS: DS: onReviveDownload(request_id=13, files_to_download=[config.en(size:70788)], context[group_id=com.google.android.youtube:r-sGlrLOR5epqrt2tmCi7g], display_data[invisible=true, title=Required app update], network_restrictions=ANY_NETWORK status=running, bytes_downloaded=70788, total_bytes=70788, retry[count=0, next_retry=n/a])
04-04 22:25:23.565  9660  9660 I Finsky:background: [2] RF: onStart request_id=13 isid=r-sGlrLOR5epqrt2tmCi7g
04-04 22:25:23.574  9660  9754 I Finsky:background: [60] DS: reviveDownload(request_id=13)
04-04 22:25:23.584  9639  9639 I Finsky  : [2] DL: Data loader session turned off due to Incremental install not requested: com.google.android.youtube
04-04 22:25:23.586  9660  9660 I Finsky:background: [2] RF: Preventing total bytes update to listeners
04-04 22:25:23.607  9660  9964 I Finsky:background: [85] DSC::L: Update all listeners for download <13:RUNNING:100%[100%]> in group com.google.android.youtube:r-sGlrLOR5epqrt2tmCi7g
04-04 22:25:23.616  9639  9639 I Finsky  : [2] IQ::HLD: if pauseAppUpdates is called now, it must wait for these ongoing installs: [[Package:com.google.android.youtube, isid:r-sGlrLOR5epqrt2tmCi7g] state:DOWNLOADING]
04-04 22:25:23.617  9660  9964 I Finsky:background: [85] DSC::L: Updating listener DownloadServiceManagerListener::rzy@5aab94b for download <13:RUNNING:100%[100%]>
04-04 22:25:23.617  9660  9964 I Finsky:background: [85] DSC::L: Updating listener DownloadServiceManagerListener::amrb@a9d5272 for download <13:RUNNING:100%[100%]>
04-04 22:25:23.618  9660  9964 I Finsky:background: [85] DS: Received onProgress request_id=13
04-04 22:25:23.618  9660  9964 I Finsky:background: [85] RM: receive resource status onProgress download_request_id=13, group_id=config.en reason: rapid_auto_update isid: r-sGlrLOR5epqrt2tmCi7g, status_code=RESOURCE_STATUS_IN_PROGRESS, legacy_status_code=192, size: 70788/70788
04-04 22:25:23.627  9660 10321 I Finsky:background: [95] IQ: Notifying installation update. [Package:com.google.android.youtube, isid:r-sGlrLOR5epqrt2tmCi7g] state:DOWNLOADING, status=DOWNLOADING, status_code=0, reason=rapid_auto_update, tsc=PT37.258S, attempt=0
04-04 22:25:23.631  9660  9964 I Finsky:background: [85] DSC::L: Updating listener ucj@927ef28 for download <13:RUNNING:100%[100%]>
04-04 22:25:23.631  9660  9964 I Finsky:background: [85] DS::IDC: updateWith: <13:RUNNING:100%[100%]>
04-04 22:25:23.634  9660  9964 I Finsky:background: [85] DS: DS: onReviveDownload(request_id=13, files_to_download=[config.en(size:70788)], context[group_id=com.google.android.youtube:r-sGlrLOR5epqrt2tmCi7g], display_data[invisible=true, title=Required app update], network_restrictions=ANY_NETWORK status=running, bytes_downloaded=70788, total_bytes=70788, retry[count=0, next_retry=n/a])
04-04 22:25:23.639  9660  9660 I Finsky:background: [2] RF: onProgress request_id=13 isid=r-sGlrLOR5epqrt2tmCi7g
04-04 22:25:23.642  9660  9660 I Finsky:background: [2] RF: resourceStatus for request_id=13 group=com.google.android.youtube artifact=config.en collectedBytes= 70788 / 70788
04-04 22:25:23.642  9660  9660 I Finsky:background: [2] RF: Group=com.google.android.youtube totalBytesDownloaded= 563842 / 50239527 for 4 artifacts
04-04 22:25:23.645  9660  9660 I Finsky:background: [2] RF: Preventing total bytes update to listeners
04-04 22:25:23.652  9660  9742 I Finsky:background: [56] RM: getStatus resourceRequestId=78fdc9e2-8cdb-4da8-8f4b-2a30e02cd6c7 requestId=13 package=com.google.android.youtube artifact=config.en isid=r-sGlrLOR5epqrt2tmCi7g
04-04 22:25:23.652  9660 10341 I Finsky:background: [105] RF::PP-Copy: Finished copying from input stream for com.google.android.youtube.dm
04-04 22:25:23.656  9660  9742 I Finsky:background: [56] DSC: reviveDownload(13)
04-04 22:25:23.661  9660  9742 I Finsky:background: [56] DS: reviveDownload(request_id=13)
04-04 22:25:23.668  9660 10371 I Finsky:background: [123] DS::OK: networkInterceptor
04-04 22:25:23.673  9660  9964 I Finsky:background: [85] DS: DS: onReviveDownload(request_id=13, files_to_download=[config.en(size:70788)], context[group_id=com.google.android.youtube:r-sGlrLOR5epqrt2tmCi7g], display_data[invisible=true, title=Required app update], network_restrictions=ANY_NETWORK status=running, bytes_downloaded=70788, total_bytes=70788, retry[count=0, next_retry=n/a])
04-04 22:25:23.683  9660  9964 I Finsky:background: [85] DS: enqueue with parallel downloads (request_id=16,groupId=com.google.android.youtube:r-sGlrLOR5epqrt2tmCi7g)
04-04 22:25:23.683  9660  9964 I Finsky:background: [85] DS::OK: download(16)
04-04 22:25:23.693  9660  9964 I Finsky:background: [85] DSC::L: Update all listeners for download <16:QUEUED with WAITING_FOR_START:0%[0%]> in group com.google.android.youtube:r-sGlrLOR5epqrt2tmCi7g
04-04 22:25:23.693  9660  9964 I Finsky:background: [85] DSC::L: Updating listener DownloadServiceManagerListener::rzy@5aab94b for download <16:QUEUED with WAITING_FOR_START:0%[0%]>
04-04 22:25:23.694  9660  9964 I Finsky:background: [85] DSC::L: Updating listener DownloadServiceManagerListener::amrb@a9d5272 for download <16:QUEUED with WAITING_FOR_START:0%[0%]>
04-04 22:25:23.694  9660  9964 I Finsky:background: [85] DSC::L: Updating listener ucj@927ef28 for download <16:QUEUED with WAITING_FOR_START:0%[0%]>
04-04 22:25:23.695  9660  9964 I Finsky:background: [85] DS::IDC: updateWith: <16:QUEUED with WAITING_FOR_START:0%[0%]>
04-04 22:25:23.695  9660  9660 I Finsky:background: [2] RF: onProgress request_id=13 isid=r-sGlrLOR5epqrt2tmCi7g
04-04 22:25:23.695  9660  9660 I Finsky:background: [2] RF: resourceStatus for request_id=13 group=com.google.android.youtube artifact=config.en collectedBytes= 70788 / 70788
04-04 22:25:23.695  9660  9660 I Finsky:background: [2] RF: Group=com.google.android.youtube totalBytesDownloaded= 563842 / 50239527 for 4 artifacts
04-04 22:25:23.697  9660  9660 I Finsky:background: [2] RF: Preventing total bytes update to listeners
04-04 22:25:23.707  9660  9754 I Finsky:background: [60] RM: new request resourceRequestId=bda94b5d-3fc3-40cc-b71d-d2861bb596b1 requestId=16 package=com.google.android.youtube artifact=config.xxhdpi isid=r-sGlrLOR5epqrt2tmCi7g
04-04 22:25:23.744  9660  9743 I Finsky:background: [57] RF::PP-Verify: starting to verify for com.google.android.youtube[iid:1] [isid:r-sGlrLOR5epqrt2tmCi7g] [tid: 1000000001].
04-04 22:25:23.758  9660  9660 I Finsky:background: [2] PIM: Ignore install package event for: com.google.android.youtube, isid: r-sGlrLOR5epqrt2tmCi7g
04-04 22:25:23.771  9639  9639 I Finsky  : [2] DL: Data loader session turned off due to Incremental install not requested: com.google.android.youtube
04-04 22:25:23.772  9660  9964 I Finsky:background: [85] DS: Decremented runningDownloadsCount to: 2
04-04 22:25:23.772  9660  9964 I Finsky:background: [85] DS: Current runningDownloadsCount: 2, maxSimultaneousDownloads: 4
04-04 22:25:23.788  9660  9964 I Finsky:background: [85] DSC::L: Update all listeners for download <13:SUCCEEDED> in group com.google.android.youtube:r-sGlrLOR5epqrt2tmCi7g
04-04 22:25:23.791  9660  9964 I Finsky:background: [85] DSC::L: Updating listener DownloadServiceManagerListener::rzy@5aab94b for download <13:SUCCEEDED>
04-04 22:25:23.795  9660  9964 I Finsky:background: [85] DSC::L: Updating listener DownloadServiceManagerListener::amrb@a9d5272 for download <13:SUCCEEDED>
04-04 22:25:23.799  9660  9964 I Finsky:background: [85] RM: receive resource status onSuccess config.en reason: rapid_auto_update isid: r-sGlrLOR5epqrt2tmCi7g, 3, 200, size: 70788/70788
04-04 22:25:23.799  9660  9964 I Finsky:background: [85] DSC::L: Updating listener ucj@927ef28 for download <13:SUCCEEDED>
04-04 22:25:23.800  9660  9964 I Finsky:background: [85] DS::IDC: updateWith: <13:SUCCEEDED>
04-04 22:25:23.814  9639  9639 I Finsky  : [2] IQ::HLD: if pauseAppUpdates is called now, it must wait for these ongoing installs: [[Package:com.google.android.youtube, isid:r-sGlrLOR5epqrt2tmCi7g] state:DOWNLOADING]
04-04 22:25:23.833  9660  9742 I Finsky:background: [56] RM: getStatus resourceRequestId=78fdc9e2-8cdb-4da8-8f4b-2a30e02cd6c7 requestId=13 package=com.google.android.youtube artifact=config.en isid=r-sGlrLOR5epqrt2tmCi7g
04-04 22:25:23.850  9660  9742 I Finsky:background: [56] DSC: reviveDownload(13)
04-04 22:25:23.859  9660  9740 I Finsky:background: [55] RM: remove resources for request 04711fec-d96f-49b3-a658-1d283e5cffd2
04-04 22:25:23.866  7261  7261 D BoundBrokerSvc: onUnbind: Intent { act=com.google.android.gms.auth.account.data.service.START pkg=com.google.android.gms }
04-04 22:25:23.868  9660  9754 I Finsky:background: [60] RM: remove resourceRequestId=04711fec-d96f-49b3-a658-1d283e5cffd2 requestId=12 package=com.google.android.youtube artifact=com.google.android.youtube.dm isid=r-sGlrLOR5epqrt2tmCi7g
04-04 22:25:23.868  9660  9752 I Finsky:background: [59] RM: getStatus resourceRequestId=bda94b5d-3fc3-40cc-b71d-d2861bb596b1 requestId=16 package=com.google.android.youtube artifact=config.xxhdpi isid=r-sGlrLOR5epqrt2tmCi7g
04-04 22:25:23.868  9660  9754 I Finsky:background: [60] DSC: remove(12)
04-04 22:25:23.868  9660  9752 I Finsky:background: [59] DSC: reviveDownload(16)
04-04 22:25:23.880  9660  9742 I Finsky:background: [56] DS: reviveDownload(request_id=13)
04-04 22:25:23.882  9660  9742 I Finsky:background: [56] DS: reviveDownload(request_id=16)
04-04 22:25:23.882  9660 10394 I Finsky:background: [128] DU: Stored data usage stats for package com.google.android.youtube; completed bytes: 70788.
04-04 22:25:23.885  9660  9742 I Finsky:background: [56] DS: remove(request_id=12)
04-04 22:25:23.904  9660  9964 I Finsky:background: [85] DSC::L: Update all listeners for download <14:RUNNING:0%[0%]> in group com.google.android.youtube:r-sGlrLOR5epqrt2tmCi7g
04-04 22:25:23.905  9660  9964 I Finsky:background: [85] DSC::L: Updating listener DownloadServiceManagerListener::rzy@5aab94b for download <14:RUNNING:0%[0%]>
04-04 22:25:23.906  9660  9964 I Finsky:background: [85] DSC::L: Updating listener DownloadServiceManagerListener::amrb@a9d5272 for download <14:RUNNING:0%[0%]>
04-04 22:25:23.906  9660  9964 I Finsky:background: [85] DS: Received onProgress request_id=14
04-04 22:25:23.906  9660  9964 I Finsky:background: [85] RM: receive resource status onStart config.x86_64 reason: rapid_auto_update isid: r-sGlrLOR5epqrt2tmCi7g, 2, 192, size: 0/24667829
04-04 22:25:23.925  9660  9964 I Finsky:background: [85] RM: receive resource status onProgress download_request_id=14, group_id=config.x86_64 reason: rapid_auto_update isid: r-sGlrLOR5epqrt2tmCi7g, status_code=RESOURCE_STATUS_IN_PROGRESS, legacy_status_code=192, size: 0/24667829
04-04 22:25:23.926  9660  9964 I Finsky:background: [85] DSC::L: Updating listener ucj@927ef28 for download <14:RUNNING:0%[0%]>
04-04 22:25:23.926  9660  9964 I Finsky:background: [85] DS::IDC: updateWith: <14:RUNNING:0%[0%]>
04-04 22:25:23.932  9660  9742 I Finsky:background: [56] RM: getStatus resourceRequestId=4e647fc9-7474-481b-952c-e5e82258c8f8 requestId=14 package=com.google.android.youtube artifact=config.x86_64 isid=r-sGlrLOR5epqrt2tmCi7g
04-04 22:25:23.932  9660  9742 I Finsky:background: [56] DSC: reviveDownload(14)
04-04 22:25:23.932  9660  9964 I Finsky:background: [85] DS: DS: onReviveDownload(request_id=13, files_to_download=[config.en(size:70788)], context[group_id=com.google.android.youtube:r-sGlrLOR5epqrt2tmCi7g], display_data[invisible=true, title=Required app update], network_restrictions=ANY_NETWORK status=succeeded, bytes_downloaded=70788, total_bytes=70788, retry[count=0, next_retry=n/a])
04-04 22:25:23.946  9660  9742 I Finsky:background: [56] RM: getStatus resourceRequestId=4e647fc9-7474-481b-952c-e5e82258c8f8 requestId=14 package=com.google.android.youtube artifact=config.x86_64 isid=r-sGlrLOR5epqrt2tmCi7g
04-04 22:25:23.947  9660  9742 I Finsky:background: [56] DSC: reviveDownload(14)
04-04 22:25:23.950  9660  9742 I Finsky:background: [56] DS: reviveDownload(request_id=14)
04-04 22:25:23.951  9660  9964 I Finsky:background: [85] DS: DS: onReviveDownload(request_id=16, files_to_download=[config.xxhdpi(size:2159484)], context[group_id=com.google.android.youtube:r-sGlrLOR5epqrt2tmCi7g], display_data[invisible=true, title=Required app update], network_restrictions=ANY_NETWORK status=queued[1], bytes_downloaded=0, total_bytes=2159484, retry[count=0, next_retry=n/a])
04-04 22:25:23.952  9660  9752 I Finsky:background: [59] DS: reviveDownload(request_id=14)
